W/Trace   (  274): Unexpected value from nativeGetEnabledTags: 0
W/Trace   (  274): Unexpected value from nativeGetEnabledTags: 0
W/Trace   (  274): Unexpected value from nativeGetEnabledTags: 0
W/Trace   (  274): Unexpected value from nativeGetEnabledTags: 0
W/Trace   (  274): Unexpected value from nativeGetEnabledTags: 0
W/Trace   (  274): Unexpected value from nativeGetEnabledTags: 0
W/Trace   (  274): Unexpected value from nativeGetEnabledTags: 0
W/Trace   (  396): Unexpected value from nativeGetEnabledTags: 0
W/Trace   (  396): Unexpected value from nativeGetEnabledTags: 0
W/Trace   (  396): Unexpected value from nativeGetEnabledTags: 0
W/Trace   (  274): Unexpected value from nativeGetEnabledTags: 0
W/Trace   (  274): Unexpected value from nativeGetEnabledTags: 0
W/Trace   (  274): Unexpected value from nativeGetEnabledTags: 0
W/Trace   (  274): Unexpected value from nativeGetEnabledTags: 0
W/Trace   (  396): Unexpected value from nativeGetEnabledTags: 0
W/Trace   (  396): Unexpected value from nativeGetEnabledTags: 0
W/Trace   (  274): Unexpected value from nativeGetEnabledTags: 0
W/Trace   (  274): Unexpected value from nativeGetEnabledTags: 0
W/Trace   (  274): Unexpected value from nativeGetEnabledTags: 0
W/Trace   (  274): Unexpected value from nativeGetEnabledTags: 0
W/Trace   (  274): Unexpected value from nativeGetEnabledTags: 0
W/Trace   (  274): Unexpected value from nativeGetEnabledTags: 0
W/ActivityManager(  274): Activity destroy timeout for ActivityRecord{40ee18a8 u0 com.wallpaper.sundial/.Sundial}
W/Trace   (  274): Unexpected value from nativeGetEnabledTags: 0
W/Trace   (  274): Unexpected value from nativeGetEnabledTags: 0
D/ExchangeService(  595): Received deviceId from Email app: null
D/ExchangeService(  595): !!! deviceId unknown; stopping self and retrying
W/Trace   (  595): Unexpected value from nativeGetEnabledTags: 0
D/ExchangeService(  595): !!! EAS ExchangeService, onCreate
W/Trace   (  595): Unexpected value from nativeGetEnabledTags: 0
W/Trace   (  595): Unexpected value from nativeGetEnabledTags: 0
D/ExchangeService(  595): !!! EAS ExchangeService, onStartCommand, startingUp = false, running = false
W/ActivityManager(  274): Unable to start service Intent { act=com.android.email.ACCOUNT_INTENT } U=0: not found
D/ExchangeService(  595): !!! Email application not found; stopping self
W/ActivityManager(  274): Unable to start service Intent { act=com.android.email.ACCOUNT_INTENT } U=0: not found
W/Trace   (  595): Unexpected value from nativeGetEnabledTags: 0
W/Trace   (  595): Unexpected value from nativeGetEnabledTags: 0
D/ExchangeService(  595): !!! EAS ExchangeService, onStartCommand, startingUp = true, running = false
W/Trace   (  595): Unexpected value from nativeGetEnabledTags: 0
W/Trace   (  595): Unexpected value from nativeGetEnabledTags: 0
W/Trace   (  595): Unexpected value from nativeGetEnabledTags: 0
E/ActivityThread(  595): Service com.android.exchange.ExchangeService has leaked ServiceConnection com.android.emailcommon.service.ServiceProxy$ProxyConnection@40d5d100 that was originally bound here
E/ActivityThread(  595): android.app.ServiceConnectionLeaked: Service com.android.exchange.ExchangeService has leaked ServiceConnection com.android.emailcommon.service.ServiceProxy$ProxyConnection@40d5d100 that was originally bound here
E/ActivityThread(  595): 	at android.app.LoadedApk$ServiceDispatcher.<init>(LoadedApk.java:969)
E/ActivityThread(  595): 	at android.app.LoadedApk.getServiceDispatcher(LoadedApk.java:863)
E/ActivityThread(  595): 	at android.app.ContextImpl.bindService(ContextImpl.java:1418)
E/ActivityThread(  595): 	at android.app.ContextImpl.bindService(ContextImpl.java:1407)
E/ActivityThread(  595): 	at android.content.ContextWrapper.bindService(ContextWrapper.java:473)
E/ActivityThread(  595): 	at com.android.emailcommon.service.ServiceProxy.setTask(ServiceProxy.java:157)
E/ActivityThread(  595): 	at com.android.emailcommon.service.ServiceProxy.setTask(ServiceProxy.java:145)
E/ActivityThread(  595): 	at com.android.emailcommon.service.ServiceProxy.test(ServiceProxy.java:191)
E/ActivityThread(  595): 	at com.android.exchange.ExchangeService$7.run(ExchangeService.java:1850)
E/ActivityThread(  595): 	at com.android.emailcommon.utility.Utility$2.doInBackground(Utility.java:551)
E/ActivityThread(  595): 	at com.android.emailcommon.utility.Utility$2.doInBackground(Utility.java:549)
E/ActivityThread(  595): 	at android.os.AsyncTask$2.call(AsyncTask.java:287)
E/ActivityThread(  595): 	at java.util.concurrent.FutureTask.run(FutureTask.java:234)
E/ActivityThread(  595): 	at java.util.concurrent.ThreadPoolExecutor.runWorker(ThreadPoolExecutor.java:1080)
E/ActivityThread(  595): 	at java.util.concurrent.ThreadPoolExecutor$Worker.run(ThreadPoolExecutor.java:573)
E/ActivityThread(  595): 	at java.lang.Thread.run(Thread.java:856)
E/StrictMode(  595): null
E/StrictMode(  595): android.app.ServiceConnectionLeaked: Service com.android.exchange.ExchangeService has leaked ServiceConnection com.android.emailcommon.service.ServiceProxy$ProxyConnection@40d5d100 that was originally bound here
E/StrictMode(  595): 	at android.app.LoadedApk$ServiceDispatcher.<init>(LoadedApk.java:969)
E/StrictMode(  595): 	at android.app.LoadedApk.getServiceDispatcher(LoadedApk.java:863)
E/StrictMode(  595): 	at android.app.ContextImpl.bindService(ContextImpl.java:1418)
E/StrictMode(  595): 	at android.app.ContextImpl.bindService(ContextImpl.java:1407)
E/StrictMode(  595): 	at android.content.ContextWrapper.bindService(ContextWrapper.java:473)
E/StrictMode(  595): 	at com.android.emailcommon.service.ServiceProxy.setTask(ServiceProxy.java:157)
E/StrictMode(  595): 	at com.android.emailcommon.service.ServiceProxy.setTask(ServiceProxy.java:145)
E/StrictMode(  595): 	at com.android.emailcommon.service.ServiceProxy.test(ServiceProxy.java:191)
E/StrictMode(  595): 	at com.android.exchange.ExchangeService$7.run(ExchangeService.java:1850)
E/StrictMode(  595): 	at com.android.emailcommon.utility.Utility$2.doInBackground(Utility.java:551)
E/StrictMode(  595): 	at com.android.emailcommon.utility.Utility$2.doInBackground(Utility.java:549)
E/StrictMode(  595): 	at android.os.AsyncTask$2.call(AsyncTask.java:287)
E/StrictMode(  595): 	at java.util.concurrent.FutureTask.run(FutureTask.java:234)
E/StrictMode(  595): 	at java.util.concurrent.ThreadPoolExecutor.runWorker(ThreadPoolExecutor.java:1080)
E/StrictMode(  595): 	at java.util.concurrent.ThreadPoolExecutor$Worker.run(ThreadPoolExecutor.java:573)
E/StrictMode(  595): 	at java.lang.Thread.run(Thread.java:856)
W/ActivityManager(  274): Unbind failed: could not find connection for android.os.BinderProxy@41035a58
E/ActivityThread(  595): Service com.android.exchange.ExchangeService has leaked ServiceConnection com.android.emailcommon.service.ServiceProxy$ProxyConnection@40cf91a8 that was originally bound here
E/ActivityThread(  595): android.app.ServiceConnectionLeaked: Service com.android.exchange.ExchangeService has leaked ServiceConnection com.android.emailcommon.service.ServiceProxy$ProxyConnection@40cf91a8 that was originally bound here
E/ActivityThread(  595): 	at android.app.LoadedApk$ServiceDispatcher.<init>(LoadedApk.java:969)
E/ActivityThread(  595): 	at android.app.LoadedApk.getServiceDispatcher(LoadedApk.java:863)
E/ActivityThread(  595): 	at android.app.ContextImpl.bindService(ContextImpl.java:1418)
E/ActivityThread(  595): 	at android.app.ContextImpl.bindService(ContextImpl.java:1407)
E/ActivityThread(  595): 	at android.content.ContextWrapper.bindService(ContextWrapper.java:473)
E/ActivityThread(  595): 	at com.android.emailcommon.service.ServiceProxy.setTask(ServiceProxy.java:157)
E/ActivityThread(  595): 	at com.android.emailcommon.service.ServiceProxy.setTask(ServiceProxy.java:145)
E/ActivityThread(  595): 	at com.android.emailcommon.service.AccountServiceProxy.getDeviceId(AccountServiceProxy.java:116)
E/ActivityThread(  595): 	at com.android.exchange.ExchangeService.getDeviceId(ExchangeService.java:1249)
E/ActivityThread(  595): 	at com.android.exchange.ExchangeService$7.run(ExchangeService.java:1856)
E/ActivityThread(  595): 	at com.android.emailcommon.utility.Utility$2.doInBackground(Utility.java:551)
E/ActivityThread(  595): 	at com.android.emailcommon.utility.Utility$2.doInBackground(Utility.java:549)
E/ActivityThread(  595): 	at android.os.AsyncTask$2.call(AsyncTask.java:287)
E/ActivityThread(  595): 	at java.util.concurrent.FutureTask.run(FutureTask.java:234)
E/ActivityThread(  595): 	at java.util.concurrent.ThreadPoolExecutor.runWorker(ThreadPoolExecutor.java:1080)
E/ActivityThread(  595): 	at java.util.concurrent.ThreadPoolExecutor$Worker.run(ThreadPoolExecutor.java:573)
E/ActivityThread(  595): 	at java.lang.Thread.run(Thread.java:856)
E/StrictMode(  595): null
E/StrictMode(  595): android.app.ServiceConnectionLeaked: Service com.android.exchange.ExchangeService has leaked ServiceConnection com.android.emailcommon.service.ServiceProxy$ProxyConnection@40cf91a8 that was originally bound here
E/StrictMode(  595): 	at android.app.LoadedApk$ServiceDispatcher.<init>(LoadedApk.java:969)
E/StrictMode(  595): 	at android.app.LoadedApk.getServiceDispatcher(LoadedApk.java:863)
E/StrictMode(  595): 	at android.app.ContextImpl.bindService(ContextImpl.java:1418)
E/StrictMode(  595): 	at android.app.ContextImpl.bindService(ContextImpl.java:1407)
E/StrictMode(  595): 	at android.content.ContextWrapper.bindService(ContextWrapper.java:473)
E/StrictMode(  595): 	at com.android.emailcommon.service.ServiceProxy.setTask(ServiceProxy.java:157)
E/StrictMode(  595): 	at com.android.emailcommon.service.ServiceProxy.setTask(ServiceProxy.java:145)
E/StrictMode(  595): 	at com.android.emailcommon.service.AccountServiceProxy.getDeviceId(AccountServiceProxy.java:116)
E/StrictMode(  595): 	at com.android.exchange.ExchangeService.getDeviceId(ExchangeService.java:1249)
E/StrictMode(  595): 	at com.android.exchange.ExchangeService$7.run(ExchangeService.java:1856)
E/StrictMode(  595): 	at com.android.emailcommon.utility.Utility$2.doInBackground(Utility.java:551)
E/StrictMode(  595): 	at com.android.emailcommon.utility.Utility$2.doInBackground(Utility.java:549)
E/StrictMode(  595): 	at android.os.AsyncTask$2.call(AsyncTask.java:287)
E/StrictMode(  595): 	at java.util.concurrent.FutureTask.run(FutureTask.java:234)
E/StrictMode(  595): 	at java.util.concurrent.ThreadPoolExecutor.runWorker(ThreadPoolExecutor.java:1080)
E/StrictMode(  595): 	at java.util.concurrent.ThreadPoolExecutor$Worker.run(ThreadPoolExecutor.java:573)
E/StrictMode(  595): 	at java.lang.Thread.run(Thread.java:856)
W/ActivityManager(  274): Unbind failed: could not find connection for android.os.BinderProxy@40f3aba8
W/Trace   (  274): Unexpected value from nativeGetEnabledTags: 0
W/Trace   (  274): Unexpected value from nativeGetEnabledTags: 0
W/Trace   (  274): Unexpected value from nativeGetEnabledTags: 0
W/Trace   (  343): Unexpected value from nativeGetEnabledTags: 0
W/Trace   (  343): Unexpected value from nativeGetEnabledTags: 0
W/Trace   (  274): Unexpected value from nativeGetEnabledTags: 0
W/Trace   (  343): Unexpected value from nativeGetEnabledTags: 0
W/Trace   (  343): Unexpected value from nativeGetEnabledTags: 0
W/Trace   (  343): Unexpected value from nativeGetEnabledTags: 0
W/Trace   (  343): Unexpected value from nativeGetEnabledTags: 0
W/Trace   (  343): Unexpected value from nativeGetEnabledTags: 0
W/Trace   (  343): Unexpected value from nativeGetEnabledTags: 0
W/Trace   (  343): Unexpected value from nativeGetEnabledTags: 0
W/Trace   (  343): Unexpected value from nativeGetEnabledTags: 0
W/Trace   (  343): Unexpected value from nativeGetEnabledTags: 0
W/Trace   (  343): Unexpected value from nativeGetEnabledTags: 0
W/Trace   (  343): Unexpected value from nativeGetEnabledTags: 0
W/Trace   (  343): Unexpected value from nativeGetEnabledTags: 0
W/Trace   (  343): Unexpected value from nativeGetEnabledTags: 0
W/Trace   (  343): Unexpected value from nativeGetEnabledTags: 0
W/Trace   (  343): Unexpected value from nativeGetEnabledTags: 0
W/Trace   (  343): Unexpected value from nativeGetEnabledTags: 0
W/Trace   (  343): Unexpected value from nativeGetEnabledTags: 0
W/Trace   (  343): Unexpected value from nativeGetEnabledTags: 0
W/Trace   (  343): Unexpected value from nativeGetEnabledTags: 0
W/Trace   (  396): Unexpected value from nativeGetEnabledTags: 0
W/Trace   (  396): Unexpected value from nativeGetEnabledTags: 0
W/Trace   (  396): Unexpected value from nativeGetEnabledTags: 0
W/Trace   (  396): Unexpected value from nativeGetEnabledTags: 0
W/Trace   (  343): Unexpected value from nativeGetEnabledTags: 0
W/Trace   (  343): Unexpected value from nativeGetEnabledTags: 0
W/Trace   (  343): Unexpected value from nativeGetEnabledTags: 0
W/Trace   (  343): Unexpected value from nativeGetEnabledTags: 0
W/Trace   (  343): Unexpected value from nativeGetEnabledTags: 0
W/Trace   (  343): Unexpected value from nativeGetEnabledTags: 0
W/Trace   (  343): Unexpected value from nativeGetEnabledTags: 0
W/Trace   (  343): Unexpected value from nativeGetEnabledTags: 0
W/Trace   (  343): Unexpected value from nativeGetEnabledTags: 0
W/Trace   (  396): Unexpected value from nativeGetEnabledTags: 0
W/Trace   (  396): Unexpected value from nativeGetEnabledTags: 0
W/Trace   (  388): Unexpected value from nativeGetEnabledTags: 0
W/Trace   (  388): Unexpected value from nativeGetEnabledTags: 0
D/ExchangeService(  595): Received deviceId from Email app: null
D/ExchangeService(  595): !!! deviceId unknown; stopping self and retrying
W/Trace   (  274): Unexpected value from nativeGetEnabledTags: 0
W/Trace   (  274): Unexpected value from nativeGetEnabledTags: 0
W/Trace   (  274): Unexpected value from nativeGetEnabledTags: 0
W/Trace   (  274): Unexpected value from nativeGetEnabledTags: 0
W/Trace   (  274): Unexpected value from nativeGetEnabledTags: 0
W/Trace   (  274): Unexpected value from nativeGetEnabledTags: 0
W/Trace   (  274): Unexpected value from nativeGetEnabledTags: 0
W/Trace   (  274): Unexpected value from nativeGetEnabledTags: 0
W/Trace   (  274): Unexpected value from nativeGetEnabledTags: 0
W/Trace   (  274): Unexpected value from nativeGetEnabledTags: 0
I/Process (  869): Sending signal. PID: 869 SIG: 9
I/ActivityManager(  274): Process com.wallpaper.sundial (pid 869) has died.
W/Trace   (  274): Unexpected value from nativeGetEnabledTags: 0
W/Trace   (  274): Unexpected value from nativeGetEnabledTags: 0
W/Trace   (  274): Unexpected value from nativeGetEnabledTags: 0
W/Trace   (  274): Unexpected value from nativeGetEnabledTags: 0
W/Trace   (  274): Unexpected value from nativeGetEnabledTags: 0
W/Trace   (  274): Unexpected value from nativeGetEnabledTags: 0
W/Trace   (  274): Unexpected value from nativeGetEnabledTags: 0
W/Trace   (  274): Unexpected value from nativeGetEnabledTags: 0
W/InputMethodManagerService(  274): Window already focused, ignoring focus gain of: com.android.internal.view.IInputMethodClient$Stub$Proxy@41044e90 attribute=null, token = android.os.BinderProxy@41002fa0
W/Trace   (  595): Unexpected value from nativeGetEnabledTags: 0
D/ExchangeService(  595): !!! EAS ExchangeService, onCreate
W/Trace   (  595): Unexpected value from nativeGetEnabledTags: 0
W/Trace   (  595): Unexpected value from nativeGetEnabledTags: 0
D/ExchangeService(  595): !!! EAS ExchangeService, onStartCommand, startingUp = false, running = false
W/ActivityManager(  274): Unable to start service Intent { act=com.android.email.ACCOUNT_INTENT } U=0: not found
D/ExchangeService(  595): !!! Email application not found; stopping self
W/ActivityManager(  274): Unable to start service Intent { act=com.android.email.ACCOUNT_INTENT } U=0: not found
W/Trace   (  595): Unexpected value from nativeGetEnabledTags: 0
W/Trace   (  595): Unexpected value from nativeGetEnabledTags: 0
D/ExchangeService(  595): !!! EAS ExchangeService, onStartCommand, startingUp = true, running = false
W/Trace   (  595): Unexpected value from nativeGetEnabledTags: 0
W/Trace   (  595): Unexpected value from nativeGetEnabledTags: 0
W/Trace   (  595): Unexpected value from nativeGetEnabledTags: 0
E/ActivityThread(  595): Service com.android.exchange.ExchangeService has leaked ServiceConnection com.android.emailcommon.service.ServiceProxy$ProxyConnection@40d00d88 that was originally bound here
E/ActivityThread(  595): android.app.ServiceConnectionLeaked: Service com.android.exchange.ExchangeService has leaked ServiceConnection com.android.emailcommon.service.ServiceProxy$ProxyConnection@40d00d88 that was originally bound here
E/ActivityThread(  595): 	at android.app.LoadedApk$ServiceDispatcher.<init>(LoadedApk.java:969)
E/ActivityThread(  595): 	at android.app.LoadedApk.getServiceDispatcher(LoadedApk.java:863)
E/ActivityThread(  595): 	at android.app.ContextImpl.bindService(ContextImpl.java:1418)
E/ActivityThread(  595): 	at android.app.ContextImpl.bindService(ContextImpl.java:1407)
E/ActivityThread(  595): 	at android.content.ContextWrapper.bindService(ContextWrapper.java:473)
E/ActivityThread(  595): 	at com.android.emailcommon.service.ServiceProxy.setTask(ServiceProxy.java:157)
E/ActivityThread(  595): 	at com.android.emailcommon.service.ServiceProxy.setTask(ServiceProxy.java:145)
E/ActivityThread(  595): 	at com.android.emailcommon.service.AccountServiceProxy.getDeviceId(AccountServiceProxy.java:116)
E/ActivityThread(  595): 	at com.android.exchange.ExchangeService.getDeviceId(ExchangeService.java:1249)
E/ActivityThread(  595): 	at com.android.exchange.ExchangeService$7.run(ExchangeService.java:1856)
E/ActivityThread(  595): 	at com.android.emailcommon.utility.Utility$2.doInBackground(Utility.java:551)
E/ActivityThread(  595): 	at com.android.emailcommon.utility.Utility$2.doInBackground(Utility.java:549)
E/ActivityThread(  595): 	at android.os.AsyncTask$2.call(AsyncTask.java:287)
E/ActivityThread(  595): 	at java.util.concurrent.FutureTask.run(FutureTask.java:234)
E/ActivityThread(  595): 	at java.util.concurrent.ThreadPoolExecutor.runWorker(ThreadPoolExecutor.java:1080)
E/ActivityThread(  595): 	at java.util.concurrent.ThreadPoolExecutor$Worker.run(ThreadPoolExecutor.java:573)
E/ActivityThread(  595): 	at java.lang.Thread.run(Thread.java:856)
W/Trace   (  274): Unexpected value from nativeGetEnabledTags: 0
W/Trace   (  274): Unexpected value from nativeGetEnabledTags: 0
W/Trace   (  274): Unexpected value from nativeGetEnabledTags: 0
W/Trace   (  274): Unexpected value from nativeGetEnabledTags: 0
E/StrictMode(  595): null
E/StrictMode(  595): android.app.ServiceConnectionLeaked: Service com.android.exchange.ExchangeService has leaked ServiceConnection com.android.emailcommon.service.ServiceProxy$ProxyConnection@40d00d88 that was originally bound here
E/StrictMode(  595): 	at android.app.LoadedApk$ServiceDispatcher.<init>(LoadedApk.java:969)
E/StrictMode(  595): 	at android.app.LoadedApk.getServiceDispatcher(LoadedApk.java:863)
E/StrictMode(  595): 	at android.app.ContextImpl.bindService(ContextImpl.java:1418)
E/StrictMode(  595): 	at android.app.ContextImpl.bindService(ContextImpl.java:1407)
E/StrictMode(  595): 	at android.content.ContextWrapper.bindService(ContextWrapper.java:473)
E/StrictMode(  595): 	at com.android.emailcommon.service.ServiceProxy.setTask(ServiceProxy.java:157)
E/StrictMode(  595): 	at com.android.emailcommon.service.ServiceProxy.setTask(ServiceProxy.java:145)
E/StrictMode(  595): 	at com.android.emailcommon.service.AccountServiceProxy.getDeviceId(AccountServiceProxy.java:116)
E/StrictMode(  595): 	at com.android.exchange.ExchangeService.getDeviceId(ExchangeService.java:1249)
E/StrictMode(  595): 	at com.android.exchange.ExchangeService$7.run(ExchangeService.java:1856)
E/StrictMode(  595): 	at com.android.emailcommon.utility.Utility$2.doInBackground(Utility.java:551)
E/StrictMode(  595): 	at com.android.emailcommon.utility.Utility$2.doInBackground(Utility.java:549)
E/StrictMode(  595): 	at android.os.AsyncTask$2.call(AsyncTask.java:287)
E/StrictMode(  595): 	at java.util.concurrent.FutureTask.run(FutureTask.java:234)
E/StrictMode(  595): 	at java.util.concurrent.ThreadPoolExecutor.runWorker(ThreadPoolExecutor.java:1080)
E/StrictMode(  595): 	at java.util.concurrent.ThreadPoolExecutor$Worker.run(ThreadPoolExecutor.java:573)
E/StrictMode(  595): 	at java.lang.Thread.run(Thread.java:856)
W/ActivityManager(  274): Unbind failed: could not find connection for android.os.BinderProxy@413bf958
E/ActivityThread(  595): Service com.android.exchange.ExchangeService has leaked ServiceConnection com.android.emailcommon.service.ServiceProxy$ProxyConnection@40d0b470 that was originally bound here
E/ActivityThread(  595): android.app.ServiceConnectionLeaked: Service com.android.exchange.ExchangeService has leaked ServiceConnection com.android.emailcommon.service.ServiceProxy$ProxyConnection@40d0b470 that was originally bound here
E/ActivityThread(  595): 	at android.app.LoadedApk$ServiceDispatcher.<init>(LoadedApk.java:969)
E/ActivityThread(  595): 	at android.app.LoadedApk.getServiceDispatcher(LoadedApk.java:863)
E/ActivityThread(  595): 	at android.app.ContextImpl.bindService(ContextImpl.java:1418)
E/ActivityThread(  595): 	at android.app.ContextImpl.bindService(ContextImpl.java:1407)
E/ActivityThread(  595): 	at android.content.ContextWrapper.bindService(ContextWrapper.java:473)
E/ActivityThread(  595): 	at com.android.emailcommon.service.ServiceProxy.setTask(ServiceProxy.java:157)
E/ActivityThread(  595): 	at com.android.emailcommon.service.ServiceProxy.setTask(ServiceProxy.java:145)
E/ActivityThread(  595): 	at com.android.emailcommon.service.ServiceProxy.test(ServiceProxy.java:191)
E/ActivityThread(  595): 	at com.android.exchange.ExchangeService$7.run(ExchangeService.java:1850)
E/ActivityThread(  595): 	at com.android.emailcommon.utility.Utility$2.doInBackground(Utility.java:551)
E/ActivityThread(  595): 	at com.android.emailcommon.utility.Utility$2.doInBackground(Utility.java:549)
E/ActivityThread(  595): 	at android.os.AsyncTask$2.call(AsyncTask.java:287)
E/ActivityThread(  595): 	at java.util.concurrent.FutureTask.run(FutureTask.java:234)
E/ActivityThread(  595): 	at java.util.concurrent.ThreadPoolExecutor.runWorker(ThreadPoolExecutor.java:1080)
E/ActivityThread(  595): 	at java.util.concurrent.ThreadPoolExecutor$Worker.run(ThreadPoolExecutor.java:573)
E/ActivityThread(  595): 	at java.lang.Thread.run(Thread.java:856)
E/StrictMode(  595): null
E/StrictMode(  595): android.app.ServiceConnectionLeaked: Service com.android.exchange.ExchangeService has leaked ServiceConnection com.android.emailcommon.service.ServiceProxy$ProxyConnection@40d0b470 that was originally bound here
E/StrictMode(  595): 	at android.app.LoadedApk$ServiceDispatcher.<init>(LoadedApk.java:969)
E/StrictMode(  595): 	at android.app.LoadedApk.getServiceDispatcher(LoadedApk.java:863)
E/StrictMode(  595): 	at android.app.ContextImpl.bindService(ContextImpl.java:1418)
E/StrictMode(  595): 	at android.app.ContextImpl.bindService(ContextImpl.java:1407)
E/StrictMode(  595): 	at android.content.ContextWrapper.bindService(ContextWrapper.java:473)
E/StrictMode(  595): 	at com.android.emailcommon.service.ServiceProxy.setTask(ServiceProxy.java:157)
E/StrictMode(  595): 	at com.android.emailcommon.service.ServiceProxy.setTask(ServiceProxy.java:145)
E/StrictMode(  595): 	at com.android.emailcommon.service.ServiceProxy.test(ServiceProxy.java:191)
E/StrictMode(  595): 	at com.android.exchange.ExchangeService$7.run(ExchangeService.java:1850)
E/StrictMode(  595): 	at com.android.emailcommon.utility.Utility$2.doInBackground(Utility.java:551)
E/StrictMode(  595): 	at com.android.emailcommon.utility.Utility$2.doInBackground(Utility.java:549)
E/StrictMode(  595): 	at android.os.AsyncTask$2.call(AsyncTask.java:287)
E/StrictMode(  595): 	at java.util.concurrent.FutureTask.run(FutureTask.java:234)
E/StrictMode(  595): 	at java.util.concurrent.ThreadPoolExecutor.runWorker(ThreadPoolExecutor.java:1080)
E/StrictMode(  595): 	at java.util.concurrent.ThreadPoolExecutor$Worker.run(ThreadPoolExecutor.java:573)
E/StrictMode(  595): 	at java.lang.Thread.run(Thread.java:856)
W/ActivityManager(  274): Unbind failed: could not find connection for android.os.BinderProxy@40f99388
D/dalvikvm(  595): GC_CONCURRENT freed 468K, 20% free 2472K/3072K, paused 69ms+5ms, total 161ms
W/Trace   (  396): Unexpected value from nativeGetEnabledTags: 0
W/Trace   (  396): Unexpected value from nativeGetEnabledTags: 0
W/Trace   (  396): Unexpected value from nativeGetEnabledTags: 0
W/Trace   (  396): Unexpected value from nativeGetEnabledTags: 0
W/Trace   (  396): Unexpected value from nativeGetEnabledTags: 0
W/Trace   (  396): Unexpected value from nativeGetEnabledTags: 0
W/Trace   (  396): Unexpected value from nativeGetEnabledTags: 0
W/Trace   (  396): Unexpected value from nativeGetEnabledTags: 0
I/ActivityManager(  274): START u0 {act=android.intent.action.MAIN cat=[android.intent.category.LAUNCHER] flg=0x10200000 cmp=com.wallpaper.sundial/.Sundial bnds=[120,555][240,705]} from pid 396
W/WindowManager(  274): Failure taking screenshot for (246x410) to layer 21005
W/Trace   (  396): Unexpected value from nativeGetEnabledTags: 0
D/dalvikvm(  892): Not late-enabling CheckJNI (already on)
I/ActivityManager(  274): Start proc com.wallpaper.sundial for activity com.wallpaper.sundial/.Sundial: pid=892 uid=10047 gids={50047, 1015, 1028}
W/Trace   (  396): Unexpected value from nativeGetEnabledTags: 0
W/Trace   (  396): Unexpected value from nativeGetEnabledTags: 0
W/Trace   (  396): Unexpected value from nativeGetEnabledTags: 0
W/Trace   (  274): Unexpected value from nativeGetEnabledTags: 0
W/Trace   (  274): Unexpected value from nativeGetEnabledTags: 0
W/Trace   (  274): Unexpected value from nativeGetEnabledTags: 0
W/Trace   (  274): Unexpected value from nativeGetEnabledTags: 0
W/Trace   (  274): Unexpected value from nativeGetEnabledTags: 0
W/Trace   (  274): Unexpected value from nativeGetEnabledTags: 0
W/Trace   (  274): Unexpected value from nativeGetEnabledTags: 0
W/Trace   (  274): Unexpected value from nativeGetEnabledTags: 0
W/Trace   (  274): Unexpected value from nativeGetEnabledTags: 0
W/Trace   (  274): Unexpected value from nativeGetEnabledTags: 0
W/Trace   (  274): Unexpected value from nativeGetEnabledTags: 0
W/Trace   (  274): Unexpected value from nativeGetEnabledTags: 0
W/Trace   (  274): Unexpected value from nativeGetEnabledTags: 0
W/Trace   (  274): Unexpected value from nativeGetEnabledTags: 0
W/Trace   (  396): Unexpected value from nativeGetEnabledTags: 0
W/Trace   (  396): Unexpected value from nativeGetEnabledTags: 0
E/SurfaceFlinger(   36): ro.sf.lcd_density must be defined as a build property
W/Trace   (  274): Unexpected value from nativeGetEnabledTags: 0
W/Trace   (  274): Unexpected value from nativeGetEnabledTags: 0
W/Trace   (  274): Unexpected value from nativeGetEnabledTags: 0
W/Trace   (  274): Unexpected value from nativeGetEnabledTags: 0
I/dalvikvm(  892): Turning on JNI app bug workarounds for target SDK version 3...
W/Trace   (  396): Unexpected value from nativeGetEnabledTags: 0
W/Trace   (  396): Unexpected value from nativeGetEnabledTags: 0
W/Trace   (  274): Unexpected value from nativeGetEnabledTags: 0
W/Trace   (  274): Unexpected value from nativeGetEnabledTags: 0
W/Trace   (  274): Unexpected value from nativeGetEnabledTags: 0
W/Trace   (  274): Unexpected value from nativeGetEnabledTags: 0
W/Trace   (  274): Unexpected value from nativeGetEnabledTags: 0
W/Trace   (  274): Unexpected value from nativeGetEnabledTags: 0
E/Trace   (  892): error opening trace file: No such file or directory (2)
W/Trace   (  892): Unexpected value from nativeGetEnabledTags: 0
W/Trace   (  892): Unexpected value from nativeGetEnabledTags: 0
W/Trace   (  892): Unexpected value from nativeGetEnabledTags: 0
W/Trace   (  892): Unexpected value from nativeGetEnabledTags: 0
W/Trace   (  892): Unexpected value from nativeGetEnabledTags: 0
D/dalvikvm(  892): Trying to load lib /data/app-lib/com.wallpaper.sundial-2/libsundial.so 0x40ce11a8
D/dalvikvm(  892): Added shared lib /data/app-lib/com.wallpaper.sundial-2/libsundial.so 0x40ce11a8
D/dalvikvm(  892): No JNI_OnLoad found in /data/app-lib/com.wallpaper.sundial-2/libsundial.so 0x40ce11a8, skipping init
I/Choreographer(  396): Skipped 84 frames!  The application may be doing too much work on its main thread.
W/Trace   (  396): Unexpected value from nativeGetEnabledTags: 0
D/AndroidRuntime(  892): Shutting down VM
W/dalvikvm(  892): threadid=1: thread exiting with uncaught exception (group=0x40a70930)
W/Trace   (  274): Unexpected value from nativeGetEnabledTags: 0
W/Trace   (  274): Unexpected value from nativeGetEnabledTags: 0
W/Trace   (  274): Unexpected value from nativeGetEnabledTags: 0
W/Trace   (  274): Unexpected value from nativeGetEnabledTags: 0
E/AndroidRuntime(  892): FATAL EXCEPTION: main
E/AndroidRuntime(  892): java.lang.RuntimeException: Unable to resume activity {com.wallpaper.sundial/com.wallpaper.sundial.Sundial}: java.lang.SecurityException: "gps" location provider requires ACCESS_FINE_LOCATION permission.
E/AndroidRuntime(  892): 	at android.app.ActivityThread.performResumeActivity(ActivityThread.java:2742)
E/AndroidRuntime(  892): 	at android.app.ActivityThread.handleResumeActivity(ActivityThread.java:2771)
E/AndroidRuntime(  892): 	at android.app.ActivityThread.handleLaunchActivity(ActivityThread.java:2235)
E/AndroidRuntime(  892): 	at android.app.ActivityThread.access$600(ActivityThread.java:141)
E/AndroidRuntime(  892): 	at android.app.ActivityThread$H.handleMessage(ActivityThread.java:1234)
E/AndroidRuntime(  892): 	at android.os.Handler.dispatchMessage(Handler.java:99)
E/AndroidRuntime(  892): 	at android.os.Looper.loop(Looper.java:137)
E/AndroidRuntime(  892): 	at android.app.ActivityThread.main(ActivityThread.java:5039)
E/AndroidRuntime(  892): 	at java.lang.reflect.Method.invokeNative(Native Method)
E/AndroidRuntime(  892): 	at java.lang.reflect.Method.invoke(Method.java:511)
E/AndroidRuntime(  892): 	at com.android.internal.os.ZygoteInit$MethodAndArgsCaller.run(ZygoteInit.java:793)
E/AndroidRuntime(  892): 	at com.android.internal.os.ZygoteInit.main(ZygoteInit.java:560)
E/AndroidRuntime(  892): 	at dalvik.system.NativeStart.main(Native Method)
E/AndroidRuntime(  892): Caused by: java.lang.SecurityException: "gps" location provider requires ACCESS_FINE_LOCATION permission.
E/AndroidRuntime(  892): 	at android.os.Parcel.readException(Parcel.java:1425)
E/AndroidRuntime(  892): 	at android.os.Parcel.readException(Parcel.java:1379)
E/AndroidRuntime(  892): 	at android.location.ILocationManager$Stub$Proxy.requestLocationUpdates(ILocationManager.java:538)
E/AndroidRuntime(  892): 	at android.location.LocationManager.requestLocationUpdates(LocationManager.java:836)
E/AndroidRuntime(  892): 	at android.location.LocationManager.requestLocationUpdates(LocationManager.java:430)
E/AndroidRuntime(  892): 	at com.wallpaper.sundial.Sundial.onResume(Sundial.java:79)
E/AndroidRuntime(  892): 	at android.app.Instrumentation.callActivityOnResume(Instrumentation.java:1185)
E/AndroidRuntime(  892): 	at android.app.Activity.performResume(Activity.java:5182)
E/AndroidRuntime(  892): 	at android.app.ActivityThread.performResumeActivity(ActivityThread.java:2732)
E/AndroidRuntime(  892): 	... 12 more
W/Trace   (  274): Unexpected value from nativeGetEnabledTags: 0
W/Trace   (  274): Unexpected value from nativeGetEnabledTags: 0
W/ActivityManager(  274):   Force finishing activity com.wallpaper.sundial/.Sundial
W/WindowManager(  274): Failure taking screenshot for (246x410) to layer 21010
W/Trace   (  274): Unexpected value from nativeGetEnabledTags: 0
W/Trace   (  274): Unexpected value from nativeGetEnabledTags: 0
W/Trace   (  274): Unexpected value from nativeGetEnabledTags: 0
W/Trace   (  274): Unexpected value from nativeGetEnabledTags: 0
W/Trace   (  274): Unexpected value from nativeGetEnabledTags: 0
W/Trace   (  274): Unexpected value from nativeGetEnabledTags: 0
W/Trace   (  274): Unexpected value from nativeGetEnabledTags: 0
W/Trace   (  274): Unexpected value from nativeGetEnabledTags: 0
W/Trace   (  274): Unexpected value from nativeGetEnabledTags: 0
W/Trace   (  274): Unexpected value from nativeGetEnabledTags: 0
W/Trace   (  274): Unexpected value from nativeGetEnabledTags: 0
W/Trace   (  274): Unexpected value from nativeGetEnabledTags: 0
W/Trace   (  274): Unexpected value from nativeGetEnabledTags: 0
W/Trace   (  274): Unexpected value from nativeGetEnabledTags: 0
W/Trace   (  274): Unexpected value from nativeGetEnabledTags: 0
W/Trace   (  274): Unexpected value from nativeGetEnabledTags: 0
W/Trace   (  274): Unexpected value from nativeGetEnabledTags: 0
W/Trace   (  274): Unexpected value from nativeGetEnabledTags: 0
W/Trace   (  274): Unexpected value from nativeGetEnabledTags: 0
W/Trace   (  274): Unexpected value from nativeGetEnabledTags: 0
W/Trace   (  274): Unexpected value from nativeGetEnabledTags: 0
W/Trace   (  274): Unexpected value from nativeGetEnabledTags: 0
W/Trace   (  274): Unexpected value from nativeGetEnabledTags: 0
W/Trace   (  274): Unexpected value from nativeGetEnabledTags: 0
W/Trace   (  274): Unexpected value from nativeGetEnabledTags: 0
W/Trace   (  274): Unexpected value from nativeGetEnabledTags: 0
W/Trace   (  274): Unexpected value from nativeGetEnabledTags: 0
W/Trace   (  274): Unexpected value from nativeGetEnabledTags: 0
W/Trace   (  274): Unexpected value from nativeGetEnabledTags: 0
W/Trace   (  274): Unexpected value from nativeGetEnabledTags: 0
W/Trace   (  274): Unexpected value from nativeGetEnabledTags: 0
W/Trace   (  274): Unexpected value from nativeGetEnabledTags: 0
W/Trace   (  274): Unexpected value from nativeGetEnabledTags: 0
W/Trace   (  274): Unexpected value from nativeGetEnabledTags: 0
W/Trace   (  274): Unexpected value from nativeGetEnabledTags: 0
W/Trace   (  274): Unexpected value from nativeGetEnabledTags: 0
W/Trace   (  274): Unexpected value from nativeGetEnabledTags: 0
W/Trace   (  274): Unexpected value from nativeGetEnabledTags: 0
W/Trace   (  274): Unexpected value from nativeGetEnabledTags: 0
W/Trace   (  274): Unexpected value from nativeGetEnabledTags: 0
W/Trace   (  274): Unexpected value from nativeGetEnabledTags: 0
W/Trace   (  274): Unexpected value from nativeGetEnabledTags: 0
W/Trace   (  274): Unexpected value from nativeGetEnabledTags: 0
I/Choreographer(  274): Skipped 39 frames!  The application may be doing too much work on its main thread.
W/Trace   (  274): Unexpected value from nativeGetEnabledTags: 0
W/Trace   (  274): Unexpected value from nativeGetEnabledTags: 0
W/Trace   (  274): Unexpected value from nativeGetEnabledTags: 0
E/SurfaceFlinger(   36): ro.sf.lcd_density must be defined as a build property
W/Trace   (  274): Unexpected value from nativeGetEnabledTags: 0
W/Trace   (  274): Unexpected value from nativeGetEnabledTags: 0
W/Trace   (  274): Unexpected value from nativeGetEnabledTags: 0
W/Trace   (  274): Unexpected value from nativeGetEnabledTags: 0
W/Trace   (  274): Unexpected value from nativeGetEnabledTags: 0
W/Trace   (  396): Unexpected value from nativeGetEnabledTags: 0
W/Trace   (  274): Unexpected value from nativeGetEnabledTags: 0
W/Trace   (  274): Unexpected value from nativeGetEnabledTags: 0
W/Trace   (  274): Unexpected value from nativeGetEnabledTags: 0
W/Trace   (  274): Unexpected value from nativeGetEnabledTags: 0
W/Trace   (  274): Unexpected value from nativeGetEnabledTags: 0
W/Trace   (  274): Unexpected value from nativeGetEnabledTags: 0
W/Trace   (  274): Unexpected value from nativeGetEnabledTags: 0
W/Trace   (  274): Unexpected value from nativeGetEnabledTags: 0
W/Trace   (  274): Unexpected value from nativeGetEnabledTags: 0
W/ActivityManager(  274): Activity pause timeout for ActivityRecord{41310060 u0 com.wallpaper.sundial/.Sundial}
W/Trace   (  274): Unexpected value from nativeGetEnabledTags: 0
W/Trace   (  274): Unexpected value from nativeGetEnabledTags: 0
W/Trace   (  274): Unexpected value from nativeGetEnabledTags: 0
W/Trace   (  274): Unexpected value from nativeGetEnabledTags: 0
W/Trace   (  274): Unexpected value from nativeGetEnabledTags: 0
W/Trace   (  274): Unexpected value from nativeGetEnabledTags: 0
W/Trace   (  396): Unexpected value from nativeGetEnabledTags: 0
W/Trace   (  274): Unexpected value from nativeGetEnabledTags: 0
W/Trace   (  274): Unexpected value from nativeGetEnabledTags: 0
W/Trace   (  274): Unexpected value from nativeGetEnabledTags: 0
W/Trace   (  274): Unexpected value from nativeGetEnabledTags: 0
W/Trace   (  274): Unexpected value from nativeGetEnabledTags: 0
W/Trace   (  274): Unexpected value from nativeGetEnabledTags: 0
W/Trace   (  396): Unexpected value from nativeGetEnabledTags: 0
W/Trace   (  396): Unexpected value from nativeGetEnabledTags: 0
W/Trace   (  396): Unexpected value from nativeGetEnabledTags: 0
W/Trace   (  274): Unexpected value from nativeGetEnabledTags: 0
W/Trace   (  274): Unexpected value from nativeGetEnabledTags: 0
W/Trace   (  396): Unexpected value from nativeGetEnabledTags: 0
W/Trace   (  274): Unexpected value from nativeGetEnabledTags: 0
W/Trace   (  274): Unexpected value from nativeGetEnabledTags: 0
W/Trace   (  274): Unexpected value from nativeGetEnabledTags: 0
W/Trace   (  274): Unexpected value from nativeGetEnabledTags: 0
E/SurfaceFlinger(   36): ro.sf.lcd_density must be defined as a build property
W/Trace   (  396): Unexpected value from nativeGetEnabledTags: 0
W/Trace   (  396): Unexpected value from nativeGetEnabledTags: 0
W/Trace   (  396): Unexpected value from nativeGetEnabledTags: 0
W/Trace   (  396): Unexpected value from nativeGetEnabledTags: 0
W/Trace   (  396): Unexpected value from nativeGetEnabledTags: 0
W/Trace   (  274): Unexpected value from nativeGetEnabledTags: 0
W/Trace   (  274): Unexpected value from nativeGetEnabledTags: 0
W/Trace   (  274): Unexpected value from nativeGetEnabledTags: 0
W/Trace   (  274): Unexpected value from nativeGetEnabledTags: 0
W/Trace   (  274): Unexpected value from nativeGetEnabledTags: 0
W/Trace   (  274): Unexpected value from nativeGetEnabledTags: 0
W/Trace   (  274): Unexpected value from nativeGetEnabledTags: 0
W/Trace   (  274): Unexpected value from nativeGetEnabledTags: 0
W/Trace   (  274): Unexpected value from nativeGetEnabledTags: 0
W/Trace   (  274): Unexpected value from nativeGetEnabledTags: 0
W/Trace   (  274): Unexpected value from nativeGetEnabledTags: 0
W/Trace   (  274): Unexpected value from nativeGetEnabledTags: 0
W/Trace   (  274): Unexpected value from nativeGetEnabledTags: 0
W/Trace   (  274): Unexpected value from nativeGetEnabledTags: 0
W/Trace   (  274): Unexpected value from nativeGetEnabledTags: 0
W/Trace   (  274): Unexpected value from nativeGetEnabledTags: 0
W/Trace   (  274): Unexpected value from nativeGetEnabledTags: 0
W/Trace   (  274): Unexpected value from nativeGetEnabledTags: 0
W/Trace   (  274): Unexpected value from nativeGetEnabledTags: 0
W/Trace   (  274): Unexpected value from nativeGetEnabledTags: 0
W/Trace   (  274): Unexpected value from nativeGetEnabledTags: 0
W/Trace   (  274): Unexpected value from nativeGetEnabledTags: 0
W/Trace   (  274): Unexpected value from nativeGetEnabledTags: 0
W/Trace   (  274): Unexpected value from nativeGetEnabledTags: 0
W/Trace   (  274): Unexpected value from nativeGetEnabledTags: 0
W/Trace   (  274): Unexpected value from nativeGetEnabledTags: 0
W/Trace   (  274): Unexpected value from nativeGetEnabledTags: 0
W/Trace   (  274): Unexpected value from nativeGetEnabledTags: 0
W/Trace   (  274): Unexpected value from nativeGetEnabledTags: 0
W/Trace   (  274): Unexpected value from nativeGetEnabledTags: 0
W/Trace   (  274): Unexpected value from nativeGetEnabledTags: 0
W/Trace   (  274): Unexpected value from nativeGetEnabledTags: 0
W/Trace   (  274): Unexpected value from nativeGetEnabledTags: 0
W/Trace   (  396): Unexpected value from nativeGetEnabledTags: 0
W/Trace   (  274): Unexpected value from nativeGetEnabledTags: 0
W/Trace   (  274): Unexpected value from nativeGetEnabledTags: 0
W/Trace   (  274): Unexpected value from nativeGetEnabledTags: 0
W/Trace   (  274): Unexpected value from nativeGetEnabledTags: 0
W/Trace   (  274): Unexpected value from nativeGetEnabledTags: 0
W/Trace   (  274): Unexpected value from nativeGetEnabledTags: 0
W/Trace   (  274): Unexpected value from nativeGetEnabledTags: 0
W/Trace   (  274): Unexpected value from nativeGetEnabledTags: 0
W/Trace   (  274): Unexpected value from nativeGetEnabledTags: 0
W/Trace   (  396): Unexpected value from nativeGetEnabledTags: 0
W/Trace   (  396): Unexpected value from nativeGetEnabledTags: 0
W/Trace   (  396): Unexpected value from nativeGetEnabledTags: 0
W/Trace   (  274): Unexpected value from nativeGetEnabledTags: 0
W/Trace   (  274): Unexpected value from nativeGetEnabledTags: 0
W/Trace   (  274): Unexpected value from nativeGetEnabledTags: 0
W/Trace   (  274): Unexpected value from nativeGetEnabledTags: 0
W/Trace   (  274): Unexpected value from nativeGetEnabledTags: 0
W/Trace   (  274): Unexpected value from nativeGetEnabledTags: 0
W/Trace   (  396): Unexpected value from nativeGetEnabledTags: 0
W/Trace   (  396): Unexpected value from nativeGetEnabledTags: 0
W/Trace   (  274): Unexpected value from nativeGetEnabledTags: 0
W/Trace   (  274): Unexpected value from nativeGetEnabledTags: 0
W/Trace   (  274): Unexpected value from nativeGetEnabledTags: 0
W/Trace   (  274): Unexpected value from nativeGetEnabledTags: 0
W/Trace   (  274): Unexpected value from nativeGetEnabledTags: 0
W/Trace   (  274): Unexpected value from nativeGetEnabledTags: 0
W/Trace   (  274): Unexpected value from nativeGetEnabledTags: 0
W/Trace   (  274): Unexpected value from nativeGetEnabledTags: 0
W/Trace   (  274): Unexpected value from nativeGetEnabledTags: 0
W/Trace   (  274): Unexpected value from nativeGetEnabledTags: 0
W/Trace   (  274): Unexpected value from nativeGetEnabledTags: 0
W/Trace   (  274): Unexpected value from nativeGetEnabledTags: 0
W/Trace   (  274): Unexpected value from nativeGetEnabledTags: 0
W/Trace   (  274): Unexpected value from nativeGetEnabledTags: 0
W/Trace   (  274): Unexpected value from nativeGetEnabledTags: 0
W/Trace   (  274): Unexpected value from nativeGetEnabledTags: 0
W/Trace   (  274): Unexpected value from nativeGetEnabledTags: 0
W/Trace   (  274): Unexpected value from nativeGetEnabledTags: 0
W/Trace   (  274): Unexpected value from nativeGetEnabledTags: 0
W/Trace   (  274): Unexpected value from nativeGetEnabledTags: 0
W/Trace   (  274): Unexpected value from nativeGetEnabledTags: 0
W/Trace   (  274): Unexpected value from nativeGetEnabledTags: 0
W/Trace   (  274): Unexpected value from nativeGetEnabledTags: 0
W/Trace   (  274): Unexpected value from nativeGetEnabledTags: 0
W/ActivityManager(  274): Activity destroy timeout for ActivityRecord{41310060 u0 com.wallpaper.sundial/.Sundial}
W/Trace   (  274): Unexpected value from nativeGetEnabledTags: 0
W/Trace   (  274): Unexpected value from nativeGetEnabledTags: 0
W/Trace   (  274): Unexpected value from nativeGetEnabledTags: 0
W/Trace   (  274): Unexpected value from nativeGetEnabledTags: 0
W/Trace   (  274): Unexpected value from nativeGetEnabledTags: 0
W/Trace   (  343): Unexpected value from nativeGetEnabledTags: 0
W/Trace   (  343): Unexpected value from nativeGetEnabledTags: 0
W/Trace   (  274): Unexpected value from nativeGetEnabledTags: 0
W/Trace   (  343): Unexpected value from nativeGetEnabledTags: 0
W/Trace   (  343): Unexpected value from nativeGetEnabledTags: 0
W/Trace   (  343): Unexpected value from nativeGetEnabledTags: 0
W/Trace   (  343): Unexpected value from nativeGetEnabledTags: 0
W/Trace   (  343): Unexpected value from nativeGetEnabledTags: 0
W/Trace   (  343): Unexpected value from nativeGetEnabledTags: 0
W/Trace   (  343): Unexpected value from nativeGetEnabledTags: 0
W/Trace   (  343): Unexpected value from nativeGetEnabledTags: 0
W/Trace   (  343): Unexpected value from nativeGetEnabledTags: 0
W/Trace   (  343): Unexpected value from nativeGetEnabledTags: 0
W/Trace   (  343): Unexpected value from nativeGetEnabledTags: 0
W/Trace   (  343): Unexpected value from nativeGetEnabledTags: 0
W/Trace   (  343): Unexpected value from nativeGetEnabledTags: 0
W/Trace   (  343): Unexpected value from nativeGetEnabledTags: 0
W/Trace   (  343): Unexpected value from nativeGetEnabledTags: 0
W/Trace   (  343): Unexpected value from nativeGetEnabledTags: 0
W/Trace   (  343): Unexpected value from nativeGetEnabledTags: 0
W/Trace   (  343): Unexpected value from nativeGetEnabledTags: 0
W/Trace   (  343): Unexpected value from nativeGetEnabledTags: 0
W/Trace   (  396): Unexpected value from nativeGetEnabledTags: 0
W/Trace   (  396): Unexpected value from nativeGetEnabledTags: 0
W/Trace   (  396): Unexpected value from nativeGetEnabledTags: 0
W/Trace   (  396): Unexpected value from nativeGetEnabledTags: 0
W/Trace   (  343): Unexpected value from nativeGetEnabledTags: 0
W/Trace   (  343): Unexpected value from nativeGetEnabledTags: 0
W/Trace   (  343): Unexpected value from nativeGetEnabledTags: 0
W/Trace   (  343): Unexpected value from nativeGetEnabledTags: 0
W/Trace   (  343): Unexpected value from nativeGetEnabledTags: 0
W/Trace   (  343): Unexpected value from nativeGetEnabledTags: 0
W/Trace   (  343): Unexpected value from nativeGetEnabledTags: 0
W/Trace   (  343): Unexpected value from nativeGetEnabledTags: 0
W/Trace   (  343): Unexpected value from nativeGetEnabledTags: 0
W/Trace   (  396): Unexpected value from nativeGetEnabledTags: 0
W/Trace   (  396): Unexpected value from nativeGetEnabledTags: 0
W/Trace   (  388): Unexpected value from nativeGetEnabledTags: 0
W/Trace   (  388): Unexpected value from nativeGetEnabledTags: 0
D/ExchangeService(  595): Received deviceId from Email app: null
D/ExchangeService(  595): !!! deviceId unknown; stopping self and retrying
W/Trace   (  595): Unexpected value from nativeGetEnabledTags: 0
D/ExchangeService(  595): !!! EAS ExchangeService, onCreate
W/Trace   (  595): Unexpected value from nativeGetEnabledTags: 0
W/Trace   (  595): Unexpected value from nativeGetEnabledTags: 0
D/ExchangeService(  595): !!! EAS ExchangeService, onStartCommand, startingUp = false, running = false
W/ActivityManager(  274): Unable to start service Intent { act=com.android.email.ACCOUNT_INTENT } U=0: not found
D/ExchangeService(  595): !!! Email application not found; stopping self
W/ActivityManager(  274): Unable to start service Intent { act=com.android.email.ACCOUNT_INTENT } U=0: not found
W/Trace   (  595): Unexpected value from nativeGetEnabledTags: 0
W/Trace   (  595): Unexpected value from nativeGetEnabledTags: 0
D/ExchangeService(  595): !!! EAS ExchangeService, onStartCommand, startingUp = true, running = false
W/Trace   (  595): Unexpected value from nativeGetEnabledTags: 0
W/Trace   (  595): Unexpected value from nativeGetEnabledTags: 0
W/Trace   (  595): Unexpected value from nativeGetEnabledTags: 0
E/ActivityThread(  595): Service com.android.exchange.ExchangeService has leaked ServiceConnection com.android.emailcommon.service.ServiceProxy$ProxyConnection@40d58cb0 that was originally bound here
E/ActivityThread(  595): android.app.ServiceConnectionLeaked: Service com.android.exchange.ExchangeService has leaked ServiceConnection com.android.emailcommon.service.ServiceProxy$ProxyConnection@40d58cb0 that was originally bound here
E/ActivityThread(  595): 	at android.app.LoadedApk$ServiceDispatcher.<init>(LoadedApk.java:969)
E/ActivityThread(  595): 	at android.app.LoadedApk.getServiceDispatcher(LoadedApk.java:863)
E/ActivityThread(  595): 	at android.app.ContextImpl.bindService(ContextImpl.java:1418)
E/ActivityThread(  595): 	at android.app.ContextImpl.bindService(ContextImpl.java:1407)
E/ActivityThread(  595): 	at android.content.ContextWrapper.bindService(ContextWrapper.java:473)
E/ActivityThread(  595): 	at com.android.emailcommon.service.ServiceProxy.setTask(ServiceProxy.java:157)
E/ActivityThread(  595): 	at com.android.emailcommon.service.ServiceProxy.setTask(ServiceProxy.java:145)
E/ActivityThread(  595): 	at com.android.emailcommon.service.AccountServiceProxy.getDeviceId(AccountServiceProxy.java:116)
E/ActivityThread(  595): 	at com.android.exchange.ExchangeService.getDeviceId(ExchangeService.java:1249)
E/ActivityThread(  595): 	at com.android.exchange.ExchangeService$7.run(ExchangeService.java:1856)
E/ActivityThread(  595): 	at com.android.emailcommon.utility.Utility$2.doInBackground(Utility.java:551)
E/ActivityThread(  595): 	at com.android.emailcommon.utility.Utility$2.doInBackground(Utility.java:549)
E/ActivityThread(  595): 	at android.os.AsyncTask$2.call(AsyncTask.java:287)
E/ActivityThread(  595): 	at java.util.concurrent.FutureTask.run(FutureTask.java:234)
E/ActivityThread(  595): 	at java.util.concurrent.ThreadPoolExecutor.runWorker(ThreadPoolExecutor.java:1080)
E/ActivityThread(  595): 	at java.util.concurrent.ThreadPoolExecutor$Worker.run(ThreadPoolExecutor.java:573)
E/ActivityThread(  595): 	at java.lang.Thread.run(Thread.java:856)
E/StrictMode(  595): null
E/StrictMode(  595): android.app.ServiceConnectionLeaked: Service com.android.exchange.ExchangeService has leaked ServiceConnection com.android.emailcommon.service.ServiceProxy$ProxyConnection@40d58cb0 that was originally bound here
E/StrictMode(  595): 	at android.app.LoadedApk$ServiceDispatcher.<init>(LoadedApk.java:969)
E/StrictMode(  595): 	at android.app.LoadedApk.getServiceDispatcher(LoadedApk.java:863)
E/StrictMode(  595): 	at android.app.ContextImpl.bindService(ContextImpl.java:1418)
E/StrictMode(  595): 	at android.app.ContextImpl.bindService(ContextImpl.java:1407)
E/StrictMode(  595): 	at android.content.ContextWrapper.bindService(ContextWrapper.java:473)
