E/StrictMode(  626): 	at com.android.exchange.ExchangeService$7.run(ExchangeService.java:1856)
E/StrictMode(  626): 	at com.android.emailcommon.utility.Utility$2.doInBackground(Utility.java:551)
E/StrictMode(  626): 	at com.android.emailcommon.utility.Utility$2.doInBackground(Utility.java:549)
E/StrictMode(  626): 	at android.os.AsyncTask$2.call(AsyncTask.java:287)
E/StrictMode(  626): 	at java.util.concurrent.FutureTask.run(FutureTask.java:234)
E/StrictMode(  626): 	at java.util.concurrent.ThreadPoolExecutor.runWorker(ThreadPoolExecutor.java:1080)
E/StrictMode(  626): 	at java.util.concurrent.ThreadPoolExecutor$Worker.run(ThreadPoolExecutor.java:573)
E/StrictMode(  626): 	at java.lang.Thread.run(Thread.java:856)
W/ActivityManager(  274): Unbind failed: could not find connection for android.os.BinderProxy@411401d0
D/dalvikvm(  626): GC_CONCURRENT freed 473K, 19% free 2663K/3268K, paused 72ms+11ms, total 140ms
W/Trace   (  274): Unexpected value from nativeGetEnabledTags: 0
W/Trace   (  274): Unexpected value from nativeGetEnabledTags: 0
W/Trace   (  274): Unexpected value from nativeGetEnabledTags: 0
W/Trace   (  383): Unexpected value from nativeGetEnabledTags: 0
W/Trace   (  274): Unexpected value from nativeGetEnabledTags: 0
W/Trace   (  383): Unexpected value from nativeGetEnabledTags: 0
W/Trace   (  383): Unexpected value from nativeGetEnabledTags: 0
W/Trace   (  383): Unexpected value from nativeGetEnabledTags: 0
W/Trace   (  383): Unexpected value from nativeGetEnabledTags: 0
W/Trace   (  383): Unexpected value from nativeGetEnabledTags: 0
W/Trace   (  383): Unexpected value from nativeGetEnabledTags: 0
W/Trace   (  383): Unexpected value from nativeGetEnabledTags: 0
W/Trace   (  383): Unexpected value from nativeGetEnabledTags: 0
W/Trace   (  383): Unexpected value from nativeGetEnabledTags: 0
W/Trace   (  383): Unexpected value from nativeGetEnabledTags: 0
W/Trace   (  538): Unexpected value from nativeGetEnabledTags: 0
W/Trace   (  383): Unexpected value from nativeGetEnabledTags: 0
W/Trace   (  669): Unexpected value from nativeGetEnabledTags: 0
W/Trace   (  538): Unexpected value from nativeGetEnabledTags: 0
W/Trace   (  669): Unexpected value from nativeGetEnabledTags: 0
W/Trace   (  669): Unexpected value from nativeGetEnabledTags: 0
W/Trace   (  669): Unexpected value from nativeGetEnabledTags: 0
D/ExchangeService(  626): Received deviceId from Email app: null
D/ExchangeService(  626): !!! deviceId unknown; stopping self and retrying
W/Trace   (  432): Unexpected value from nativeGetEnabledTags: 0
W/Trace   (  432): Unexpected value from nativeGetEnabledTags: 0
W/Trace   (  626): Unexpected value from nativeGetEnabledTags: 0
W/Trace   (  626): Unexpected value from nativeGetEnabledTags: 0
W/Trace   (  626): Unexpected value from nativeGetEnabledTags: 0
D/ExchangeService(  626): !!! EAS ExchangeService, onStartCommand, startingUp = false, running = false
W/ActivityManager(  274): Unable to start service Intent { act=com.android.email.ACCOUNT_INTENT } U=0: not found
D/ExchangeService(  626): !!! Email application not found; stopping self
W/Trace   (  626): Unexpected value from nativeGetEnabledTags: 0
W/Trace   (  626): Unexpected value from nativeGetEnabledTags: 0
W/ActivityManager(  274): Unable to start service Intent { act=com.android.email.ACCOUNT_INTENT } U=0: not found
W/Trace   (  626): Unexpected value from nativeGetEnabledTags: 0
E/ActivityThread(  626): Service com.android.exchange.ExchangeService has leaked ServiceConnection com.android.emailcommon.service.ServiceProxy$ProxyConnection@40d66b70 that was originally bound here
E/ActivityThread(  626): android.app.ServiceConnectionLeaked: Service com.android.exchange.ExchangeService has leaked ServiceConnection com.android.emailcommon.service.ServiceProxy$ProxyConnection@40d66b70 that was originally bound here
E/ActivityThread(  626): 	at android.app.LoadedApk$ServiceDispatcher.<init>(LoadedApk.java:969)
E/ActivityThread(  626): 	at android.app.LoadedApk.getServiceDispatcher(LoadedApk.java:863)
E/ActivityThread(  626): 	at android.app.ContextImpl.bindService(ContextImpl.java:1418)
E/ActivityThread(  626): 	at android.app.ContextImpl.bindService(ContextImpl.java:1407)
E/ActivityThread(  626): 	at android.content.ContextWrapper.bindService(ContextWrapper.java:473)
E/ActivityThread(  626): 	at com.android.emailcommon.service.ServiceProxy.setTask(ServiceProxy.java:157)
E/ActivityThread(  626): 	at com.android.emailcommon.service.ServiceProxy.setTask(ServiceProxy.java:145)
E/ActivityThread(  626): 	at com.android.emailcommon.service.ServiceProxy.test(ServiceProxy.java:191)
E/ActivityThread(  626): 	at com.android.exchange.ExchangeService$7.run(ExchangeService.java:1850)
E/ActivityThread(  626): 	at com.android.emailcommon.utility.Utility$2.doInBackground(Utility.java:551)
E/ActivityThread(  626): 	at com.android.emailcommon.utility.Utility$2.doInBackground(Utility.java:549)
E/ActivityThread(  626): 	at android.os.AsyncTask$2.call(AsyncTask.java:287)
E/ActivityThread(  626): 	at java.util.concurrent.FutureTask.run(FutureTask.java:234)
E/ActivityThread(  626): 	at java.util.concurrent.ThreadPoolExecutor.runWorker(ThreadPoolExecutor.java:1080)
E/ActivityThread(  626): 	at java.util.concurrent.ThreadPoolExecutor$Worker.run(ThreadPoolExecutor.java:573)
E/ActivityThread(  626): 	at java.lang.Thread.run(Thread.java:856)
E/StrictMode(  626): null
E/StrictMode(  626): android.app.ServiceConnectionLeaked: Service com.android.exchange.ExchangeService has leaked ServiceConnection com.android.emailcommon.service.ServiceProxy$ProxyConnection@40d66b70 that was originally bound here
E/StrictMode(  626): 	at android.app.LoadedApk$ServiceDispatcher.<init>(LoadedApk.java:969)
E/StrictMode(  626): 	at android.app.LoadedApk.getServiceDispatcher(LoadedApk.java:863)
E/StrictMode(  626): 	at android.app.ContextImpl.bindService(ContextImpl.java:1418)
E/StrictMode(  626): 	at android.app.ContextImpl.bindService(ContextImpl.java:1407)
E/StrictMode(  626): 	at android.content.ContextWrapper.bindService(ContextWrapper.java:473)
E/StrictMode(  626): 	at com.android.emailcommon.service.ServiceProxy.setTask(ServiceProxy.java:157)
E/StrictMode(  626): 	at com.android.emailcommon.service.ServiceProxy.setTask(ServiceProxy.java:145)
E/StrictMode(  626): 	at com.android.emailcommon.service.ServiceProxy.test(ServiceProxy.java:191)
E/StrictMode(  626): 	at com.android.exchange.ExchangeService$7.run(ExchangeService.java:1850)
E/StrictMode(  626): 	at com.android.emailcommon.utility.Utility$2.doInBackground(Utility.java:551)
E/StrictMode(  626): 	at com.android.emailcommon.utility.Utility$2.doInBackground(Utility.java:549)
E/StrictMode(  626): 	at android.os.AsyncTask$2.call(AsyncTask.java:287)
E/StrictMode(  626): 	at java.util.concurrent.FutureTask.run(FutureTask.java:234)
E/StrictMode(  626): 	at java.util.concurrent.ThreadPoolExecutor.runWorker(ThreadPoolExecutor.java:1080)
E/StrictMode(  626): 	at java.util.concurrent.ThreadPoolExecutor$Worker.run(ThreadPoolExecutor.java:573)
E/StrictMode(  626): 	at java.lang.Thread.run(Thread.java:856)
W/ActivityManager(  274): Unbind failed: could not find connection for android.os.BinderProxy@411a9f70
E/ActivityThread(  626): Service com.android.exchange.ExchangeService has leaked ServiceConnection com.android.emailcommon.service.ServiceProxy$ProxyConnection@40d647d8 that was originally bound here
E/ActivityThread(  626): android.app.ServiceConnectionLeaked: Service com.android.exchange.ExchangeService has leaked ServiceConnection com.android.emailcommon.service.ServiceProxy$ProxyConnection@40d647d8 that was originally bound here
E/ActivityThread(  626): 	at android.app.LoadedApk$ServiceDispatcher.<init>(LoadedApk.java:969)
E/ActivityThread(  626): 	at android.app.LoadedApk.getServiceDispatcher(LoadedApk.java:863)
E/ActivityThread(  626): 	at android.app.ContextImpl.bindService(ContextImpl.java:1418)
E/ActivityThread(  626): 	at android.app.ContextImpl.bindService(ContextImpl.java:1407)
E/ActivityThread(  626): 	at android.content.ContextWrapper.bindService(ContextWrapper.java:473)
E/ActivityThread(  626): 	at com.android.emailcommon.service.ServiceProxy.setTask(ServiceProxy.java:157)
E/ActivityThread(  626): 	at com.android.emailcommon.service.ServiceProxy.setTask(ServiceProxy.java:145)
E/ActivityThread(  626): 	at com.android.emailcommon.service.AccountServiceProxy.getDeviceId(AccountServiceProxy.java:116)
E/ActivityThread(  626): 	at com.android.exchange.ExchangeService.getDeviceId(ExchangeService.java:1249)
E/ActivityThread(  626): 	at com.android.exchange.ExchangeService$7.run(ExchangeService.java:1856)
E/ActivityThread(  626): 	at com.android.emailcommon.utility.Utility$2.doInBackground(Utility.java:551)
E/ActivityThread(  626): 	at com.android.emailcommon.utility.Utility$2.doInBackground(Utility.java:549)
E/ActivityThread(  626): 	at android.os.AsyncTask$2.call(AsyncTask.java:287)
E/ActivityThread(  626): 	at java.util.concurrent.FutureTask.run(FutureTask.java:234)
E/ActivityThread(  626): 	at java.util.concurrent.ThreadPoolExecutor.runWorker(ThreadPoolExecutor.java:1080)
E/ActivityThread(  626): 	at java.util.concurrent.ThreadPoolExecutor$Worker.run(ThreadPoolExecutor.java:573)
E/ActivityThread(  626): 	at java.lang.Thread.run(Thread.java:856)
E/StrictMode(  626): null
E/StrictMode(  626): android.app.ServiceConnectionLeaked: Service com.android.exchange.ExchangeService has leaked ServiceConnection com.android.emailcommon.service.ServiceProxy$ProxyConnection@40d647d8 that was originally bound here
E/StrictMode(  626): 	at android.app.LoadedApk$ServiceDispatcher.<init>(LoadedApk.java:969)
E/StrictMode(  626): 	at android.app.LoadedApk.getServiceDispatcher(LoadedApk.java:863)
E/StrictMode(  626): 	at android.app.ContextImpl.bindService(ContextImpl.java:1418)
E/StrictMode(  626): 	at android.app.ContextImpl.bindService(ContextImpl.java:1407)
E/StrictMode(  626): 	at android.content.ContextWrapper.bindService(ContextWrapper.java:473)
E/StrictMode(  626): 	at com.android.emailcommon.service.ServiceProxy.setTask(ServiceProxy.java:157)
E/StrictMode(  626): 	at com.android.emailcommon.service.ServiceProxy.setTask(ServiceProxy.java:145)
E/StrictMode(  626): 	at com.android.emailcommon.service.AccountServiceProxy.getDeviceId(AccountServiceProxy.java:116)
E/StrictMode(  626): 	at com.android.exchange.ExchangeService.getDeviceId(ExchangeService.java:1249)
E/StrictMode(  626): 	at com.android.exchange.ExchangeService$7.run(ExchangeService.java:1856)
E/StrictMode(  626): 	at com.android.emailcommon.utility.Utility$2.doInBackground(Utility.java:551)
E/StrictMode(  626): 	at com.android.emailcommon.utility.Utility$2.doInBackground(Utility.java:549)
E/StrictMode(  626): 	at android.os.AsyncTask$2.call(AsyncTask.java:287)
E/StrictMode(  626): 	at java.util.concurrent.FutureTask.run(FutureTask.java:234)
E/StrictMode(  626): 	at java.util.concurrent.ThreadPoolExecutor.runWorker(ThreadPoolExecutor.java:1080)
E/StrictMode(  626): 	at java.util.concurrent.ThreadPoolExecutor$Worker.run(ThreadPoolExecutor.java:573)
E/StrictMode(  626): 	at java.lang.Thread.run(Thread.java:856)
W/ActivityManager(  274): Unbind failed: could not find connection for android.os.BinderProxy@410f0088
W/Trace   (  274): Unexpected value from nativeGetEnabledTags: 0
W/Trace   (  274): Unexpected value from nativeGetEnabledTags: 0
W/Trace   (  274): Unexpected value from nativeGetEnabledTags: 0
W/Trace   (  383): Unexpected value from nativeGetEnabledTags: 0
W/Trace   (  383): Unexpected value from nativeGetEnabledTags: 0
W/Trace   (  274): Unexpected value from nativeGetEnabledTags: 0
W/Trace   (  383): Unexpected value from nativeGetEnabledTags: 0
W/Trace   (  383): Unexpected value from nativeGetEnabledTags: 0
W/Trace   (  383): Unexpected value from nativeGetEnabledTags: 0
W/Trace   (  383): Unexpected value from nativeGetEnabledTags: 0
W/Trace   (  383): Unexpected value from nativeGetEnabledTags: 0
W/Trace   (  383): Unexpected value from nativeGetEnabledTags: 0
W/Trace   (  383): Unexpected value from nativeGetEnabledTags: 0
W/Trace   (  383): Unexpected value from nativeGetEnabledTags: 0
W/Trace   (  383): Unexpected value from nativeGetEnabledTags: 0
W/Trace   (  538): Unexpected value from nativeGetEnabledTags: 0
W/Trace   (  383): Unexpected value from nativeGetEnabledTags: 0
W/Trace   (  669): Unexpected value from nativeGetEnabledTags: 0
W/Trace   (  538): Unexpected value from nativeGetEnabledTags: 0
W/Trace   (  669): Unexpected value from nativeGetEnabledTags: 0
W/Trace   (  669): Unexpected value from nativeGetEnabledTags: 0
W/Trace   (  669): Unexpected value from nativeGetEnabledTags: 0
D/ExchangeService(  626): Received deviceId from Email app: null
D/ExchangeService(  626): !!! deviceId unknown; stopping self and retrying
W/Trace   (  626): Unexpected value from nativeGetEnabledTags: 0
W/Trace   (  626): Unexpected value from nativeGetEnabledTags: 0
W/Trace   (  626): Unexpected value from nativeGetEnabledTags: 0
D/ExchangeService(  626): !!! EAS ExchangeService, onStartCommand, startingUp = false, running = false
W/ActivityManager(  274): Unable to start service Intent { act=com.android.email.ACCOUNT_INTENT } U=0: not found
D/ExchangeService(  626): !!! Email application not found; stopping self
W/Trace   (  626): Unexpected value from nativeGetEnabledTags: 0
W/Trace   (  626): Unexpected value from nativeGetEnabledTags: 0
W/ActivityManager(  274): Unable to start service Intent { act=com.android.email.ACCOUNT_INTENT } U=0: not found
W/Trace   (  626): Unexpected value from nativeGetEnabledTags: 0
E/ActivityThread(  626): Service com.android.exchange.ExchangeService has leaked ServiceConnection com.android.emailcommon.service.ServiceProxy$ProxyConnection@40cf0a40 that was originally bound here
E/ActivityThread(  626): android.app.ServiceConnectionLeaked: Service com.android.exchange.ExchangeService has leaked ServiceConnection com.android.emailcommon.service.ServiceProxy$ProxyConnection@40cf0a40 that was originally bound here
E/ActivityThread(  626): 	at android.app.LoadedApk$ServiceDispatcher.<init>(LoadedApk.java:969)
E/ActivityThread(  626): 	at android.app.LoadedApk.getServiceDispatcher(LoadedApk.java:863)
E/ActivityThread(  626): 	at android.app.ContextImpl.bindService(ContextImpl.java:1418)
E/ActivityThread(  626): 	at android.app.ContextImpl.bindService(ContextImpl.java:1407)
E/ActivityThread(  626): 	at android.content.ContextWrapper.bindService(ContextWrapper.java:473)
E/ActivityThread(  626): 	at com.android.emailcommon.service.ServiceProxy.setTask(ServiceProxy.java:157)
E/ActivityThread(  626): 	at com.android.emailcommon.service.ServiceProxy.setTask(ServiceProxy.java:145)
E/ActivityThread(  626): 	at com.android.emailcommon.service.ServiceProxy.test(ServiceProxy.java:191)
E/ActivityThread(  626): 	at com.android.exchange.ExchangeService$7.run(ExchangeService.java:1850)
E/ActivityThread(  626): 	at com.android.emailcommon.utility.Utility$2.doInBackground(Utility.java:551)
E/ActivityThread(  626): 	at com.android.emailcommon.utility.Utility$2.doInBackground(Utility.java:549)
E/ActivityThread(  626): 	at android.os.AsyncTask$2.call(AsyncTask.java:287)
E/ActivityThread(  626): 	at java.util.concurrent.FutureTask.run(FutureTask.java:234)
E/ActivityThread(  626): 	at java.util.concurrent.ThreadPoolExecutor.runWorker(ThreadPoolExecutor.java:1080)
E/ActivityThread(  626): 	at java.util.concurrent.ThreadPoolExecutor$Worker.run(ThreadPoolExecutor.java:573)
E/ActivityThread(  626): 	at java.lang.Thread.run(Thread.java:856)
E/StrictMode(  626): null
E/StrictMode(  626): android.app.ServiceConnectionLeaked: Service com.android.exchange.ExchangeService has leaked ServiceConnection com.android.emailcommon.service.ServiceProxy$ProxyConnection@40cf0a40 that was originally bound here
E/StrictMode(  626): 	at android.app.LoadedApk$ServiceDispatcher.<init>(LoadedApk.java:969)
E/StrictMode(  626): 	at android.app.LoadedApk.getServiceDispatcher(LoadedApk.java:863)
E/StrictMode(  626): 	at android.app.ContextImpl.bindService(ContextImpl.java:1418)
E/StrictMode(  626): 	at android.app.ContextImpl.bindService(ContextImpl.java:1407)
E/StrictMode(  626): 	at android.content.ContextWrapper.bindService(ContextWrapper.java:473)
E/StrictMode(  626): 	at com.android.emailcommon.service.ServiceProxy.setTask(ServiceProxy.java:157)
E/StrictMode(  626): 	at com.android.emailcommon.service.ServiceProxy.setTask(ServiceProxy.java:145)
E/StrictMode(  626): 	at com.android.emailcommon.service.ServiceProxy.test(ServiceProxy.java:191)
E/StrictMode(  626): 	at com.android.exchange.ExchangeService$7.run(ExchangeService.java:1850)
E/StrictMode(  626): 	at com.android.emailcommon.utility.Utility$2.doInBackground(Utility.java:551)
E/StrictMode(  626): 	at com.android.emailcommon.utility.Utility$2.doInBackground(Utility.java:549)
E/StrictMode(  626): 	at android.os.AsyncTask$2.call(AsyncTask.java:287)
E/StrictMode(  626): 	at java.util.concurrent.FutureTask.run(FutureTask.java:234)
E/StrictMode(  626): 	at java.util.concurrent.ThreadPoolExecutor.runWorker(ThreadPoolExecutor.java:1080)
E/StrictMode(  626): 	at java.util.concurrent.ThreadPoolExecutor$Worker.run(ThreadPoolExecutor.java:573)
E/StrictMode(  626): 	at java.lang.Thread.run(Thread.java:856)
W/ActivityManager(  274): Unbind failed: could not find connection for android.os.BinderProxy@41215b30
E/ActivityThread(  626): Service com.android.exchange.ExchangeService has leaked ServiceConnection com.android.emailcommon.service.ServiceProxy$ProxyConnection@40d453a0 that was originally bound here
E/ActivityThread(  626): android.app.ServiceConnectionLeaked: Service com.android.exchange.ExchangeService has leaked ServiceConnection com.android.emailcommon.service.ServiceProxy$ProxyConnection@40d453a0 that was originally bound here
E/ActivityThread(  626): 	at android.app.LoadedApk$ServiceDispatcher.<init>(LoadedApk.java:969)
E/ActivityThread(  626): 	at android.app.LoadedApk.getServiceDispatcher(LoadedApk.java:863)
E/ActivityThread(  626): 	at android.app.ContextImpl.bindService(ContextImpl.java:1418)
E/ActivityThread(  626): 	at android.app.ContextImpl.bindService(ContextImpl.java:1407)
E/ActivityThread(  626): 	at android.content.ContextWrapper.bindService(ContextWrapper.java:473)
E/ActivityThread(  626): 	at com.android.emailcommon.service.ServiceProxy.setTask(ServiceProxy.java:157)
E/ActivityThread(  626): 	at com.android.emailcommon.service.ServiceProxy.setTask(ServiceProxy.java:145)
E/ActivityThread(  626): 	at com.android.emailcommon.service.AccountServiceProxy.getDeviceId(AccountServiceProxy.java:116)
E/ActivityThread(  626): 	at com.android.exchange.ExchangeService.getDeviceId(ExchangeService.java:1249)
E/ActivityThread(  626): 	at com.android.exchange.ExchangeService$7.run(ExchangeService.java:1856)
E/ActivityThread(  626): 	at com.android.emailcommon.utility.Utility$2.doInBackground(Utility.java:551)
E/ActivityThread(  626): 	at com.android.emailcommon.utility.Utility$2.doInBackground(Utility.java:549)
E/ActivityThread(  626): 	at android.os.AsyncTask$2.call(AsyncTask.java:287)
E/ActivityThread(  626): 	at java.util.concurrent.FutureTask.run(FutureTask.java:234)
E/ActivityThread(  626): 	at java.util.concurrent.ThreadPoolExecutor.runWorker(ThreadPoolExecutor.java:1080)
E/ActivityThread(  626): 	at java.util.concurrent.ThreadPoolExecutor$Worker.run(ThreadPoolExecutor.java:573)
E/ActivityThread(  626): 	at java.lang.Thread.run(Thread.java:856)
E/StrictMode(  626): null
E/StrictMode(  626): android.app.ServiceConnectionLeaked: Service com.android.exchange.ExchangeService has leaked ServiceConnection com.android.emailcommon.service.ServiceProxy$ProxyConnection@40d453a0 that was originally bound here
E/StrictMode(  626): 	at android.app.LoadedApk$ServiceDispatcher.<init>(LoadedApk.java:969)
E/StrictMode(  626): 	at android.app.LoadedApk.getServiceDispatcher(LoadedApk.java:863)
E/StrictMode(  626): 	at android.app.ContextImpl.bindService(ContextImpl.java:1418)
E/StrictMode(  626): 	at android.app.ContextImpl.bindService(ContextImpl.java:1407)
E/StrictMode(  626): 	at android.content.ContextWrapper.bindService(ContextWrapper.java:473)
E/StrictMode(  626): 	at com.android.emailcommon.service.ServiceProxy.setTask(ServiceProxy.java:157)
E/StrictMode(  626): 	at com.android.emailcommon.service.ServiceProxy.setTask(ServiceProxy.java:145)
E/StrictMode(  626): 	at com.android.emailcommon.service.AccountServiceProxy.getDeviceId(AccountServiceProxy.java:116)
E/StrictMode(  626): 	at com.android.exchange.ExchangeService.getDeviceId(ExchangeService.java:1249)
E/StrictMode(  626): 	at com.android.exchange.ExchangeService$7.run(ExchangeService.java:1856)
E/StrictMode(  626): 	at com.android.emailcommon.utility.Utility$2.doInBackground(Utility.java:551)
E/StrictMode(  626): 	at com.android.emailcommon.utility.Utility$2.doInBackground(Utility.java:549)
E/StrictMode(  626): 	at android.os.AsyncTask$2.call(AsyncTask.java:287)
E/StrictMode(  626): 	at java.util.concurrent.FutureTask.run(FutureTask.java:234)
E/StrictMode(  626): 	at java.util.concurrent.ThreadPoolExecutor.runWorker(ThreadPoolExecutor.java:1080)
E/StrictMode(  626): 	at java.util.concurrent.ThreadPoolExecutor$Worker.run(ThreadPoolExecutor.java:573)
E/StrictMode(  626): 	at java.lang.Thread.run(Thread.java:856)
W/ActivityManager(  274): Unbind failed: could not find connection for android.os.BinderProxy@411f1c00
W/Trace   (  432): Unexpected value from nativeGetEnabledTags: 0
W/Trace   (  432): Unexpected value from nativeGetEnabledTags: 0
D/ExchangeService(  626): Received deviceId from Email app: null
D/ExchangeService(  626): !!! deviceId unknown; stopping self and retrying
W/Trace   (  626): Unexpected value from nativeGetEnabledTags: 0
W/Trace   (  626): Unexpected value from nativeGetEnabledTags: 0
W/Trace   (  626): Unexpected value from nativeGetEnabledTags: 0
D/ExchangeService(  626): !!! EAS ExchangeService, onStartCommand, startingUp = false, running = false
W/ActivityManager(  274): Unable to start service Intent { act=com.android.email.ACCOUNT_INTENT } U=0: not found
D/ExchangeService(  626): !!! Email application not found; stopping self
W/ActivityManager(  274): Unable to start service Intent { act=com.android.email.ACCOUNT_INTENT } U=0: not found
W/Trace   (  626): Unexpected value from nativeGetEnabledTags: 0
W/Trace   (  626): Unexpected value from nativeGetEnabledTags: 0
W/Trace   (  626): Unexpected value from nativeGetEnabledTags: 0
E/ActivityThread(  626): Service com.android.exchange.ExchangeService has leaked ServiceConnection com.android.emailcommon.service.ServiceProxy$ProxyConnection@40d65288 that was originally bound here
E/ActivityThread(  626): android.app.ServiceConnectionLeaked: Service com.android.exchange.ExchangeService has leaked ServiceConnection com.android.emailcommon.service.ServiceProxy$ProxyConnection@40d65288 that was originally bound here
E/ActivityThread(  626): 	at android.app.LoadedApk$ServiceDispatcher.<init>(LoadedApk.java:969)
E/ActivityThread(  626): 	at android.app.LoadedApk.getServiceDispatcher(LoadedApk.java:863)
E/ActivityThread(  626): 	at android.app.ContextImpl.bindService(ContextImpl.java:1418)
E/ActivityThread(  626): 	at android.app.ContextImpl.bindService(ContextImpl.java:1407)
E/ActivityThread(  626): 	at android.content.ContextWrapper.bindService(ContextWrapper.java:473)
E/ActivityThread(  626): 	at com.android.emailcommon.service.ServiceProxy.setTask(ServiceProxy.java:157)
E/ActivityThread(  626): 	at com.android.emailcommon.service.ServiceProxy.setTask(ServiceProxy.java:145)
E/ActivityThread(  626): 	at com.android.emailcommon.service.ServiceProxy.test(ServiceProxy.java:191)
E/ActivityThread(  626): 	at com.android.exchange.ExchangeService$7.run(ExchangeService.java:1850)
E/ActivityThread(  626): 	at com.android.emailcommon.utility.Utility$2.doInBackground(Utility.java:551)
E/ActivityThread(  626): 	at com.android.emailcommon.utility.Utility$2.doInBackground(Utility.java:549)
E/ActivityThread(  626): 	at android.os.AsyncTask$2.call(AsyncTask.java:287)
E/ActivityThread(  626): 	at java.util.concurrent.FutureTask.run(FutureTask.java:234)
E/ActivityThread(  626): 	at java.util.concurrent.ThreadPoolExecutor.runWorker(ThreadPoolExecutor.java:1080)
E/ActivityThread(  626): 	at java.util.concurrent.ThreadPoolExecutor$Worker.run(ThreadPoolExecutor.java:573)
E/ActivityThread(  626): 	at java.lang.Thread.run(Thread.java:856)
E/StrictMode(  626): null
E/StrictMode(  626): android.app.ServiceConnectionLeaked: Service com.android.exchange.ExchangeService has leaked ServiceConnection com.android.emailcommon.service.ServiceProxy$ProxyConnection@40d65288 that was originally bound here
E/StrictMode(  626): 	at android.app.LoadedApk$ServiceDispatcher.<init>(LoadedApk.java:969)
E/StrictMode(  626): 	at android.app.LoadedApk.getServiceDispatcher(LoadedApk.java:863)
E/StrictMode(  626): 	at android.app.ContextImpl.bindService(ContextImpl.java:1418)
E/StrictMode(  626): 	at android.app.ContextImpl.bindService(ContextImpl.java:1407)
E/StrictMode(  626): 	at android.content.ContextWrapper.bindService(ContextWrapper.java:473)
E/StrictMode(  626): 	at com.android.emailcommon.service.ServiceProxy.setTask(ServiceProxy.java:157)
E/StrictMode(  626): 	at com.android.emailcommon.service.ServiceProxy.setTask(ServiceProxy.java:145)
E/StrictMode(  626): 	at com.android.emailcommon.service.ServiceProxy.test(ServiceProxy.java:191)
E/StrictMode(  626): 	at com.android.exchange.ExchangeService$7.run(ExchangeService.java:1850)
E/StrictMode(  626): 	at com.android.emailcommon.utility.Utility$2.doInBackground(Utility.java:551)
E/StrictMode(  626): 	at com.android.emailcommon.utility.Utility$2.doInBackground(Utility.java:549)
E/StrictMode(  626): 	at android.os.AsyncTask$2.call(AsyncTask.java:287)
E/StrictMode(  626): 	at java.util.concurrent.FutureTask.run(FutureTask.java:234)
E/StrictMode(  626): 	at java.util.concurrent.ThreadPoolExecutor.runWorker(ThreadPoolExecutor.java:1080)
E/StrictMode(  626): 	at java.util.concurrent.ThreadPoolExecutor$Worker.run(ThreadPoolExecutor.java:573)
E/StrictMode(  626): 	at java.lang.Thread.run(Thread.java:856)
W/ActivityManager(  274): Unbind failed: could not find connection for android.os.BinderProxy@40f1fd68
E/ActivityThread(  626): Service com.android.exchange.ExchangeService has leaked ServiceConnection com.android.emailcommon.service.ServiceProxy$ProxyConnection@40d0e518 that was originally bound here
E/ActivityThread(  626): android.app.ServiceConnectionLeaked: Service com.android.exchange.ExchangeService has leaked ServiceConnection com.android.emailcommon.service.ServiceProxy$ProxyConnection@40d0e518 that was originally bound here
E/ActivityThread(  626): 	at android.app.LoadedApk$ServiceDispatcher.<init>(LoadedApk.java:969)
E/ActivityThread(  626): 	at android.app.LoadedApk.getServiceDispatcher(LoadedApk.java:863)
E/ActivityThread(  626): 	at android.app.ContextImpl.bindService(ContextImpl.java:1418)
E/ActivityThread(  626): 	at android.app.ContextImpl.bindService(ContextImpl.java:1407)
E/ActivityThread(  626): 	at android.content.ContextWrapper.bindService(ContextWrapper.java:473)
E/ActivityThread(  626): 	at com.android.emailcommon.service.ServiceProxy.setTask(ServiceProxy.java:157)
E/ActivityThread(  626): 	at com.android.emailcommon.service.ServiceProxy.setTask(ServiceProxy.java:145)
E/ActivityThread(  626): 	at com.android.emailcommon.service.AccountServiceProxy.getDeviceId(AccountServiceProxy.java:116)
E/ActivityThread(  626): 	at com.android.exchange.ExchangeService.getDeviceId(ExchangeService.java:1249)
E/ActivityThread(  626): 	at com.android.exchange.ExchangeService$7.run(ExchangeService.java:1856)
E/ActivityThread(  626): 	at com.android.emailcommon.utility.Utility$2.doInBackground(Utility.java:551)
E/ActivityThread(  626): 	at com.android.emailcommon.utility.Utility$2.doInBackground(Utility.java:549)
E/ActivityThread(  626): 	at android.os.AsyncTask$2.call(AsyncTask.java:287)
E/ActivityThread(  626): 	at java.util.concurrent.FutureTask.run(FutureTask.java:234)
E/ActivityThread(  626): 	at java.util.concurrent.ThreadPoolExecutor.runWorker(ThreadPoolExecutor.java:1080)
E/ActivityThread(  626): 	at java.util.concurrent.ThreadPoolExecutor$Worker.run(ThreadPoolExecutor.java:573)
E/ActivityThread(  626): 	at java.lang.Thread.run(Thread.java:856)
E/StrictMode(  626): null
E/StrictMode(  626): android.app.ServiceConnectionLeaked: Service com.android.exchange.ExchangeService has leaked ServiceConnection com.android.emailcommon.service.ServiceProxy$ProxyConnection@40d0e518 that was originally bound here
E/StrictMode(  626): 	at android.app.LoadedApk$ServiceDispatcher.<init>(LoadedApk.java:969)
E/StrictMode(  626): 	at android.app.LoadedApk.getServiceDispatcher(LoadedApk.java:863)
E/StrictMode(  626): 	at android.app.ContextImpl.bindService(ContextImpl.java:1418)
E/StrictMode(  626): 	at android.app.ContextImpl.bindService(ContextImpl.java:1407)
E/StrictMode(  626): 	at android.content.ContextWrapper.bindService(ContextWrapper.java:473)
E/StrictMode(  626): 	at com.android.emailcommon.service.ServiceProxy.setTask(ServiceProxy.java:157)
E/StrictMode(  626): 	at com.android.emailcommon.service.ServiceProxy.setTask(ServiceProxy.java:145)
E/StrictMode(  626): 	at com.android.emailcommon.service.AccountServiceProxy.getDeviceId(AccountServiceProxy.java:116)
E/StrictMode(  626): 	at com.android.exchange.ExchangeService.getDeviceId(ExchangeService.java:1249)
E/StrictMode(  626): 	at com.android.exchange.ExchangeService$7.run(ExchangeService.java:1856)
E/StrictMode(  626): 	at com.android.emailcommon.utility.Utility$2.doInBackground(Utility.java:551)
E/StrictMode(  626): 	at com.android.emailcommon.utility.Utility$2.doInBackground(Utility.java:549)
E/StrictMode(  626): 	at android.os.AsyncTask$2.call(AsyncTask.java:287)
E/StrictMode(  626): 	at java.util.concurrent.FutureTask.run(FutureTask.java:234)
E/StrictMode(  626): 	at java.util.concurrent.ThreadPoolExecutor.runWorker(ThreadPoolExecutor.java:1080)
E/StrictMode(  626): 	at java.util.concurrent.ThreadPoolExecutor$Worker.run(ThreadPoolExecutor.java:573)
E/StrictMode(  626): 	at java.lang.Thread.run(Thread.java:856)
W/ActivityManager(  274): Unbind failed: could not find connection for android.os.BinderProxy@40d2f1e0
D/dalvikvm(  626): GC_CONCURRENT freed 475K, 19% free 2661K/3268K, paused 74ms+4ms, total 147ms
W/Trace   (  274): Unexpected value from nativeGetEnabledTags: 0
W/Trace   (  274): Unexpected value from nativeGetEnabledTags: 0
W/Trace   (  274): Unexpected value from nativeGetEnabledTags: 0
W/Trace   (  383): Unexpected value from nativeGetEnabledTags: 0
W/Trace   (  383): Unexpected value from nativeGetEnabledTags: 0
W/Trace   (  274): Unexpected value from nativeGetEnabledTags: 0
W/Trace   (  383): Unexpected value from nativeGetEnabledTags: 0
W/Trace   (  383): Unexpected value from nativeGetEnabledTags: 0
W/Trace   (  383): Unexpected value from nativeGetEnabledTags: 0
W/Trace   (  383): Unexpected value from nativeGetEnabledTags: 0
W/Trace   (  383): Unexpected value from nativeGetEnabledTags: 0
W/Trace   (  383): Unexpected value from nativeGetEnabledTags: 0
W/Trace   (  383): Unexpected value from nativeGetEnabledTags: 0
W/Trace   (  383): Unexpected value from nativeGetEnabledTags: 0
W/Trace   (  383): Unexpected value from nativeGetEnabledTags: 0
W/Trace   (  538): Unexpected value from nativeGetEnabledTags: 0
W/Trace   (  383): Unexpected value from nativeGetEnabledTags: 0
W/Trace   (  669): Unexpected value from nativeGetEnabledTags: 0
W/Trace   (  538): Unexpected value from nativeGetEnabledTags: 0
W/Trace   (  669): Unexpected value from nativeGetEnabledTags: 0
W/Trace   (  669): Unexpected value from nativeGetEnabledTags: 0
W/Trace   (  669): Unexpected value from nativeGetEnabledTags: 0
W/Trace   (  432): Unexpected value from nativeGetEnabledTags: 0
W/Trace   (  432): Unexpected value from nativeGetEnabledTags: 0
D/ExchangeService(  626): Received deviceId from Email app: null
D/ExchangeService(  626): !!! deviceId unknown; stopping self and retrying
W/Trace   (  626): Unexpected value from nativeGetEnabledTags: 0
W/Trace   (  626): Unexpected value from nativeGetEnabledTags: 0
W/Trace   (  626): Unexpected value from nativeGetEnabledTags: 0
D/ExchangeService(  626): !!! EAS ExchangeService, onStartCommand, startingUp = false, running = false
W/ActivityManager(  274): Unable to start service Intent { act=com.android.email.ACCOUNT_INTENT } U=0: not found
D/ExchangeService(  626): !!! Email application not found; stopping self
W/ActivityManager(  274): Unable to start service Intent { act=com.android.email.ACCOUNT_INTENT } U=0: not found
W/Trace   (  626): Unexpected value from nativeGetEnabledTags: 0
W/Trace   (  626): Unexpected value from nativeGetEnabledTags: 0
W/Trace   (  626): Unexpected value from nativeGetEnabledTags: 0
E/ActivityThread(  626): Service com.android.exchange.ExchangeService has leaked ServiceConnection com.android.emailcommon.service.ServiceProxy$ProxyConnection@40d66b70 that was originally bound here
E/ActivityThread(  626): android.app.ServiceConnectionLeaked: Service com.android.exchange.ExchangeService has leaked ServiceConnection com.android.emailcommon.service.ServiceProxy$ProxyConnection@40d66b70 that was originally bound here
E/ActivityThread(  626): 	at android.app.LoadedApk$ServiceDispatcher.<init>(LoadedApk.java:969)
E/ActivityThread(  626): 	at android.app.LoadedApk.getServiceDispatcher(LoadedApk.java:863)
E/ActivityThread(  626): 	at android.app.ContextImpl.bindService(ContextImpl.java:1418)
E/ActivityThread(  626): 	at android.app.ContextImpl.bindService(ContextImpl.java:1407)
E/ActivityThread(  626): 	at android.content.ContextWrapper.bindService(ContextWrapper.java:473)
E/ActivityThread(  626): 	at com.android.emailcommon.service.ServiceProxy.setTask(ServiceProxy.java:157)
E/ActivityThread(  626): 	at com.android.emailcommon.service.ServiceProxy.setTask(ServiceProxy.java:145)
E/ActivityThread(  626): 	at com.android.emailcommon.service.ServiceProxy.test(ServiceProxy.java:191)
E/ActivityThread(  626): 	at com.android.exchange.ExchangeService$7.run(ExchangeService.java:1850)
E/ActivityThread(  626): 	at com.android.emailcommon.utility.Utility$2.doInBackground(Utility.java:551)
E/ActivityThread(  626): 	at com.android.emailcommon.utility.Utility$2.doInBackground(Utility.java:549)
E/ActivityThread(  626): 	at android.os.AsyncTask$2.call(AsyncTask.java:287)
E/ActivityThread(  626): 	at java.util.concurrent.FutureTask.run(FutureTask.java:234)
E/ActivityThread(  626): 	at java.util.concurrent.ThreadPoolExecutor.runWorker(ThreadPoolExecutor.java:1080)
E/ActivityThread(  626): 	at java.util.concurrent.ThreadPoolExecutor$Worker.run(ThreadPoolExecutor.java:573)
E/ActivityThread(  626): 	at java.lang.Thread.run(Thread.java:856)
E/StrictMode(  626): null
E/StrictMode(  626): android.app.ServiceConnectionLeaked: Service com.android.exchange.ExchangeService has leaked ServiceConnection com.android.emailcommon.service.ServiceProxy$ProxyConnection@40d66b70 that was originally bound here
E/StrictMode(  626): 	at android.app.LoadedApk$ServiceDispatcher.<init>(LoadedApk.java:969)
E/StrictMode(  626): 	at android.app.LoadedApk.getServiceDispatcher(LoadedApk.java:863)
E/StrictMode(  626): 	at android.app.ContextImpl.bindService(ContextImpl.java:1418)
E/StrictMode(  626): 	at android.app.ContextImpl.bindService(ContextImpl.java:1407)
E/StrictMode(  626): 	at android.content.ContextWrapper.bindService(ContextWrapper.java:473)
E/StrictMode(  626): 	at com.android.emailcommon.service.ServiceProxy.setTask(ServiceProxy.java:157)
E/StrictMode(  626): 	at com.android.emailcommon.service.ServiceProxy.setTask(ServiceProxy.java:145)
E/StrictMode(  626): 	at com.android.emailcommon.service.ServiceProxy.test(ServiceProxy.java:191)
E/StrictMode(  626): 	at com.android.exchange.ExchangeService$7.run(ExchangeService.java:1850)
E/StrictMode(  626): 	at com.android.emailcommon.utility.Utility$2.doInBackground(Utility.java:551)
E/StrictMode(  626): 	at com.android.emailcommon.utility.Utility$2.doInBackground(Utility.java:549)
E/StrictMode(  626): 	at android.os.AsyncTask$2.call(AsyncTask.java:287)
E/StrictMode(  626): 	at java.util.concurrent.FutureTask.run(FutureTask.java:234)
E/StrictMode(  626): 	at java.util.concurrent.ThreadPoolExecutor.runWorker(ThreadPoolExecutor.java:1080)
E/StrictMode(  626): 	at java.util.concurrent.ThreadPoolExecutor$Worker.run(ThreadPoolExecutor.java:573)
E/StrictMode(  626): 	at java.lang.Thread.run(Thread.java:856)
W/ActivityManager(  274): Unbind failed: could not find connection for android.os.BinderProxy@410b54f8
E/ActivityThread(  626): Service com.android.exchange.ExchangeService has leaked ServiceConnection com.android.emailcommon.service.ServiceProxy$ProxyConnection@40d647d8 that was originally bound here
E/ActivityThread(  626): android.app.ServiceConnectionLeaked: Service com.android.exchange.ExchangeService has leaked ServiceConnection com.android.emailcommon.service.ServiceProxy$ProxyConnection@40d647d8 that was originally bound here
E/ActivityThread(  626): 	at android.app.LoadedApk$ServiceDispatcher.<init>(LoadedApk.java:969)
E/ActivityThread(  626): 	at android.app.LoadedApk.getServiceDispatcher(LoadedApk.java:863)
E/ActivityThread(  626): 	at android.app.ContextImpl.bindService(ContextImpl.java:1418)
E/ActivityThread(  626): 	at android.app.ContextImpl.bindService(ContextImpl.java:1407)
E/ActivityThread(  626): 	at android.content.ContextWrapper.bindService(ContextWrapper.java:473)
E/ActivityThread(  626): 	at com.android.emailcommon.service.ServiceProxy.setTask(ServiceProxy.java:157)
E/ActivityThread(  626): 	at com.android.emailcommon.service.ServiceProxy.setTask(ServiceProxy.java:145)
E/ActivityThread(  626): 	at com.android.emailcommon.service.AccountServiceProxy.getDeviceId(AccountServiceProxy.java:116)
E/ActivityThread(  626): 	at com.android.exchange.ExchangeService.getDeviceId(ExchangeService.java:1249)
E/ActivityThread(  626): 	at com.android.exchange.ExchangeService$7.run(ExchangeService.java:1856)
E/ActivityThread(  626): 	at com.android.emailcommon.utility.Utility$2.doInBackground(Utility.java:551)
E/ActivityThread(  626): 	at com.android.emailcommon.utility.Utility$2.doInBackground(Utility.java:549)
E/ActivityThread(  626): 	at android.os.AsyncTask$2.call(AsyncTask.java:287)
E/ActivityThread(  626): 	at java.util.concurrent.FutureTask.run(FutureTask.java:234)
E/ActivityThread(  626): 	at java.util.concurrent.ThreadPoolExecutor.runWorker(ThreadPoolExecutor.java:1080)
E/ActivityThread(  626): 	at java.util.concurrent.ThreadPoolExecutor$Worker.run(ThreadPoolExecutor.java:573)
E/ActivityThread(  626): 	at java.lang.Thread.run(Thread.java:856)
E/StrictMode(  626): null
E/StrictMode(  626): android.app.ServiceConnectionLeaked: Service com.android.exchange.ExchangeService has leaked ServiceConnection com.android.emailcommon.service.ServiceProxy$ProxyConnection@40d647d8 that was originally bound here
E/StrictMode(  626): 	at android.app.LoadedApk$ServiceDispatcher.<init>(LoadedApk.java:969)
E/StrictMode(  626): 	at android.app.LoadedApk.getServiceDispatcher(LoadedApk.java:863)
E/StrictMode(  626): 	at android.app.ContextImpl.bindService(ContextImpl.java:1418)
E/StrictMode(  626): 	at android.app.ContextImpl.bindService(ContextImpl.java:1407)
E/StrictMode(  626): 	at android.content.ContextWrapper.bindService(ContextWrapper.java:473)
E/StrictMode(  626): 	at com.android.emailcommon.service.ServiceProxy.setTask(ServiceProxy.java:157)
E/StrictMode(  626): 	at com.android.emailcommon.service.ServiceProxy.setTask(ServiceProxy.java:145)
E/StrictMode(  626): 	at com.android.emailcommon.service.AccountServiceProxy.getDeviceId(AccountServiceProxy.java:116)
E/StrictMode(  626): 	at com.android.exchange.ExchangeService.getDeviceId(ExchangeService.java:1249)
E/StrictMode(  626): 	at com.android.exchange.ExchangeService$7.run(ExchangeService.java:1856)
E/StrictMode(  626): 	at com.android.emailcommon.utility.Utility$2.doInBackground(Utility.java:551)
E/StrictMode(  626): 	at com.android.emailcommon.utility.Utility$2.doInBackground(Utility.java:549)
E/StrictMode(  626): 	at android.os.AsyncTask$2.call(AsyncTask.java:287)
E/StrictMode(  626): 	at java.util.concurrent.FutureTask.run(FutureTask.java:234)
E/StrictMode(  626): 	at java.util.concurrent.ThreadPoolExecutor.runWorker(ThreadPoolExecutor.java:1080)
E/StrictMode(  626): 	at java.util.concurrent.ThreadPoolExecutor$Worker.run(ThreadPoolExecutor.java:573)
E/StrictMode(  626): 	at java.lang.Thread.run(Thread.java:856)
W/ActivityManager(  274): Unbind failed: could not find connection for android.os.BinderProxy@40f5ecc8
W/Trace   (  274): Unexpected value from nativeGetEnabledTags: 0
W/Trace   (  274): Unexpected value from nativeGetEnabledTags: 0
W/Trace   (  274): Unexpected value from nativeGetEnabledTags: 0
W/Trace   (  383): Unexpected value from nativeGetEnabledTags: 0
W/Trace   (  383): Unexpected value from nativeGetEnabledTags: 0
W/Trace   (  274): Unexpected value from nativeGetEnabledTags: 0
W/Trace   (  383): Unexpected value from nativeGetEnabledTags: 0
W/Trace   (  383): Unexpected value from nativeGetEnabledTags: 0
W/Trace   (  383): Unexpected value from nativeGetEnabledTags: 0
W/Trace   (  383): Unexpected value from nativeGetEnabledTags: 0
W/Trace   (  383): Unexpected value from nativeGetEnabledTags: 0
W/Trace   (  383): Unexpected value from nativeGetEnabledTags: 0
W/Trace   (  383): Unexpected value from nativeGetEnabledTags: 0
W/Trace   (  383): Unexpected value from nativeGetEnabledTags: 0
W/Trace   (  383): Unexpected value from nativeGetEnabledTags: 0
W/Trace   (  538): Unexpected value from nativeGetEnabledTags: 0
W/Trace   (  383): Unexpected value from nativeGetEnabledTags: 0
W/Trace   (  669): Unexpected value from nativeGetEnabledTags: 0
W/Trace   (  538): Unexpected value from nativeGetEnabledTags: 0
W/Trace   (  669): Unexpected value from nativeGetEnabledTags: 0
W/Trace   (  669): Unexpected value from nativeGetEnabledTags: 0
W/Trace   (  669): Unexpected value from nativeGetEnabledTags: 0
W/Trace   (  432): Unexpected value from nativeGetEnabledTags: 0
W/Trace   (  432): Unexpected value from nativeGetEnabledTags: 0
D/ExchangeService(  626): Received deviceId from Email app: null
D/ExchangeService(  626): !!! deviceId unknown; stopping self and retrying
W/Trace   (  626): Unexpected value from nativeGetEnabledTags: 0
W/Trace   (  626): Unexpected value from nativeGetEnabledTags: 0
W/Trace   (  626): Unexpected value from nativeGetEnabledTags: 0
D/ExchangeService(  626): !!! EAS ExchangeService, onStartCommand, startingUp = false, running = false
W/ActivityManager(  274): Unable to start service Intent { act=com.android.email.ACCOUNT_INTENT } U=0: not found
D/ExchangeService(  626): !!! Email application not found; stopping self
W/ActivityManager(  274): Unable to start service Intent { act=com.android.email.ACCOUNT_INTENT } U=0: not found
W/Trace   (  626): Unexpected value from nativeGetEnabledTags: 0
W/Trace   (  626): Unexpected value from nativeGetEnabledTags: 0
W/Trace   (  626): Unexpected value from nativeGetEnabledTags: 0
E/ActivityThread(  626): Service com.android.exchange.ExchangeService has leaked ServiceConnection com.android.emailcommon.service.ServiceProxy$ProxyConnection@40d44bc0 that was originally bound here
E/ActivityThread(  626): android.app.ServiceConnectionLeaked: Service com.android.exchange.ExchangeService has leaked ServiceConnection com.android.emailcommon.service.ServiceProxy$ProxyConnection@40d44bc0 that was originally bound here
E/ActivityThread(  626): 	at android.app.LoadedApk$ServiceDispatcher.<init>(LoadedApk.java:969)
E/ActivityThread(  626): 	at android.app.LoadedApk.getServiceDispatcher(LoadedApk.java:863)
E/ActivityThread(  626): 	at android.app.ContextImpl.bindService(ContextImpl.java:1418)
E/ActivityThread(  626): 	at android.app.ContextImpl.bindService(ContextImpl.java:1407)
E/ActivityThread(  626): 	at android.content.ContextWrapper.bindService(ContextWrapper.java:473)
E/ActivityThread(  626): 	at com.android.emailcommon.service.ServiceProxy.setTask(ServiceProxy.java:157)
E/ActivityThread(  626): 	at com.android.emailcommon.service.ServiceProxy.setTask(ServiceProxy.java:145)
E/ActivityThread(  626): 	at com.android.emailcommon.service.ServiceProxy.test(ServiceProxy.java:191)
E/ActivityThread(  626): 	at com.android.exchange.ExchangeService$7.run(ExchangeService.java:1850)
E/ActivityThread(  626): 	at com.android.emailcommon.utility.Utility$2.doInBackground(Utility.java:551)
E/ActivityThread(  626): 	at com.android.emailcommon.utility.Utility$2.doInBackground(Utility.java:549)
E/ActivityThread(  626): 	at android.os.AsyncTask$2.call(AsyncTask.java:287)
E/ActivityThread(  626): 	at java.util.concurrent.FutureTask.run(FutureTask.java:234)
E/ActivityThread(  626): 	at java.util.concurrent.ThreadPoolExecutor.runWorker(ThreadPoolExecutor.java:1080)
E/ActivityThread(  626): 	at java.util.concurrent.ThreadPoolExecutor$Worker.run(ThreadPoolExecutor.java:573)
E/ActivityThread(  626): 	at java.lang.Thread.run(Thread.java:856)
E/StrictMode(  626): null
E/StrictMode(  626): android.app.ServiceConnectionLeaked: Service com.android.exchange.ExchangeService has leaked ServiceConnection com.android.emailcommon.service.ServiceProxy$ProxyConnection@40d44bc0 that was originally bound here
E/StrictMode(  626): 	at android.app.LoadedApk$ServiceDispatcher.<init>(LoadedApk.java:969)
E/StrictMode(  626): 	at android.app.LoadedApk.getServiceDispatcher(LoadedApk.java:863)
E/StrictMode(  626): 	at android.app.ContextImpl.bindService(ContextImpl.java:1418)
E/StrictMode(  626): 	at android.app.ContextImpl.bindService(ContextImpl.java:1407)
E/StrictMode(  626): 	at android.content.ContextWrapper.bindService(ContextWrapper.java:473)
E/StrictMode(  626): 	at com.android.emailcommon.service.ServiceProxy.setTask(ServiceProxy.java:157)
E/StrictMode(  626): 	at com.android.emailcommon.service.ServiceProxy.setTask(ServiceProxy.java:145)
E/StrictMode(  626): 	at com.android.emailcommon.service.ServiceProxy.test(ServiceProxy.java:191)
E/StrictMode(  626): 	at com.android.exchange.ExchangeService$7.run(ExchangeService.java:1850)
E/StrictMode(  626): 	at com.android.emailcommon.utility.Utility$2.doInBackground(Utility.java:551)
E/StrictMode(  626): 	at com.android.emailcommon.utility.Utility$2.doInBackground(Utility.java:549)
E/StrictMode(  626): 	at android.os.AsyncTask$2.call(AsyncTask.java:287)
E/StrictMode(  626): 	at java.util.concurrent.FutureTask.run(FutureTask.java:234)
E/StrictMode(  626): 	at java.util.concurrent.ThreadPoolExecutor.runWorker(ThreadPoolExecutor.java:1080)
E/StrictMode(  626): 	at java.util.concurrent.ThreadPoolExecutor$Worker.run(ThreadPoolExecutor.java:573)
E/StrictMode(  626): 	at java.lang.Thread.run(Thread.java:856)
W/ActivityManager(  274): Unbind failed: could not find connection for android.os.BinderProxy@4109c998
E/ActivityThread(  626): Service com.android.exchange.ExchangeService has leaked ServiceConnection com.android.emailcommon.service.ServiceProxy$ProxyConnection@40d3c748 that was originally bound here
E/ActivityThread(  626): android.app.ServiceConnectionLeaked: Service com.android.exchange.ExchangeService has leaked ServiceConnection com.android.emailcommon.service.ServiceProxy$ProxyConnection@40d3c748 that was originally bound here
E/ActivityThread(  626): 	at android.app.LoadedApk$ServiceDispatcher.<init>(LoadedApk.java:969)
E/ActivityThread(  626): 	at android.app.LoadedApk.getServiceDispatcher(LoadedApk.java:863)
E/ActivityThread(  626): 	at android.app.ContextImpl.bindService(ContextImpl.java:1418)
E/ActivityThread(  626): 	at android.app.ContextImpl.bindService(ContextImpl.java:1407)
E/ActivityThread(  626): 	at android.content.ContextWrapper.bindService(ContextWrapper.java:473)
E/ActivityThread(  626): 	at com.android.emailcommon.service.ServiceProxy.setTask(ServiceProxy.java:157)
E/ActivityThread(  626): 	at com.android.emailcommon.service.ServiceProxy.setTask(ServiceProxy.java:145)
E/ActivityThread(  626): 	at com.android.emailcommon.service.AccountServiceProxy.getDeviceId(AccountServiceProxy.java:116)
E/ActivityThread(  626): 	at com.android.exchange.ExchangeService.getDeviceId(ExchangeService.java:1249)
E/ActivityThread(  626): 	at com.android.exchange.ExchangeService$7.run(ExchangeService.java:1856)
E/ActivityThread(  626): 	at com.android.emailcommon.utility.Utility$2.doInBackground(Utility.java:551)
E/ActivityThread(  626): 	at com.android.emailcommon.utility.Utility$2.doInBackground(Utility.java:549)
E/ActivityThread(  626): 	at android.os.AsyncTask$2.call(AsyncTask.java:287)
E/ActivityThread(  626): 	at java.util.concurrent.FutureTask.run(FutureTask.java:234)
E/ActivityThread(  626): 	at java.util.concurrent.ThreadPoolExecutor.runWorker(ThreadPoolExecutor.java:1080)
E/ActivityThread(  626): 	at java.util.concurrent.ThreadPoolExecutor$Worker.run(ThreadPoolExecutor.java:573)
E/ActivityThread(  626): 	at java.lang.Thread.run(Thread.java:856)
E/StrictMode(  626): null
E/StrictMode(  626): android.app.ServiceConnectionLeaked: Service com.android.exchange.ExchangeService has leaked ServiceConnection com.android.emailcommon.service.ServiceProxy$ProxyConnection@40d3c748 that was originally bound here
