W/Trace   ( 1010): Unexpected value from nativeGetEnabledTags: 0
W/Trace   ( 1010): Unexpected value from nativeGetEnabledTags: 0
W/Trace   ( 1010): Unexpected value from nativeGetEnabledTags: 0
W/Trace   ( 1010): Unexpected value from nativeGetEnabledTags: 0
W/Trace   ( 1010): Unexpected value from nativeGetEnabledTags: 0
W/Trace   ( 1010): Unexpected value from nativeGetEnabledTags: 0
W/Trace   ( 1010): Unexpected value from nativeGetEnabledTags: 0
W/Trace   ( 1010): Unexpected value from nativeGetEnabledTags: 0
W/Trace   ( 1010): Unexpected value from nativeGetEnabledTags: 0
W/Trace   ( 1010): Unexpected value from nativeGetEnabledTags: 0
W/Trace   ( 1010): Unexpected value from nativeGetEnabledTags: 0
W/Trace   ( 1010): Unexpected value from nativeGetEnabledTags: 0
W/Trace   ( 1010): Unexpected value from nativeGetEnabledTags: 0
W/Trace   ( 1010): Unexpected value from nativeGetEnabledTags: 0
W/Trace   ( 1010): Unexpected value from nativeGetEnabledTags: 0
W/Trace   ( 1010): Unexpected value from nativeGetEnabledTags: 0
W/Trace   ( 1010): Unexpected value from nativeGetEnabledTags: 0
W/Trace   ( 1010): Unexpected value from nativeGetEnabledTags: 0
W/Trace   ( 1010): Unexpected value from nativeGetEnabledTags: 0
W/Trace   ( 1010): Unexpected value from nativeGetEnabledTags: 0
W/Trace   ( 1010): Unexpected value from nativeGetEnabledTags: 0
W/Trace   ( 1010): Unexpected value from nativeGetEnabledTags: 0
W/Trace   ( 1010): Unexpected value from nativeGetEnabledTags: 0
W/Trace   ( 1010): Unexpected value from nativeGetEnabledTags: 0
W/Trace   ( 1010): Unexpected value from nativeGetEnabledTags: 0
W/Trace   ( 1010): Unexpected value from nativeGetEnabledTags: 0
W/Trace   ( 1010): Unexpected value from nativeGetEnabledTags: 0
W/Trace   ( 1010): Unexpected value from nativeGetEnabledTags: 0
W/Trace   ( 1010): Unexpected value from nativeGetEnabledTags: 0
W/Trace   ( 1010): Unexpected value from nativeGetEnabledTags: 0
W/Trace   (  343): Unexpected value from nativeGetEnabledTags: 0
W/Trace   (  343): Unexpected value from nativeGetEnabledTags: 0
W/Trace   (  396): Unexpected value from nativeGetEnabledTags: 0
W/Trace   (  396): Unexpected value from nativeGetEnabledTags: 0
W/Trace   (  274): Unexpected value from nativeGetEnabledTags: 0
W/Trace   (  274): Unexpected value from nativeGetEnabledTags: 0
W/Trace   (  343): Unexpected value from nativeGetEnabledTags: 0
W/Trace   (  343): Unexpected value from nativeGetEnabledTags: 0
W/Trace   (  343): Unexpected value from nativeGetEnabledTags: 0
W/Trace   (  343): Unexpected value from nativeGetEnabledTags: 0
W/Trace   (  343): Unexpected value from nativeGetEnabledTags: 0
W/Trace   (  343): Unexpected value from nativeGetEnabledTags: 0
W/Trace   (  343): Unexpected value from nativeGetEnabledTags: 0
W/Trace   (  343): Unexpected value from nativeGetEnabledTags: 0
I/ActivityManager(  274): START u0 {act=android.intent.action.MAIN cat=[android.intent.category.HOME] flg=0x10200000 cmp=com.android.launcher/com.android.launcher2.Launcher} from pid 274
W/Trace   (  274): Unexpected value from nativeGetEnabledTags: 0
W/Trace   (  274): Unexpected value from nativeGetEnabledTags: 0
W/WindowManager(  274): Failure taking screenshot for (246x410) to layer 21015
W/Trace   ( 1010): Unexpected value from nativeGetEnabledTags: 0
W/Trace   (  274): Unexpected value from nativeGetEnabledTags: 0
W/Trace   (  274): Unexpected value from nativeGetEnabledTags: 0
W/Trace   (  274): Unexpected value from nativeGetEnabledTags: 0
W/Trace   (  396): Unexpected value from nativeGetEnabledTags: 0
W/Trace   (  274): Unexpected value from nativeGetEnabledTags: 0
W/Trace   (  274): Unexpected value from nativeGetEnabledTags: 0
W/Trace   (  274): Unexpected value from nativeGetEnabledTags: 0
W/Trace   (  396): Unexpected value from nativeGetEnabledTags: 0
W/Trace   (  396): Unexpected value from nativeGetEnabledTags: 0
W/Trace   (  396): Unexpected value from nativeGetEnabledTags: 0
W/Trace   (  396): Unexpected value from nativeGetEnabledTags: 0
W/Trace   ( 1010): Unexpected value from nativeGetEnabledTags: 0
W/Trace   (  396): Unexpected value from nativeGetEnabledTags: 0
I/Choreographer(  396): Skipped 44 frames!  The application may be doing too much work on its main thread.
D/dalvikvm(  343): GC_CONCURRENT freed 561K, 12% free 5203K/5876K, paused 11ms+29ms, total 230ms
W/Trace   (  396): Unexpected value from nativeGetEnabledTags: 0
W/Trace   (  396): Unexpected value from nativeGetEnabledTags: 0
W/Trace   (  396): Unexpected value from nativeGetEnabledTags: 0
W/Trace   (  274): Unexpected value from nativeGetEnabledTags: 0
W/Trace   (  274): Unexpected value from nativeGetEnabledTags: 0
W/Trace   (  274): Unexpected value from nativeGetEnabledTags: 0
W/Trace   (  274): Unexpected value from nativeGetEnabledTags: 0
E/SurfaceFlinger(   36): ro.sf.lcd_density must be defined as a build property
W/Trace   (  396): Unexpected value from nativeGetEnabledTags: 0
W/Trace   (  396): Unexpected value from nativeGetEnabledTags: 0
W/Trace   (  396): Unexpected value from nativeGetEnabledTags: 0
W/Trace   (  396): Unexpected value from nativeGetEnabledTags: 0
W/Trace   (  396): Unexpected value from nativeGetEnabledTags: 0
W/Trace   (  396): Unexpected value from nativeGetEnabledTags: 0
W/Trace   (  274): Unexpected value from nativeGetEnabledTags: 0
W/Trace   ( 1010): Unexpected value from nativeGetEnabledTags: 0
W/Trace   (  274): Unexpected value from nativeGetEnabledTags: 0
W/Trace   (  274): Unexpected value from nativeGetEnabledTags: 0
W/Trace   (  274): Unexpected value from nativeGetEnabledTags: 0
W/Trace   (  274): Unexpected value from nativeGetEnabledTags: 0
W/Trace   (  274): Unexpected value from nativeGetEnabledTags: 0
W/Trace   ( 1010): Unexpected value from nativeGetEnabledTags: 0
W/Trace   (  274): Unexpected value from nativeGetEnabledTags: 0
W/Trace   (  274): Unexpected value from nativeGetEnabledTags: 0
W/Trace   (  396): Unexpected value from nativeGetEnabledTags: 0
W/Trace   ( 1010): Unexpected value from nativeGetEnabledTags: 0
W/Trace   ( 1010): Unexpected value from nativeGetEnabledTags: 0
W/Trace   (  396): Unexpected value from nativeGetEnabledTags: 0
W/Trace   (  396): Unexpected value from nativeGetEnabledTags: 0
W/Trace   (  396): Unexpected value from nativeGetEnabledTags: 0
W/Trace   (  396): Unexpected value from nativeGetEnabledTags: 0
I/Choreographer(  396): Skipped 39 frames!  The application may be doing too much work on its main thread.
W/Trace   (  396): Unexpected value from nativeGetEnabledTags: 0
W/Trace   (  396): Unexpected value from nativeGetEnabledTags: 0
W/Trace   (  396): Unexpected value from nativeGetEnabledTags: 0
W/Trace   (  396): Unexpected value from nativeGetEnabledTags: 0
W/Trace   (  396): Unexpected value from nativeGetEnabledTags: 0
W/Trace   (  396): Unexpected value from nativeGetEnabledTags: 0
W/Trace   ( 1010): Unexpected value from nativeGetEnabledTags: 0
W/Trace   ( 1010): Unexpected value from nativeGetEnabledTags: 0
W/Trace   (  274): Unexpected value from nativeGetEnabledTags: 0
W/Trace   (  274): Unexpected value from nativeGetEnabledTags: 0
W/Trace   (  274): Unexpected value from nativeGetEnabledTags: 0
W/Trace   ( 1010): Unexpected value from nativeGetEnabledTags: 0
W/Trace   ( 1010): Unexpected value from nativeGetEnabledTags: 0
W/Trace   (  274): Unexpected value from nativeGetEnabledTags: 0
W/Trace   (  396): Unexpected value from nativeGetEnabledTags: 0
W/Trace   (  396): Unexpected value from nativeGetEnabledTags: 0
I/Choreographer(  396): Skipped 49 frames!  The application may be doing too much work on its main thread.
W/Trace   (  396): Unexpected value from nativeGetEnabledTags: 0
W/Trace   (  396): Unexpected value from nativeGetEnabledTags: 0
W/Trace   (  396): Unexpected value from nativeGetEnabledTags: 0
W/Trace   (  396): Unexpected value from nativeGetEnabledTags: 0
W/Trace   (  396): Unexpected value from nativeGetEnabledTags: 0
W/Trace   (  396): Unexpected value from nativeGetEnabledTags: 0
W/Trace   (  274): Unexpected value from nativeGetEnabledTags: 0
W/Trace   (  274): Unexpected value from nativeGetEnabledTags: 0
W/Trace   (  396): Unexpected value from nativeGetEnabledTags: 0
W/Trace   (  396): Unexpected value from nativeGetEnabledTags: 0
W/Trace   (  396): Unexpected value from nativeGetEnabledTags: 0
W/Trace   (  396): Unexpected value from nativeGetEnabledTags: 0
W/Trace   (  396): Unexpected value from nativeGetEnabledTags: 0
W/Trace   (  396): Unexpected value from nativeGetEnabledTags: 0
W/Trace   (  396): Unexpected value from nativeGetEnabledTags: 0
W/Trace   (  396): Unexpected value from nativeGetEnabledTags: 0
W/Trace   (  396): Unexpected value from nativeGetEnabledTags: 0
W/Trace   (  396): Unexpected value from nativeGetEnabledTags: 0
W/Trace   (  396): Unexpected value from nativeGetEnabledTags: 0
W/Trace   (  396): Unexpected value from nativeGetEnabledTags: 0
W/Trace   (  396): Unexpected value from nativeGetEnabledTags: 0
W/Trace   (  396): Unexpected value from nativeGetEnabledTags: 0
W/Trace   (  396): Unexpected value from nativeGetEnabledTags: 0
W/Trace   (  396): Unexpected value from nativeGetEnabledTags: 0
W/Trace   (  396): Unexpected value from nativeGetEnabledTags: 0
W/Trace   (  396): Unexpected value from nativeGetEnabledTags: 0
W/Trace   (  396): Unexpected value from nativeGetEnabledTags: 0
W/Trace   (  396): Unexpected value from nativeGetEnabledTags: 0
I/Choreographer(  396): Skipped 33 frames!  The application may be doing too much work on its main thread.
W/Trace   (  396): Unexpected value from nativeGetEnabledTags: 0
W/Trace   (  396): Unexpected value from nativeGetEnabledTags: 0
W/Trace   (  396): Unexpected value from nativeGetEnabledTags: 0
W/Trace   (  396): Unexpected value from nativeGetEnabledTags: 0
I/ActivityManager(  274): START u0 {act=android.intent.action.MAIN cat=[android.intent.category.LAUNCHER] flg=0x10200000 cmp=com.wallpaper.sundial/.Sundial bnds=[120,555][240,705]} from pid 396
W/Trace   (  274): Unexpected value from nativeGetEnabledTags: 0
W/Trace   (  274): Unexpected value from nativeGetEnabledTags: 0
W/WindowManager(  274): Failure taking screenshot for (246x410) to layer 21015
W/Trace   (  396): Unexpected value from nativeGetEnabledTags: 0
W/Trace   (  274): Unexpected value from nativeGetEnabledTags: 0
W/Trace   (  274): Unexpected value from nativeGetEnabledTags: 0
W/Trace   (  274): Unexpected value from nativeGetEnabledTags: 0
W/Trace   (  274): Unexpected value from nativeGetEnabledTags: 0
W/Trace   ( 1010): Unexpected value from nativeGetEnabledTags: 0
W/Trace   (  343): Unexpected value from nativeGetEnabledTags: 0
W/Trace   (  343): Unexpected value from nativeGetEnabledTags: 0
W/Trace   ( 1010): Unexpected value from nativeGetEnabledTags: 0
W/Trace   ( 1010): Unexpected value from nativeGetEnabledTags: 0
W/Trace   (  396): Unexpected value from nativeGetEnabledTags: 0
W/Trace   (  396): Unexpected value from nativeGetEnabledTags: 0
W/Trace   (  396): Unexpected value from nativeGetEnabledTags: 0
W/Trace   ( 1010): Unexpected value from nativeGetEnabledTags: 0
W/Trace   ( 1010): Unexpected value from nativeGetEnabledTags: 0
W/Trace   (  274): Unexpected value from nativeGetEnabledTags: 0
W/Trace   (  274): Unexpected value from nativeGetEnabledTags: 0
W/Trace   (  274): Unexpected value from nativeGetEnabledTags: 0
W/Trace   (  274): Unexpected value from nativeGetEnabledTags: 0
E/SurfaceFlinger(   36): ro.sf.lcd_density must be defined as a build property
W/Trace   (  343): Unexpected value from nativeGetEnabledTags: 0
W/Trace   (  343): Unexpected value from nativeGetEnabledTags: 0
W/Trace   (  343): Unexpected value from nativeGetEnabledTags: 0
W/Trace   ( 1010): Unexpected value from nativeGetEnabledTags: 0
W/Trace   ( 1010): Unexpected value from nativeGetEnabledTags: 0
W/Trace   (  343): Unexpected value from nativeGetEnabledTags: 0
W/Trace   (  343): Unexpected value from nativeGetEnabledTags: 0
W/Trace   (  343): Unexpected value from nativeGetEnabledTags: 0
W/Trace   (  343): Unexpected value from nativeGetEnabledTags: 0
W/Trace   (  343): Unexpected value from nativeGetEnabledTags: 0
V/PhoneStatusBar(  343): setLightsOn(true)
W/Trace   ( 1010): Unexpected value from nativeGetEnabledTags: 0
W/Trace   (  396): Unexpected value from nativeGetEnabledTags: 0
W/Trace   (  396): Unexpected value from nativeGetEnabledTags: 0
W/Trace   ( 1010): Unexpected value from nativeGetEnabledTags: 0
W/Trace   ( 1010): Unexpected value from nativeGetEnabledTags: 0
W/Trace   ( 1010): Unexpected value from nativeGetEnabledTags: 0
W/Trace   ( 1010): Unexpected value from nativeGetEnabledTags: 0
W/Trace   ( 1010): Unexpected value from nativeGetEnabledTags: 0
W/Trace   ( 1010): Unexpected value from nativeGetEnabledTags: 0
W/Trace   ( 1010): Unexpected value from nativeGetEnabledTags: 0
W/Trace   (  274): Unexpected value from nativeGetEnabledTags: 0
W/Trace   (  274): Unexpected value from nativeGetEnabledTags: 0
W/Trace   (  274): Unexpected value from nativeGetEnabledTags: 0
W/Trace   (  396): Unexpected value from nativeGetEnabledTags: 0
W/Trace   (  274): Unexpected value from nativeGetEnabledTags: 0
W/Trace   (  274): Unexpected value from nativeGetEnabledTags: 0
W/Trace   (  274): Unexpected value from nativeGetEnabledTags: 0
W/Trace   (  396): Unexpected value from nativeGetEnabledTags: 0
W/Trace   (  274): Unexpected value from nativeGetEnabledTags: 0
W/Trace   (  274): Unexpected value from nativeGetEnabledTags: 0
W/Trace   ( 1010): Unexpected value from nativeGetEnabledTags: 0
W/Trace   (  396): Unexpected value from nativeGetEnabledTags: 0
W/Trace   (  396): Unexpected value from nativeGetEnabledTags: 0
W/Trace   (  274): Unexpected value from nativeGetEnabledTags: 0
W/Trace   (  274): Unexpected value from nativeGetEnabledTags: 0
W/Trace   (  274): Unexpected value from nativeGetEnabledTags: 0
W/Trace   (  274): Unexpected value from nativeGetEnabledTags: 0
W/Trace   (  396): Unexpected value from nativeGetEnabledTags: 0
W/Trace   (  396): Unexpected value from nativeGetEnabledTags: 0
W/Trace   (  396): Unexpected value from nativeGetEnabledTags: 0
W/Trace   (  396): Unexpected value from nativeGetEnabledTags: 0
D/ExchangeService(  595): Received deviceId from Email app: null
D/ExchangeService(  595): !!! deviceId unknown; stopping self and retrying
W/Trace   (  595): Unexpected value from nativeGetEnabledTags: 0
W/Trace   (  595): Unexpected value from nativeGetEnabledTags: 0
W/Trace   (  595): Unexpected value from nativeGetEnabledTags: 0
D/ExchangeService(  595): !!! EAS ExchangeService, onStartCommand, startingUp = false, running = false
W/ActivityManager(  274): Unable to start service Intent { act=com.android.email.ACCOUNT_INTENT } U=0: not found
D/ExchangeService(  595): !!! Email application not found; stopping self
W/ActivityManager(  274): Unable to start service Intent { act=com.android.email.ACCOUNT_INTENT } U=0: not found
W/Trace   (  595): Unexpected value from nativeGetEnabledTags: 0
W/Trace   (  595): Unexpected value from nativeGetEnabledTags: 0
W/Trace   (  595): Unexpected value from nativeGetEnabledTags: 0
E/ActivityThread(  595): Service com.android.exchange.ExchangeService has leaked ServiceConnection com.android.emailcommon.service.ServiceProxy$ProxyConnection@40cef6a0 that was originally bound here
E/ActivityThread(  595): android.app.ServiceConnectionLeaked: Service com.android.exchange.ExchangeService has leaked ServiceConnection com.android.emailcommon.service.ServiceProxy$ProxyConnection@40cef6a0 that was originally bound here
E/ActivityThread(  595): 	at android.app.LoadedApk$ServiceDispatcher.<init>(LoadedApk.java:969)
E/ActivityThread(  595): 	at android.app.LoadedApk.getServiceDispatcher(LoadedApk.java:863)
E/ActivityThread(  595): 	at android.app.ContextImpl.bindService(ContextImpl.java:1418)
E/ActivityThread(  595): 	at android.app.ContextImpl.bindService(ContextImpl.java:1407)
E/ActivityThread(  595): 	at android.content.ContextWrapper.bindService(ContextWrapper.java:473)
E/ActivityThread(  595): 	at com.android.emailcommon.service.ServiceProxy.setTask(ServiceProxy.java:157)
E/ActivityThread(  595): 	at com.android.emailcommon.service.ServiceProxy.setTask(ServiceProxy.java:145)
E/ActivityThread(  595): 	at com.android.emailcommon.service.AccountServiceProxy.getDeviceId(AccountServiceProxy.java:116)
E/ActivityThread(  595): 	at com.android.exchange.ExchangeService.getDeviceId(ExchangeService.java:1249)
E/ActivityThread(  595): 	at com.android.exchange.ExchangeService$7.run(ExchangeService.java:1856)
E/ActivityThread(  595): 	at com.android.emailcommon.utility.Utility$2.doInBackground(Utility.java:551)
E/ActivityThread(  595): 	at com.android.emailcommon.utility.Utility$2.doInBackground(Utility.java:549)
E/ActivityThread(  595): 	at android.os.AsyncTask$2.call(AsyncTask.java:287)
E/ActivityThread(  595): 	at java.util.concurrent.FutureTask.run(FutureTask.java:234)
E/ActivityThread(  595): 	at java.util.concurrent.ThreadPoolExecutor.runWorker(ThreadPoolExecutor.java:1080)
E/ActivityThread(  595): 	at java.util.concurrent.ThreadPoolExecutor$Worker.run(ThreadPoolExecutor.java:573)
E/ActivityThread(  595): 	at java.lang.Thread.run(Thread.java:856)
E/StrictMode(  595): null
E/StrictMode(  595): android.app.ServiceConnectionLeaked: Service com.android.exchange.ExchangeService has leaked ServiceConnection com.android.emailcommon.service.ServiceProxy$ProxyConnection@40cef6a0 that was originally bound here
E/StrictMode(  595): 	at android.app.LoadedApk$ServiceDispatcher.<init>(LoadedApk.java:969)
E/StrictMode(  595): 	at android.app.LoadedApk.getServiceDispatcher(LoadedApk.java:863)
E/StrictMode(  595): 	at android.app.ContextImpl.bindService(ContextImpl.java:1418)
E/StrictMode(  595): 	at android.app.ContextImpl.bindService(ContextImpl.java:1407)
E/StrictMode(  595): 	at android.content.ContextWrapper.bindService(ContextWrapper.java:473)
E/StrictMode(  595): 	at com.android.emailcommon.service.ServiceProxy.setTask(ServiceProxy.java:157)
E/StrictMode(  595): 	at com.android.emailcommon.service.ServiceProxy.setTask(ServiceProxy.java:145)
E/StrictMode(  595): 	at com.android.emailcommon.service.AccountServiceProxy.getDeviceId(AccountServiceProxy.java:116)
E/StrictMode(  595): 	at com.android.exchange.ExchangeService.getDeviceId(ExchangeService.java:1249)
E/StrictMode(  595): 	at com.android.exchange.ExchangeService$7.run(ExchangeService.java:1856)
E/StrictMode(  595): 	at com.android.emailcommon.utility.Utility$2.doInBackground(Utility.java:551)
E/StrictMode(  595): 	at com.android.emailcommon.utility.Utility$2.doInBackground(Utility.java:549)
E/StrictMode(  595): 	at android.os.AsyncTask$2.call(AsyncTask.java:287)
E/StrictMode(  595): 	at java.util.concurrent.FutureTask.run(FutureTask.java:234)
E/StrictMode(  595): 	at java.util.concurrent.ThreadPoolExecutor.runWorker(ThreadPoolExecutor.java:1080)
E/StrictMode(  595): 	at java.util.concurrent.ThreadPoolExecutor$Worker.run(ThreadPoolExecutor.java:573)
E/StrictMode(  595): 	at java.lang.Thread.run(Thread.java:856)
W/ActivityManager(  274): Unbind failed: could not find connection for android.os.BinderProxy@40f44870
E/ActivityThread(  595): Service com.android.exchange.ExchangeService has leaked ServiceConnection com.android.emailcommon.service.ServiceProxy$ProxyConnection@40d22890 that was originally bound here
E/ActivityThread(  595): android.app.ServiceConnectionLeaked: Service com.android.exchange.ExchangeService has leaked ServiceConnection com.android.emailcommon.service.ServiceProxy$ProxyConnection@40d22890 that was originally bound here
E/ActivityThread(  595): 	at android.app.LoadedApk$ServiceDispatcher.<init>(LoadedApk.java:969)
E/ActivityThread(  595): 	at android.app.LoadedApk.getServiceDispatcher(LoadedApk.java:863)
E/ActivityThread(  595): 	at android.app.ContextImpl.bindService(ContextImpl.java:1418)
E/ActivityThread(  595): 	at android.app.ContextImpl.bindService(ContextImpl.java:1407)
E/ActivityThread(  595): 	at android.content.ContextWrapper.bindService(ContextWrapper.java:473)
E/ActivityThread(  595): 	at com.android.emailcommon.service.ServiceProxy.setTask(ServiceProxy.java:157)
E/ActivityThread(  595): 	at com.android.emailcommon.service.ServiceProxy.setTask(ServiceProxy.java:145)
E/ActivityThread(  595): 	at com.android.emailcommon.service.ServiceProxy.test(ServiceProxy.java:191)
E/ActivityThread(  595): 	at com.android.exchange.ExchangeService$7.run(ExchangeService.java:1850)
E/ActivityThread(  595): 	at com.android.emailcommon.utility.Utility$2.doInBackground(Utility.java:551)
E/ActivityThread(  595): 	at com.android.emailcommon.utility.Utility$2.doInBackground(Utility.java:549)
E/ActivityThread(  595): 	at android.os.AsyncTask$2.call(AsyncTask.java:287)
E/ActivityThread(  595): 	at java.util.concurrent.FutureTask.run(FutureTask.java:234)
E/ActivityThread(  595): 	at java.util.concurrent.ThreadPoolExecutor.runWorker(ThreadPoolExecutor.java:1080)
E/ActivityThread(  595): 	at java.util.concurrent.ThreadPoolExecutor$Worker.run(ThreadPoolExecutor.java:573)
E/ActivityThread(  595): 	at java.lang.Thread.run(Thread.java:856)
E/StrictMode(  595): null
E/StrictMode(  595): android.app.ServiceConnectionLeaked: Service com.android.exchange.ExchangeService has leaked ServiceConnection com.android.emailcommon.service.ServiceProxy$ProxyConnection@40d22890 that was originally bound here
E/StrictMode(  595): 	at android.app.LoadedApk$ServiceDispatcher.<init>(LoadedApk.java:969)
E/StrictMode(  595): 	at android.app.LoadedApk.getServiceDispatcher(LoadedApk.java:863)
E/StrictMode(  595): 	at android.app.ContextImpl.bindService(ContextImpl.java:1418)
E/StrictMode(  595): 	at android.app.ContextImpl.bindService(ContextImpl.java:1407)
E/StrictMode(  595): 	at android.content.ContextWrapper.bindService(ContextWrapper.java:473)
E/StrictMode(  595): 	at com.android.emailcommon.service.ServiceProxy.setTask(ServiceProxy.java:157)
E/StrictMode(  595): 	at com.android.emailcommon.service.ServiceProxy.setTask(ServiceProxy.java:145)
E/StrictMode(  595): 	at com.android.emailcommon.service.ServiceProxy.test(ServiceProxy.java:191)
E/StrictMode(  595): 	at com.android.exchange.ExchangeService$7.run(ExchangeService.java:1850)
E/StrictMode(  595): 	at com.android.emailcommon.utility.Utility$2.doInBackground(Utility.java:551)
E/StrictMode(  595): 	at com.android.emailcommon.utility.Utility$2.doInBackground(Utility.java:549)
E/StrictMode(  595): 	at android.os.AsyncTask$2.call(AsyncTask.java:287)
E/StrictMode(  595): 	at java.util.concurrent.FutureTask.run(FutureTask.java:234)
E/StrictMode(  595): 	at java.util.concurrent.ThreadPoolExecutor.runWorker(ThreadPoolExecutor.java:1080)
E/StrictMode(  595): 	at java.util.concurrent.ThreadPoolExecutor$Worker.run(ThreadPoolExecutor.java:573)
E/StrictMode(  595): 	at java.lang.Thread.run(Thread.java:856)
W/ActivityManager(  274): Unbind failed: could not find connection for android.os.BinderProxy@41005b30
W/Trace   (  274): Unexpected value from nativeGetEnabledTags: 0
W/Trace   (  274): Unexpected value from nativeGetEnabledTags: 0
W/Trace   (  274): Unexpected value from nativeGetEnabledTags: 0
W/Trace   (  343): Unexpected value from nativeGetEnabledTags: 0
W/Trace   (  343): Unexpected value from nativeGetEnabledTags: 0
W/Trace   (  343): Unexpected value from nativeGetEnabledTags: 0
W/Trace   (  343): Unexpected value from nativeGetEnabledTags: 0
W/Trace   (  343): Unexpected value from nativeGetEnabledTags: 0
W/Trace   (  343): Unexpected value from nativeGetEnabledTags: 0
W/Trace   (  343): Unexpected value from nativeGetEnabledTags: 0
W/Trace   (  343): Unexpected value from nativeGetEnabledTags: 0
W/Trace   (  274): Unexpected value from nativeGetEnabledTags: 0
W/Trace   (  343): Unexpected value from nativeGetEnabledTags: 0
W/Trace   (  343): Unexpected value from nativeGetEnabledTags: 0
W/Trace   (  343): Unexpected value from nativeGetEnabledTags: 0
W/Trace   (  396): Unexpected value from nativeGetEnabledTags: 0
W/Trace   (  343): Unexpected value from nativeGetEnabledTags: 0
W/Trace   (  343): Unexpected value from nativeGetEnabledTags: 0
W/Trace   (  343): Unexpected value from nativeGetEnabledTags: 0
W/Trace   (  343): Unexpected value from nativeGetEnabledTags: 0
W/Trace   (  343): Unexpected value from nativeGetEnabledTags: 0
W/Trace   (  343): Unexpected value from nativeGetEnabledTags: 0
W/Trace   (  343): Unexpected value from nativeGetEnabledTags: 0
W/Trace   (  396): Unexpected value from nativeGetEnabledTags: 0
W/Trace   (  396): Unexpected value from nativeGetEnabledTags: 0
W/Trace   (  396): Unexpected value from nativeGetEnabledTags: 0
W/Trace   (  388): Unexpected value from nativeGetEnabledTags: 0
W/Trace   (  388): Unexpected value from nativeGetEnabledTags: 0
D/ExchangeService(  595): Received deviceId from Email app: null
D/ExchangeService(  595): !!! deviceId unknown; stopping self and retrying
W/Trace   (  595): Unexpected value from nativeGetEnabledTags: 0
D/ExchangeService(  595): !!! EAS ExchangeService, onCreate
W/Trace   (  595): Unexpected value from nativeGetEnabledTags: 0
W/Trace   (  595): Unexpected value from nativeGetEnabledTags: 0
D/ExchangeService(  595): !!! EAS ExchangeService, onStartCommand, startingUp = false, running = false
W/ActivityManager(  274): Unable to start service Intent { act=com.android.email.ACCOUNT_INTENT } U=0: not found
D/ExchangeService(  595): !!! Email application not found; stopping self
W/ActivityManager(  274): Unable to start service Intent { act=com.android.email.ACCOUNT_INTENT } U=0: not found
W/Trace   (  595): Unexpected value from nativeGetEnabledTags: 0
W/Trace   (  595): Unexpected value from nativeGetEnabledTags: 0
D/ExchangeService(  595): !!! EAS ExchangeService, onStartCommand, startingUp = true, running = false
W/Trace   (  595): Unexpected value from nativeGetEnabledTags: 0
W/Trace   (  595): Unexpected value from nativeGetEnabledTags: 0
W/Trace   (  595): Unexpected value from nativeGetEnabledTags: 0
E/ActivityThread(  595): Service com.android.exchange.ExchangeService has leaked ServiceConnection com.android.emailcommon.service.ServiceProxy$ProxyConnection@40cd9098 that was originally bound here
E/ActivityThread(  595): android.app.ServiceConnectionLeaked: Service com.android.exchange.ExchangeService has leaked ServiceConnection com.android.emailcommon.service.ServiceProxy$ProxyConnection@40cd9098 that was originally bound here
E/ActivityThread(  595): 	at android.app.LoadedApk$ServiceDispatcher.<init>(LoadedApk.java:969)
E/ActivityThread(  595): 	at android.app.LoadedApk.getServiceDispatcher(LoadedApk.java:863)
E/ActivityThread(  595): 	at android.app.ContextImpl.bindService(ContextImpl.java:1418)
E/ActivityThread(  595): 	at android.app.ContextImpl.bindService(ContextImpl.java:1407)
E/ActivityThread(  595): 	at android.content.ContextWrapper.bindService(ContextWrapper.java:473)
E/ActivityThread(  595): 	at com.android.emailcommon.service.ServiceProxy.setTask(ServiceProxy.java:157)
E/ActivityThread(  595): 	at com.android.emailcommon.service.ServiceProxy.setTask(ServiceProxy.java:145)
E/ActivityThread(  595): 	at com.android.emailcommon.service.AccountServiceProxy.getDeviceId(AccountServiceProxy.java:116)
E/ActivityThread(  595): 	at com.android.exchange.ExchangeService.getDeviceId(ExchangeService.java:1249)
E/ActivityThread(  595): 	at com.android.exchange.ExchangeService$7.run(ExchangeService.java:1856)
E/ActivityThread(  595): 	at com.android.emailcommon.utility.Utility$2.doInBackground(Utility.java:551)
E/ActivityThread(  595): 	at com.android.emailcommon.utility.Utility$2.doInBackground(Utility.java:549)
E/ActivityThread(  595): 	at android.os.AsyncTask$2.call(AsyncTask.java:287)
E/ActivityThread(  595): 	at java.util.concurrent.FutureTask.run(FutureTask.java:234)
E/ActivityThread(  595): 	at java.util.concurrent.ThreadPoolExecutor.runWorker(ThreadPoolExecutor.java:1080)
E/ActivityThread(  595): 	at java.util.concurrent.ThreadPoolExecutor$Worker.run(ThreadPoolExecutor.java:573)
E/ActivityThread(  595): 	at java.lang.Thread.run(Thread.java:856)
E/StrictMode(  595): null
E/StrictMode(  595): android.app.ServiceConnectionLeaked: Service com.android.exchange.ExchangeService has leaked ServiceConnection com.android.emailcommon.service.ServiceProxy$ProxyConnection@40cd9098 that was originally bound here
E/StrictMode(  595): 	at android.app.LoadedApk$ServiceDispatcher.<init>(LoadedApk.java:969)
E/StrictMode(  595): 	at android.app.LoadedApk.getServiceDispatcher(LoadedApk.java:863)
E/StrictMode(  595): 	at android.app.ContextImpl.bindService(ContextImpl.java:1418)
E/StrictMode(  595): 	at android.app.ContextImpl.bindService(ContextImpl.java:1407)
E/StrictMode(  595): 	at android.content.ContextWrapper.bindService(ContextWrapper.java:473)
E/StrictMode(  595): 	at com.android.emailcommon.service.ServiceProxy.setTask(ServiceProxy.java:157)
E/StrictMode(  595): 	at com.android.emailcommon.service.ServiceProxy.setTask(ServiceProxy.java:145)
E/StrictMode(  595): 	at com.android.emailcommon.service.AccountServiceProxy.getDeviceId(AccountServiceProxy.java:116)
E/StrictMode(  595): 	at com.android.exchange.ExchangeService.getDeviceId(ExchangeService.java:1249)
E/StrictMode(  595): 	at com.android.exchange.ExchangeService$7.run(ExchangeService.java:1856)
E/StrictMode(  595): 	at com.android.emailcommon.utility.Utility$2.doInBackground(Utility.java:551)
E/StrictMode(  595): 	at com.android.emailcommon.utility.Utility$2.doInBackground(Utility.java:549)
E/StrictMode(  595): 	at android.os.AsyncTask$2.call(AsyncTask.java:287)
E/StrictMode(  595): 	at java.util.concurrent.FutureTask.run(FutureTask.java:234)
E/StrictMode(  595): 	at java.util.concurrent.ThreadPoolExecutor.runWorker(ThreadPoolExecutor.java:1080)
E/StrictMode(  595): 	at java.util.concurrent.ThreadPoolExecutor$Worker.run(ThreadPoolExecutor.java:573)
E/StrictMode(  595): 	at java.lang.Thread.run(Thread.java:856)
W/ActivityManager(  274): Unbind failed: could not find connection for android.os.BinderProxy@40eb96b8
E/ActivityThread(  595): Service com.android.exchange.ExchangeService has leaked ServiceConnection com.android.emailcommon.service.ServiceProxy$ProxyConnection@40ce7708 that was originally bound here
E/ActivityThread(  595): android.app.ServiceConnectionLeaked: Service com.android.exchange.ExchangeService has leaked ServiceConnection com.android.emailcommon.service.ServiceProxy$ProxyConnection@40ce7708 that was originally bound here
E/ActivityThread(  595): 	at android.app.LoadedApk$ServiceDispatcher.<init>(LoadedApk.java:969)
E/ActivityThread(  595): 	at android.app.LoadedApk.getServiceDispatcher(LoadedApk.java:863)
E/ActivityThread(  595): 	at android.app.ContextImpl.bindService(ContextImpl.java:1418)
E/ActivityThread(  595): 	at android.app.ContextImpl.bindService(ContextImpl.java:1407)
E/ActivityThread(  595): 	at android.content.ContextWrapper.bindService(ContextWrapper.java:473)
E/ActivityThread(  595): 	at com.android.emailcommon.service.ServiceProxy.setTask(ServiceProxy.java:157)
E/ActivityThread(  595): 	at com.android.emailcommon.service.ServiceProxy.setTask(ServiceProxy.java:145)
E/ActivityThread(  595): 	at com.android.emailcommon.service.ServiceProxy.test(ServiceProxy.java:191)
E/ActivityThread(  595): 	at com.android.exchange.ExchangeService$7.run(ExchangeService.java:1850)
E/ActivityThread(  595): 	at com.android.emailcommon.utility.Utility$2.doInBackground(Utility.java:551)
E/ActivityThread(  595): 	at com.android.emailcommon.utility.Utility$2.doInBackground(Utility.java:549)
E/ActivityThread(  595): 	at android.os.AsyncTask$2.call(AsyncTask.java:287)
E/ActivityThread(  595): 	at java.util.concurrent.FutureTask.run(FutureTask.java:234)
E/ActivityThread(  595): 	at java.util.concurrent.ThreadPoolExecutor.runWorker(ThreadPoolExecutor.java:1080)
E/ActivityThread(  595): 	at java.util.concurrent.ThreadPoolExecutor$Worker.run(ThreadPoolExecutor.java:573)
E/ActivityThread(  595): 	at java.lang.Thread.run(Thread.java:856)
E/StrictMode(  595): null
E/StrictMode(  595): android.app.ServiceConnectionLeaked: Service com.android.exchange.ExchangeService has leaked ServiceConnection com.android.emailcommon.service.ServiceProxy$ProxyConnection@40ce7708 that was originally bound here
E/StrictMode(  595): 	at android.app.LoadedApk$ServiceDispatcher.<init>(LoadedApk.java:969)
E/StrictMode(  595): 	at android.app.LoadedApk.getServiceDispatcher(LoadedApk.java:863)
E/StrictMode(  595): 	at android.app.ContextImpl.bindService(ContextImpl.java:1418)
E/StrictMode(  595): 	at android.app.ContextImpl.bindService(ContextImpl.java:1407)
E/StrictMode(  595): 	at android.content.ContextWrapper.bindService(ContextWrapper.java:473)
E/StrictMode(  595): 	at com.android.emailcommon.service.ServiceProxy.setTask(ServiceProxy.java:157)
E/StrictMode(  595): 	at com.android.emailcommon.service.ServiceProxy.setTask(ServiceProxy.java:145)
E/StrictMode(  595): 	at com.android.emailcommon.service.ServiceProxy.test(ServiceProxy.java:191)
E/StrictMode(  595): 	at com.android.exchange.ExchangeService$7.run(ExchangeService.java:1850)
E/StrictMode(  595): 	at com.android.emailcommon.utility.Utility$2.doInBackground(Utility.java:551)
E/StrictMode(  595): 	at com.android.emailcommon.utility.Utility$2.doInBackground(Utility.java:549)
E/StrictMode(  595): 	at android.os.AsyncTask$2.call(AsyncTask.java:287)
E/StrictMode(  595): 	at java.util.concurrent.FutureTask.run(FutureTask.java:234)
E/StrictMode(  595): 	at java.util.concurrent.ThreadPoolExecutor.runWorker(ThreadPoolExecutor.java:1080)
E/StrictMode(  595): 	at java.util.concurrent.ThreadPoolExecutor$Worker.run(ThreadPoolExecutor.java:573)
E/StrictMode(  595): 	at java.lang.Thread.run(Thread.java:856)
D/dalvikvm(  595): GC_CONCURRENT freed 459K, 20% free 2477K/3072K, paused 5ms+3ms, total 57ms
W/ActivityManager(  274): Unbind failed: could not find connection for android.os.BinderProxy@4100aaf0
W/Trace   (  274): Unexpected value from nativeGetEnabledTags: 0
W/Trace   (  274): Unexpected value from nativeGetEnabledTags: 0
W/Trace   (  274): Unexpected value from nativeGetEnabledTags: 0
W/Trace   (  343): Unexpected value from nativeGetEnabledTags: 0
W/Trace   (  343): Unexpected value from nativeGetEnabledTags: 0
W/Trace   (  274): Unexpected value from nativeGetEnabledTags: 0
W/Trace   (  343): Unexpected value from nativeGetEnabledTags: 0
W/Trace   (  343): Unexpected value from nativeGetEnabledTags: 0
W/Trace   (  343): Unexpected value from nativeGetEnabledTags: 0
W/Trace   (  343): Unexpected value from nativeGetEnabledTags: 0
W/Trace   (  343): Unexpected value from nativeGetEnabledTags: 0
W/Trace   (  343): Unexpected value from nativeGetEnabledTags: 0
W/Trace   (  343): Unexpected value from nativeGetEnabledTags: 0
W/Trace   (  343): Unexpected value from nativeGetEnabledTags: 0
W/Trace   (  343): Unexpected value from nativeGetEnabledTags: 0
W/Trace   (  396): Unexpected value from nativeGetEnabledTags: 0
W/Trace   (  343): Unexpected value from nativeGetEnabledTags: 0
W/Trace   (  343): Unexpected value from nativeGetEnabledTags: 0
W/Trace   (  343): Unexpected value from nativeGetEnabledTags: 0
W/Trace   (  396): Unexpected value from nativeGetEnabledTags: 0
W/Trace   (  388): Unexpected value from nativeGetEnabledTags: 0
W/Trace   (  388): Unexpected value from nativeGetEnabledTags: 0
D/ExchangeService(  595): Received deviceId from Email app: null
D/ExchangeService(  595): !!! deviceId unknown; stopping self and retrying
W/Trace   (  595): Unexpected value from nativeGetEnabledTags: 0
W/Trace   (  595): Unexpected value from nativeGetEnabledTags: 0
W/Trace   (  595): Unexpected value from nativeGetEnabledTags: 0
D/ExchangeService(  595): !!! EAS ExchangeService, onStartCommand, startingUp = false, running = false
W/ActivityManager(  274): Unable to start service Intent { act=com.android.email.ACCOUNT_INTENT } U=0: not found
D/ExchangeService(  595): !!! Email application not found; stopping self
W/Trace   (  595): Unexpected value from nativeGetEnabledTags: 0
W/Trace   (  595): Unexpected value from nativeGetEnabledTags: 0
W/Trace   (  595): Unexpected value from nativeGetEnabledTags: 0
W/ActivityManager(  274): Unable to start service Intent { act=com.android.email.ACCOUNT_INTENT } U=0: not found
E/ActivityThread(  595): Service com.android.exchange.ExchangeService has leaked ServiceConnection com.android.emailcommon.service.ServiceProxy$ProxyConnection@40ce7528 that was originally bound here
E/ActivityThread(  595): android.app.ServiceConnectionLeaked: Service com.android.exchange.ExchangeService has leaked ServiceConnection com.android.emailcommon.service.ServiceProxy$ProxyConnection@40ce7528 that was originally bound here
E/ActivityThread(  595): 	at android.app.LoadedApk$ServiceDispatcher.<init>(LoadedApk.java:969)
E/ActivityThread(  595): 	at android.app.LoadedApk.getServiceDispatcher(LoadedApk.java:863)
E/ActivityThread(  595): 	at android.app.ContextImpl.bindService(ContextImpl.java:1418)
E/ActivityThread(  595): 	at android.app.ContextImpl.bindService(ContextImpl.java:1407)
E/ActivityThread(  595): 	at android.content.ContextWrapper.bindService(ContextWrapper.java:473)
E/ActivityThread(  595): 	at com.android.emailcommon.service.ServiceProxy.setTask(ServiceProxy.java:157)
E/ActivityThread(  595): 	at com.android.emailcommon.service.ServiceProxy.setTask(ServiceProxy.java:145)
E/ActivityThread(  595): 	at com.android.emailcommon.service.ServiceProxy.test(ServiceProxy.java:191)
E/ActivityThread(  595): 	at com.android.exchange.ExchangeService$7.run(ExchangeService.java:1850)
E/ActivityThread(  595): 	at com.android.emailcommon.utility.Utility$2.doInBackground(Utility.java:551)
E/ActivityThread(  595): 	at com.android.emailcommon.utility.Utility$2.doInBackground(Utility.java:549)
E/ActivityThread(  595): 	at android.os.AsyncTask$2.call(AsyncTask.java:287)
E/ActivityThread(  595): 	at java.util.concurrent.FutureTask.run(FutureTask.java:234)
E/ActivityThread(  595): 	at java.util.concurrent.ThreadPoolExecutor.runWorker(ThreadPoolExecutor.java:1080)
E/ActivityThread(  595): 	at java.util.concurrent.ThreadPoolExecutor$Worker.run(ThreadPoolExecutor.java:573)
E/ActivityThread(  595): 	at java.lang.Thread.run(Thread.java:856)
E/StrictMode(  595): null
E/StrictMode(  595): android.app.ServiceConnectionLeaked: Service com.android.exchange.ExchangeService has leaked ServiceConnection com.android.emailcommon.service.ServiceProxy$ProxyConnection@40ce7528 that was originally bound here
E/StrictMode(  595): 	at android.app.LoadedApk$ServiceDispatcher.<init>(LoadedApk.java:969)
E/StrictMode(  595): 	at android.app.LoadedApk.getServiceDispatcher(LoadedApk.java:863)
E/StrictMode(  595): 	at android.app.ContextImpl.bindService(ContextImpl.java:1418)
E/StrictMode(  595): 	at android.app.ContextImpl.bindService(ContextImpl.java:1407)
E/StrictMode(  595): 	at android.content.ContextWrapper.bindService(ContextWrapper.java:473)
E/StrictMode(  595): 	at com.android.emailcommon.service.ServiceProxy.setTask(ServiceProxy.java:157)
E/StrictMode(  595): 	at com.android.emailcommon.service.ServiceProxy.setTask(ServiceProxy.java:145)
E/StrictMode(  595): 	at com.android.emailcommon.service.ServiceProxy.test(ServiceProxy.java:191)
E/StrictMode(  595): 	at com.android.exchange.ExchangeService$7.run(ExchangeService.java:1850)
E/StrictMode(  595): 	at com.android.emailcommon.utility.Utility$2.doInBackground(Utility.java:551)
E/StrictMode(  595): 	at com.android.emailcommon.utility.Utility$2.doInBackground(Utility.java:549)
E/StrictMode(  595): 	at android.os.AsyncTask$2.call(AsyncTask.java:287)
E/StrictMode(  595): 	at java.util.concurrent.FutureTask.run(FutureTask.java:234)
E/StrictMode(  595): 	at java.util.concurrent.ThreadPoolExecutor.runWorker(ThreadPoolExecutor.java:1080)
E/StrictMode(  595): 	at java.util.concurrent.ThreadPoolExecutor$Worker.run(ThreadPoolExecutor.java:573)
E/StrictMode(  595): 	at java.lang.Thread.run(Thread.java:856)
W/ActivityManager(  274): Unbind failed: could not find connection for android.os.BinderProxy@40f83928
E/ActivityThread(  595): Service com.android.exchange.ExchangeService has leaked ServiceConnection com.android.emailcommon.service.ServiceProxy$ProxyConnection@40cd9d80 that was originally bound here
E/ActivityThread(  595): android.app.ServiceConnectionLeaked: Service com.android.exchange.ExchangeService has leaked ServiceConnection com.android.emailcommon.service.ServiceProxy$ProxyConnection@40cd9d80 that was originally bound here
E/ActivityThread(  595): 	at android.app.LoadedApk$ServiceDispatcher.<init>(LoadedApk.java:969)
E/ActivityThread(  595): 	at android.app.LoadedApk.getServiceDispatcher(LoadedApk.java:863)
E/ActivityThread(  595): 	at android.app.ContextImpl.bindService(ContextImpl.java:1418)
E/ActivityThread(  595): 	at android.app.ContextImpl.bindService(ContextImpl.java:1407)
E/ActivityThread(  595): 	at android.content.ContextWrapper.bindService(ContextWrapper.java:473)
E/ActivityThread(  595): 	at com.android.emailcommon.service.ServiceProxy.setTask(ServiceProxy.java:157)
E/ActivityThread(  595): 	at com.android.emailcommon.service.ServiceProxy.setTask(ServiceProxy.java:145)
E/ActivityThread(  595): 	at com.android.emailcommon.service.AccountServiceProxy.getDeviceId(AccountServiceProxy.java:116)
E/ActivityThread(  595): 	at com.android.exchange.ExchangeService.getDeviceId(ExchangeService.java:1249)
E/ActivityThread(  595): 	at com.android.exchange.ExchangeService$7.run(ExchangeService.java:1856)
E/ActivityThread(  595): 	at com.android.emailcommon.utility.Utility$2.doInBackground(Utility.java:551)
E/ActivityThread(  595): 	at com.android.emailcommon.utility.Utility$2.doInBackground(Utility.java:549)
E/ActivityThread(  595): 	at android.os.AsyncTask$2.call(AsyncTask.java:287)
E/ActivityThread(  595): 	at java.util.concurrent.FutureTask.run(FutureTask.java:234)
E/ActivityThread(  595): 	at java.util.concurrent.ThreadPoolExecutor.runWorker(ThreadPoolExecutor.java:1080)
E/ActivityThread(  595): 	at java.util.concurrent.ThreadPoolExecutor$Worker.run(ThreadPoolExecutor.java:573)
E/ActivityThread(  595): 	at java.lang.Thread.run(Thread.java:856)
E/StrictMode(  595): null
E/StrictMode(  595): android.app.ServiceConnectionLeaked: Service com.android.exchange.ExchangeService has leaked ServiceConnection com.android.emailcommon.service.ServiceProxy$ProxyConnection@40cd9d80 that was originally bound here
E/StrictMode(  595): 	at android.app.LoadedApk$ServiceDispatcher.<init>(LoadedApk.java:969)
E/StrictMode(  595): 	at android.app.LoadedApk.getServiceDispatcher(LoadedApk.java:863)
E/StrictMode(  595): 	at android.app.ContextImpl.bindService(ContextImpl.java:1418)
E/StrictMode(  595): 	at android.app.ContextImpl.bindService(ContextImpl.java:1407)
E/StrictMode(  595): 	at android.content.ContextWrapper.bindService(ContextWrapper.java:473)
E/StrictMode(  595): 	at com.android.emailcommon.service.ServiceProxy.setTask(ServiceProxy.java:157)
E/StrictMode(  595): 	at com.android.emailcommon.service.ServiceProxy.setTask(ServiceProxy.java:145)
E/StrictMode(  595): 	at com.android.emailcommon.service.AccountServiceProxy.getDeviceId(AccountServiceProxy.java:116)
E/StrictMode(  595): 	at com.android.exchange.ExchangeService.getDeviceId(ExchangeService.java:1249)
E/StrictMode(  595): 	at com.android.exchange.ExchangeService$7.run(ExchangeService.java:1856)
E/StrictMode(  595): 	at com.android.emailcommon.utility.Utility$2.doInBackground(Utility.java:551)
E/StrictMode(  595): 	at com.android.emailcommon.utility.Utility$2.doInBackground(Utility.java:549)
E/StrictMode(  595): 	at android.os.AsyncTask$2.call(AsyncTask.java:287)
E/StrictMode(  595): 	at java.util.concurrent.FutureTask.run(FutureTask.java:234)
E/StrictMode(  595): 	at java.util.concurrent.ThreadPoolExecutor.runWorker(ThreadPoolExecutor.java:1080)
E/StrictMode(  595): 	at java.util.concurrent.ThreadPoolExecutor$Worker.run(ThreadPoolExecutor.java:573)
E/StrictMode(  595): 	at java.lang.Thread.run(Thread.java:856)
W/ActivityManager(  274): Unbind failed: could not find connection for android.os.BinderProxy@410abf78
W/Trace   (  274): Unexpected value from nativeGetEnabledTags: 0
W/Trace   (  274): Unexpected value from nativeGetEnabledTags: 0
W/Trace   (  274): Unexpected value from nativeGetEnabledTags: 0
W/Trace   (  343): Unexpected value from nativeGetEnabledTags: 0
W/Trace   (  343): Unexpected value from nativeGetEnabledTags: 0
W/Trace   (  274): Unexpected value from nativeGetEnabledTags: 0
W/Trace   (  343): Unexpected value from nativeGetEnabledTags: 0
W/Trace   (  343): Unexpected value from nativeGetEnabledTags: 0
W/Trace   (  343): Unexpected value from nativeGetEnabledTags: 0
W/Trace   (  343): Unexpected value from nativeGetEnabledTags: 0
W/Trace   (  343): Unexpected value from nativeGetEnabledTags: 0
W/Trace   (  343): Unexpected value from nativeGetEnabledTags: 0
W/Trace   (  343): Unexpected value from nativeGetEnabledTags: 0
W/Trace   (  343): Unexpected value from nativeGetEnabledTags: 0
W/Trace   (  343): Unexpected value from nativeGetEnabledTags: 0
W/Trace   (  396): Unexpected value from nativeGetEnabledTags: 0
W/Trace   (  343): Unexpected value from nativeGetEnabledTags: 0
W/Trace   (  343): Unexpected value from nativeGetEnabledTags: 0
W/Trace   (  343): Unexpected value from nativeGetEnabledTags: 0
W/Trace   (  396): Unexpected value from nativeGetEnabledTags: 0
W/Trace   (  388): Unexpected value from nativeGetEnabledTags: 0
W/Trace   (  388): Unexpected value from nativeGetEnabledTags: 0
D/ExchangeService(  595): Received deviceId from Email app: null
D/ExchangeService(  595): !!! deviceId unknown; stopping self and retrying
W/Trace   (  595): Unexpected value from nativeGetEnabledTags: 0
W/Trace   (  595): Unexpected value from nativeGetEnabledTags: 0
W/Trace   (  595): Unexpected value from nativeGetEnabledTags: 0
D/ExchangeService(  595): !!! EAS ExchangeService, onStartCommand, startingUp = false, running = false
W/ActivityManager(  274): Unable to start service Intent { act=com.android.email.ACCOUNT_INTENT } U=0: not found
D/ExchangeService(  595): !!! Email application not found; stopping self
W/ActivityManager(  274): Unable to start service Intent { act=com.android.email.ACCOUNT_INTENT } U=0: not found
W/Trace   (  595): Unexpected value from nativeGetEnabledTags: 0
W/Trace   (  595): Unexpected value from nativeGetEnabledTags: 0
W/Trace   (  595): Unexpected value from nativeGetEnabledTags: 0
E/ActivityThread(  595): Service com.android.exchange.ExchangeService has leaked ServiceConnection com.android.emailcommon.service.ServiceProxy$ProxyConnection@40cf2b98 that was originally bound here
E/ActivityThread(  595): android.app.ServiceConnectionLeaked: Service com.android.exchange.ExchangeService has leaked ServiceConnection com.android.emailcommon.service.ServiceProxy$ProxyConnection@40cf2b98 that was originally bound here
E/ActivityThread(  595): 	at android.app.LoadedApk$ServiceDispatcher.<init>(LoadedApk.java:969)
E/ActivityThread(  595): 	at android.app.LoadedApk.getServiceDispatcher(LoadedApk.java:863)
E/ActivityThread(  595): 	at android.app.ContextImpl.bindService(ContextImpl.java:1418)
E/ActivityThread(  595): 	at android.app.ContextImpl.bindService(ContextImpl.java:1407)
E/ActivityThread(  595): 	at android.content.ContextWrapper.bindService(ContextWrapper.java:473)
E/ActivityThread(  595): 	at com.android.emailcommon.service.ServiceProxy.setTask(ServiceProxy.java:157)
E/ActivityThread(  595): 	at com.android.emailcommon.service.ServiceProxy.setTask(ServiceProxy.java:145)
E/ActivityThread(  595): 	at com.android.emailcommon.service.AccountServiceProxy.getDeviceId(AccountServiceProxy.java:116)
E/ActivityThread(  595): 	at com.android.exchange.ExchangeService.getDeviceId(ExchangeService.java:1249)
E/ActivityThread(  595): 	at com.android.exchange.ExchangeService$7.run(ExchangeService.java:1856)
E/ActivityThread(  595): 	at com.android.emailcommon.utility.Utility$2.doInBackground(Utility.java:551)
E/ActivityThread(  595): 	at com.android.emailcommon.utility.Utility$2.doInBackground(Utility.java:549)
E/ActivityThread(  595): 	at android.os.AsyncTask$2.call(AsyncTask.java:287)
E/ActivityThread(  595): 	at java.util.concurrent.FutureTask.run(FutureTask.java:234)
E/ActivityThread(  595): 	at java.util.concurrent.ThreadPoolExecutor.runWorker(ThreadPoolExecutor.java:1080)
E/ActivityThread(  595): 	at java.util.concurrent.ThreadPoolExecutor$Worker.run(ThreadPoolExecutor.java:573)
E/ActivityThread(  595): 	at java.lang.Thread.run(Thread.java:856)
E/StrictMode(  595): null
E/StrictMode(  595): android.app.ServiceConnectionLeaked: Service com.android.exchange.ExchangeService has leaked ServiceConnection com.android.emailcommon.service.ServiceProxy$ProxyConnection@40cf2b98 that was originally bound here
E/StrictMode(  595): 	at android.app.LoadedApk$ServiceDispatcher.<init>(LoadedApk.java:969)
E/StrictMode(  595): 	at android.app.LoadedApk.getServiceDispatcher(LoadedApk.java:863)
E/StrictMode(  595): 	at android.app.ContextImpl.bindService(ContextImpl.java:1418)
E/StrictMode(  595): 	at android.app.ContextImpl.bindService(ContextImpl.java:1407)
E/StrictMode(  595): 	at android.content.ContextWrapper.bindService(ContextWrapper.java:473)
E/StrictMode(  595): 	at com.android.emailcommon.service.ServiceProxy.setTask(ServiceProxy.java:157)
E/StrictMode(  595): 	at com.android.emailcommon.service.ServiceProxy.setTask(ServiceProxy.java:145)
E/StrictMode(  595): 	at com.android.emailcommon.service.AccountServiceProxy.getDeviceId(AccountServiceProxy.java:116)
E/StrictMode(  595): 	at com.android.exchange.ExchangeService.getDeviceId(ExchangeService.java:1249)
E/StrictMode(  595): 	at com.android.exchange.ExchangeService$7.run(ExchangeService.java:1856)
E/StrictMode(  595): 	at com.android.emailcommon.utility.Utility$2.doInBackground(Utility.java:551)
