E/StrictMode(  595): 	at com.android.emailcommon.service.ServiceProxy.setTask(ServiceProxy.java:157)
E/StrictMode(  595): 	at com.android.emailcommon.service.ServiceProxy.setTask(ServiceProxy.java:145)
E/StrictMode(  595): 	at com.android.emailcommon.service.AccountServiceProxy.getDeviceId(AccountServiceProxy.java:116)
E/StrictMode(  595): 	at com.android.exchange.ExchangeService.getDeviceId(ExchangeService.java:1249)
E/StrictMode(  595): 	at com.android.exchange.ExchangeService$7.run(ExchangeService.java:1856)
E/StrictMode(  595): 	at com.android.emailcommon.utility.Utility$2.doInBackground(Utility.java:551)
E/StrictMode(  595): 	at com.android.emailcommon.utility.Utility$2.doInBackground(Utility.java:549)
E/StrictMode(  595): 	at android.os.AsyncTask$2.call(AsyncTask.java:287)
E/StrictMode(  595): 	at java.util.concurrent.FutureTask.run(FutureTask.java:234)
E/StrictMode(  595): 	at java.util.concurrent.ThreadPoolExecutor.runWorker(ThreadPoolExecutor.java:1080)
E/StrictMode(  595): 	at java.util.concurrent.ThreadPoolExecutor$Worker.run(ThreadPoolExecutor.java:573)
E/StrictMode(  595): 	at java.lang.Thread.run(Thread.java:856)
W/ActivityManager(  274): Unbind failed: could not find connection for android.os.BinderProxy@40e902d0
E/ActivityThread(  595): Service com.android.exchange.ExchangeService has leaked ServiceConnection com.android.emailcommon.service.ServiceProxy$ProxyConnection@40d58a78 that was originally bound here
E/ActivityThread(  595): android.app.ServiceConnectionLeaked: Service com.android.exchange.ExchangeService has leaked ServiceConnection com.android.emailcommon.service.ServiceProxy$ProxyConnection@40d58a78 that was originally bound here
E/ActivityThread(  595): 	at android.app.LoadedApk$ServiceDispatcher.<init>(LoadedApk.java:969)
E/ActivityThread(  595): 	at android.app.LoadedApk.getServiceDispatcher(LoadedApk.java:863)
E/ActivityThread(  595): 	at android.app.ContextImpl.bindService(ContextImpl.java:1418)
E/ActivityThread(  595): 	at android.app.ContextImpl.bindService(ContextImpl.java:1407)
E/ActivityThread(  595): 	at android.content.ContextWrapper.bindService(ContextWrapper.java:473)
E/ActivityThread(  595): 	at com.android.emailcommon.service.ServiceProxy.setTask(ServiceProxy.java:157)
E/ActivityThread(  595): 	at com.android.emailcommon.service.ServiceProxy.setTask(ServiceProxy.java:145)
E/ActivityThread(  595): 	at com.android.emailcommon.service.ServiceProxy.test(ServiceProxy.java:191)
E/ActivityThread(  595): 	at com.android.exchange.ExchangeService$7.run(ExchangeService.java:1850)
E/ActivityThread(  595): 	at com.android.emailcommon.utility.Utility$2.doInBackground(Utility.java:551)
E/ActivityThread(  595): 	at com.android.emailcommon.utility.Utility$2.doInBackground(Utility.java:549)
E/ActivityThread(  595): 	at android.os.AsyncTask$2.call(AsyncTask.java:287)
E/ActivityThread(  595): 	at java.util.concurrent.FutureTask.run(FutureTask.java:234)
E/ActivityThread(  595): 	at java.util.concurrent.ThreadPoolExecutor.runWorker(ThreadPoolExecutor.java:1080)
E/ActivityThread(  595): 	at java.util.concurrent.ThreadPoolExecutor$Worker.run(ThreadPoolExecutor.java:573)
E/ActivityThread(  595): 	at java.lang.Thread.run(Thread.java:856)
E/StrictMode(  595): null
E/StrictMode(  595): android.app.ServiceConnectionLeaked: Service com.android.exchange.ExchangeService has leaked ServiceConnection com.android.emailcommon.service.ServiceProxy$ProxyConnection@40d58a78 that was originally bound here
E/StrictMode(  595): 	at android.app.LoadedApk$ServiceDispatcher.<init>(LoadedApk.java:969)
E/StrictMode(  595): 	at android.app.LoadedApk.getServiceDispatcher(LoadedApk.java:863)
E/StrictMode(  595): 	at android.app.ContextImpl.bindService(ContextImpl.java:1418)
E/StrictMode(  595): 	at android.app.ContextImpl.bindService(ContextImpl.java:1407)
E/StrictMode(  595): 	at android.content.ContextWrapper.bindService(ContextWrapper.java:473)
E/StrictMode(  595): 	at com.android.emailcommon.service.ServiceProxy.setTask(ServiceProxy.java:157)
E/StrictMode(  595): 	at com.android.emailcommon.service.ServiceProxy.setTask(ServiceProxy.java:145)
E/StrictMode(  595): 	at com.android.emailcommon.service.ServiceProxy.test(ServiceProxy.java:191)
E/StrictMode(  595): 	at com.android.exchange.ExchangeService$7.run(ExchangeService.java:1850)
E/StrictMode(  595): 	at com.android.emailcommon.utility.Utility$2.doInBackground(Utility.java:551)
E/StrictMode(  595): 	at com.android.emailcommon.utility.Utility$2.doInBackground(Utility.java:549)
E/StrictMode(  595): 	at android.os.AsyncTask$2.call(AsyncTask.java:287)
E/StrictMode(  595): 	at java.util.concurrent.FutureTask.run(FutureTask.java:234)
E/StrictMode(  595): 	at java.util.concurrent.ThreadPoolExecutor.runWorker(ThreadPoolExecutor.java:1080)
E/StrictMode(  595): 	at java.util.concurrent.ThreadPoolExecutor$Worker.run(ThreadPoolExecutor.java:573)
E/StrictMode(  595): 	at java.lang.Thread.run(Thread.java:856)
W/ActivityManager(  274): Unbind failed: could not find connection for android.os.BinderProxy@40e8fb68
D/AndroidRuntime(  912): 
D/AndroidRuntime(  912): >>>>>> AndroidRuntime START com.android.internal.os.RuntimeInit <<<<<<
D/AndroidRuntime(  912): CheckJNI is ON
D/dalvikvm(  912): Trying to load lib libjavacore.so 0x0
D/dalvikvm(  912): Added shared lib libjavacore.so 0x0
D/dalvikvm(  912): Trying to load lib libnativehelper.so 0x0
D/dalvikvm(  912): Added shared lib libnativehelper.so 0x0
D/AndroidRuntime(  912): Calling main entry com.android.commands.pm.Pm
W/Trace   (  712): Unexpected value from nativeGetEnabledTags: 0
W/Trace   (  712): Unexpected value from nativeGetEnabledTags: 0
W/Trace   (  712): Unexpected value from nativeGetEnabledTags: 0
W/ActivityManager(  274): No content provider found for permission revoke: file:///data/local/tmp/Sundial-debug.apk
W/Trace   (  712): Unexpected value from nativeGetEnabledTags: 0
W/ActivityManager(  274): No content provider found for permission revoke: file:///data/local/tmp/Sundial-debug.apk
I/PackageManager(  274): Copying native libraries to /data/app-lib/vmdl1956830454
I/PackageParser(  274): com.wallpaper.sundial: compat added android.permission.WRITE_EXTERNAL_STORAGE android.permission.READ_PHONE_STATE
I/PackageManager(  274): Removing non-system package:com.wallpaper.sundial
I/ActivityManager(  274): Force stopping package com.wallpaper.sundial appid=10047 user=-1
I/ActivityManager(  274): Killing proc 892:com.wallpaper.sundial/u0a10047: force stop com.wallpaper.sundial
W/Trace   (  274): Unexpected value from nativeGetEnabledTags: 0
W/Trace   (  274): Unexpected value from nativeGetEnabledTags: 0
W/Trace   (  274): Unexpected value from nativeGetEnabledTags: 0
W/Trace   (  274): Unexpected value from nativeGetEnabledTags: 0
W/InputMethodManagerService(  274): Window already focused, ignoring focus gain of: com.android.internal.view.IInputMethodClient$Stub$Proxy@41356448 attribute=null, token = android.os.BinderProxy@41002fa0
I/PackageManager(  274): Package com.wallpaper.sundial codePath changed from /data/app/com.wallpaper.sundial-2.apk to /data/app/com.wallpaper.sundial-1.apk; Retaining data and using new
W/Trace   (  274): Unexpected value from nativeGetEnabledTags: 0
W/Trace   (  274): Unexpected value from nativeGetEnabledTags: 0
W/Trace   (  274): Unexpected value from nativeGetEnabledTags: 0
W/Trace   (  274): Unexpected value from nativeGetEnabledTags: 0
I/PackageManager(  274): Linking native library dir for /data/app/com.wallpaper.sundial-1.apk
I/PackageManager(  274): Running dexopt on: com.wallpaper.sundial
D/dalvikvm(  923): DexOpt: load 32ms, verify+opt 55ms, 202380 bytes
I/ActivityManager(  274): Force stopping package com.wallpaper.sundial appid=10047 user=-1
W/PackageManager(  274): Code path for pkg : com.wallpaper.sundial changing from /data/app/com.wallpaper.sundial-2.apk to /data/app/com.wallpaper.sundial-1.apk
W/PackageManager(  274): Resource path for pkg : com.wallpaper.sundial changing from /data/app/com.wallpaper.sundial-2.apk to /data/app/com.wallpaper.sundial-1.apk
D/dalvikvm(  274): GC_CONCURRENT freed 1312K, 29% free 8424K/11716K, paused 5ms+10ms, total 86ms
D/PackageManager(  274): New package installed in /data/app/com.wallpaper.sundial-1.apk
I/ActivityManager(  274): Force stopping package com.wallpaper.sundial appid=10047 user=0
W/Trace   (  343): Unexpected value from nativeGetEnabledTags: 0
W/Trace   (  343): Unexpected value from nativeGetEnabledTags: 0
W/Trace   (  422): Unexpected value from nativeGetEnabledTags: 0
W/Trace   (  422): Unexpected value from nativeGetEnabledTags: 0
W/Trace   (  371): Unexpected value from nativeGetEnabledTags: 0
W/Trace   (  371): Unexpected value from nativeGetEnabledTags: 0
W/Trace   (  595): Unexpected value from nativeGetEnabledTags: 0
W/Trace   (  595): Unexpected value from nativeGetEnabledTags: 0
W/Trace   (  712): Unexpected value from nativeGetEnabledTags: 0
W/Trace   (  712): Unexpected value from nativeGetEnabledTags: 0
W/Trace   (  396): Unexpected value from nativeGetEnabledTags: 0
W/Trace   (  396): Unexpected value from nativeGetEnabledTags: 0
W/Trace   (  756): Unexpected value from nativeGetEnabledTags: 0
W/Trace   (  756): Unexpected value from nativeGetEnabledTags: 0
W/Trace   (  440): Unexpected value from nativeGetEnabledTags: 0
W/Trace   (  440): Unexpected value from nativeGetEnabledTags: 0
D/dalvikvm(  396): GC_EXPLICIT freed 817K, 20% free 5208K/6488K, paused 9ms+12ms, total 68ms
W/Trace   (  743): Unexpected value from nativeGetEnabledTags: 0
W/Trace   (  743): Unexpected value from nativeGetEnabledTags: 0
W/Trace   (  729): Unexpected value from nativeGetEnabledTags: 0
W/Trace   (  729): Unexpected value from nativeGetEnabledTags: 0
W/Trace   (  553): Unexpected value from nativeGetEnabledTags: 0
W/Trace   (  553): Unexpected value from nativeGetEnabledTags: 0
W/Trace   (  651): Unexpected value from nativeGetEnabledTags: 0
W/Trace   (  651): Unexpected value from nativeGetEnabledTags: 0
W/Trace   (  502): Unexpected value from nativeGetEnabledTags: 0
W/Trace   (  502): Unexpected value from nativeGetEnabledTags: 0
W/Trace   (  388): Unexpected value from nativeGetEnabledTags: 0
W/Trace   (  388): Unexpected value from nativeGetEnabledTags: 0
W/Trace   (  572): Unexpected value from nativeGetEnabledTags: 0
W/Trace   (  572): Unexpected value from nativeGetEnabledTags: 0
W/Trace   (  452): Unexpected value from nativeGetEnabledTags: 0
W/Trace   (  452): Unexpected value from nativeGetEnabledTags: 0
W/Trace   (  613): Unexpected value from nativeGetEnabledTags: 0
W/Trace   (  613): Unexpected value from nativeGetEnabledTags: 0
W/Trace   (  527): Unexpected value from nativeGetEnabledTags: 0
W/Trace   (  527): Unexpected value from nativeGetEnabledTags: 0
W/Trace   (  485): Unexpected value from nativeGetEnabledTags: 0
W/Trace   (  485): Unexpected value from nativeGetEnabledTags: 0
D/dalvikvm(  440): GC_EXPLICIT freed 129K, 12% free 2710K/3052K, paused 3ms+16ms, total 100ms
W/Trace   (  274): Unexpected value from nativeGetEnabledTags: 0
W/Trace   (  396): Unexpected value from nativeGetEnabledTags: 0
W/Trace   (  396): Unexpected value from nativeGetEnabledTags: 0
W/Trace   (  274): Unexpected value from nativeGetEnabledTags: 0
W/Trace   (  274): Unexpected value from nativeGetEnabledTags: 0
D/PackageManager(  274): generateServicesMap() for 0
W/Trace   (  274): Unexpected value from nativeGetEnabledTags: 0
W/Trace   (  274): Unexpected value from nativeGetEnabledTags: 0
W/Trace   (  274): Unexpected value from nativeGetEnabledTags: 0
W/Trace   (  371): Unexpected value from nativeGetEnabledTags: 0
W/Trace   (  371): Unexpected value from nativeGetEnabledTags: 0
W/Trace   (  274): Unexpected value from nativeGetEnabledTags: 0
W/Trace   (  274): Unexpected value from nativeGetEnabledTags: 0
W/Trace   (  274): Unexpected value from nativeGetEnabledTags: 0
W/Trace   (  274): Unexpected value from nativeGetEnabledTags: 0
W/Trace   (  274): Unexpected value from nativeGetEnabledTags: 0
D/DevicePolicyManagerService(  274): Handling package changes for user 0
W/Trace   (  274): Unexpected value from nativeGetEnabledTags: 0
W/Trace   (  274): Unexpected value from nativeGetEnabledTags: 0
D/PackageManager(  274): generateServicesMap() for 0
I/InputReader(  274): Reconfiguring input devices.  changes=0x00000010
W/Trace   (  274): Unexpected value from nativeGetEnabledTags: 0
W/Trace   (  274): Unexpected value from nativeGetEnabledTags: 0
W/Trace   (  274): Unexpected value from nativeGetEnabledTags: 0
W/Trace   (  274): Unexpected value from nativeGetEnabledTags: 0
W/Trace   (  274): Unexpected value from nativeGetEnabledTags: 0
W/Trace   (  274): Unexpected value from nativeGetEnabledTags: 0
W/Trace   (  274): Unexpected value from nativeGetEnabledTags: 0
W/Trace   (  274): Unexpected value from nativeGetEnabledTags: 0
W/Trace   (  274): Unexpected value from nativeGetEnabledTags: 0
W/Trace   (  274): Unexpected value from nativeGetEnabledTags: 0
W/Trace   (  274): Unexpected value from nativeGetEnabledTags: 0
W/Trace   (  440): Unexpected value from nativeGetEnabledTags: 0
W/Trace   (  274): Unexpected value from nativeGetEnabledTags: 0
W/Trace   (  274): Unexpected value from nativeGetEnabledTags: 0
W/Trace   (  274): Unexpected value from nativeGetEnabledTags: 0
W/Trace   (  274): Unexpected value from nativeGetEnabledTags: 0
W/Trace   (  274): Unexpected value from nativeGetEnabledTags: 0
W/Trace   (  440): Unexpected value from nativeGetEnabledTags: 0
W/Trace   (  274): Unexpected value from nativeGetEnabledTags: 0
W/Trace   (  274): Unexpected value from nativeGetEnabledTags: 0
W/Trace   (  274): Unexpected value from nativeGetEnabledTags: 0
W/Trace   (  274): Unexpected value from nativeGetEnabledTags: 0
W/Trace   (  274): Unexpected value from nativeGetEnabledTags: 0
W/Trace   (  274): Unexpected value from nativeGetEnabledTags: 0
W/Trace   (  274): Unexpected value from nativeGetEnabledTags: 0
W/Trace   (  274): Unexpected value from nativeGetEnabledTags: 0
W/Trace   (  274): Unexpected value from nativeGetEnabledTags: 0
W/Trace   (  274): Unexpected value from nativeGetEnabledTags: 0
W/Trace   (  274): Unexpected value from nativeGetEnabledTags: 0
W/Trace   (  274): Unexpected value from nativeGetEnabledTags: 0
W/Trace   (  274): Unexpected value from nativeGetEnabledTags: 0
W/Trace   (  440): Unexpected value from nativeGetEnabledTags: 0
W/Trace   (  527): Unexpected value from nativeGetEnabledTags: 0
W/AccountTypeManager(  527): No authenticator found for type=com.android.exchange, ignoring it.
I/AccountTypeManager(  527): Loaded meta-data for 0 account types, 0 accounts in 5ms(wall) 2ms(cpu)
W/Trace   (  527): Unexpected value from nativeGetEnabledTags: 0
W/Trace   (  440): Unexpected value from nativeGetEnabledTags: 0
W/Trace   (  729): Unexpected value from nativeGetEnabledTags: 0
W/ApplicationContext(  729): Calling a method in the system process without a qualified user: android.app.ContextImpl.startService:1352 android.content.ContextWrapper.startService:450 android.content.ContextWrapper.startService:450 
W/Trace   (  729): Unexpected value from nativeGetEnabledTags: 0
W/Trace   (  729): Unexpected value from nativeGetEnabledTags: 0
W/Trace   (  729): Unexpected value from nativeGetEnabledTags: 0
W/Trace   (  729): Unexpected value from nativeGetEnabledTags: 0
W/Trace   (  729): Unexpected value from nativeGetEnabledTags: 0
W/Trace   (  396): Unexpected value from nativeGetEnabledTags: 0
W/Trace   (  396): Unexpected value from nativeGetEnabledTags: 0
W/Trace   (  274): Unexpected value from nativeGetEnabledTags: 0
D/PackageManager(  274): generateServicesMap() for 0
W/Trace   (  274): Unexpected value from nativeGetEnabledTags: 0
W/Trace   (  274): Unexpected value from nativeGetEnabledTags: 0
D/PackageManager(  274): generateServicesMap() for 0
W/Trace   (  274): Unexpected value from nativeGetEnabledTags: 0
W/Trace   (  274): Unexpected value from nativeGetEnabledTags: 0
W/Trace   (  274): Unexpected value from nativeGetEnabledTags: 0
W/Trace   (  371): Unexpected value from nativeGetEnabledTags: 0
W/Trace   (  274): Unexpected value from nativeGetEnabledTags: 0
I/InputReader(  274): Reconfiguring input devices.  changes=0x00000010
W/Trace   (  274): Unexpected value from nativeGetEnabledTags: 0
W/Trace   (  729): Unexpected value from nativeGetEnabledTags: 0
W/Trace   (  729): Unexpected value from nativeGetEnabledTags: 0
W/Trace   (  440): Unexpected value from nativeGetEnabledTags: 0
W/Trace   (  371): Unexpected value from nativeGetEnabledTags: 0
W/Trace   (  274): Unexpected value from nativeGetEnabledTags: 0
W/Trace   (  440): Unexpected value from nativeGetEnabledTags: 0
W/Trace   (  274): Unexpected value from nativeGetEnabledTags: 0
W/Trace   (  274): Unexpected value from nativeGetEnabledTags: 0
W/Trace   (  274): Unexpected value from nativeGetEnabledTags: 0
W/Trace   (  274): Unexpected value from nativeGetEnabledTags: 0
W/Trace   (  274): Unexpected value from nativeGetEnabledTags: 0
I/Choreographer(  396): Skipped 38 frames!  The application may be doing too much work on its main thread.
W/Trace   (  396): Unexpected value from nativeGetEnabledTags: 0
W/Trace   (  396): Unexpected value from nativeGetEnabledTags: 0
W/Trace   (  274): Unexpected value from nativeGetEnabledTags: 0
W/Trace   (  396): Unexpected value from nativeGetEnabledTags: 0
W/Trace   (  396): Unexpected value from nativeGetEnabledTags: 0
W/Trace   (  396): Unexpected value from nativeGetEnabledTags: 0
W/Trace   (  396): Unexpected value from nativeGetEnabledTags: 0
W/Trace   (  396): Unexpected value from nativeGetEnabledTags: 0
W/Trace   (  396): Unexpected value from nativeGetEnabledTags: 0
W/Trace   (  527): Unexpected value from nativeGetEnabledTags: 0
W/AccountTypeManager(  527): No authenticator found for type=com.android.exchange, ignoring it.
I/AccountTypeManager(  527): Loaded meta-data for 0 account types, 0 accounts in 6ms(wall) 2ms(cpu)
W/Trace   (  440): Unexpected value from nativeGetEnabledTags: 0
W/Trace   (  527): Unexpected value from nativeGetEnabledTags: 0
W/Trace   (  743): Unexpected value from nativeGetEnabledTags: 0
W/Trace   (  743): Unexpected value from nativeGetEnabledTags: 0
W/Trace   (  440): Unexpected value from nativeGetEnabledTags: 0
W/Trace   (  440): Unexpected value from nativeGetEnabledTags: 0
W/Trace   (  440): Unexpected value from nativeGetEnabledTags: 0
W/Trace   (  274): Unexpected value from nativeGetEnabledTags: 0
W/Trace   (  274): Unexpected value from nativeGetEnabledTags: 0
W/Trace   (  274): Unexpected value from nativeGetEnabledTags: 0
W/Trace   (  343): Unexpected value from nativeGetEnabledTags: 0
W/Trace   (  343): Unexpected value from nativeGetEnabledTags: 0
W/Trace   (  274): Unexpected value from nativeGetEnabledTags: 0
W/Trace   (  343): Unexpected value from nativeGetEnabledTags: 0
W/Trace   (  343): Unexpected value from nativeGetEnabledTags: 0
W/Trace   (  343): Unexpected value from nativeGetEnabledTags: 0
W/Trace   (  343): Unexpected value from nativeGetEnabledTags: 0
W/Trace   (  343): Unexpected value from nativeGetEnabledTags: 0
W/Trace   (  343): Unexpected value from nativeGetEnabledTags: 0
W/Trace   (  343): Unexpected value from nativeGetEnabledTags: 0
W/Trace   (  343): Unexpected value from nativeGetEnabledTags: 0
W/Trace   (  343): Unexpected value from nativeGetEnabledTags: 0
W/Trace   (  343): Unexpected value from nativeGetEnabledTags: 0
W/Trace   (  343): Unexpected value from nativeGetEnabledTags: 0
W/Trace   (  343): Unexpected value from nativeGetEnabledTags: 0
W/Trace   (  343): Unexpected value from nativeGetEnabledTags: 0
W/Trace   (  343): Unexpected value from nativeGetEnabledTags: 0
W/Trace   (  343): Unexpected value from nativeGetEnabledTags: 0
W/Trace   (  343): Unexpected value from nativeGetEnabledTags: 0
W/Trace   (  343): Unexpected value from nativeGetEnabledTags: 0
W/Trace   (  343): Unexpected value from nativeGetEnabledTags: 0
W/Trace   (  343): Unexpected value from nativeGetEnabledTags: 0
W/Trace   (  396): Unexpected value from nativeGetEnabledTags: 0
W/Trace   (  396): Unexpected value from nativeGetEnabledTags: 0
W/Trace   (  396): Unexpected value from nativeGetEnabledTags: 0
W/Trace   (  396): Unexpected value from nativeGetEnabledTags: 0
W/Trace   (  343): Unexpected value from nativeGetEnabledTags: 0
W/Trace   (  343): Unexpected value from nativeGetEnabledTags: 0
W/Trace   (  343): Unexpected value from nativeGetEnabledTags: 0
W/Trace   (  343): Unexpected value from nativeGetEnabledTags: 0
W/Trace   (  343): Unexpected value from nativeGetEnabledTags: 0
W/Trace   (  343): Unexpected value from nativeGetEnabledTags: 0
W/Trace   (  343): Unexpected value from nativeGetEnabledTags: 0
W/Trace   (  343): Unexpected value from nativeGetEnabledTags: 0
W/Trace   (  343): Unexpected value from nativeGetEnabledTags: 0
W/Trace   (  396): Unexpected value from nativeGetEnabledTags: 0
W/Trace   (  396): Unexpected value from nativeGetEnabledTags: 0
W/InputMethodManagerService(  274): Found no subtypes in a system IME: com.android.inputmethod.pinyin
W/Trace   (  274): Unexpected value from nativeGetEnabledTags: 0
W/Trace   (  274): Unexpected value from nativeGetEnabledTags: 0
W/Trace   (  274): Unexpected value from nativeGetEnabledTags: 0
W/Trace   (  274): Unexpected value from nativeGetEnabledTags: 0
W/Trace   (  274): Unexpected value from nativeGetEnabledTags: 0
W/Trace   (  274): Unexpected value from nativeGetEnabledTags: 0
W/Trace   (  396): Unexpected value from nativeGetEnabledTags: 0
W/Trace   (  756): Unexpected value from nativeGetEnabledTags: 0
W/Trace   (  756): Unexpected value from nativeGetEnabledTags: 0
D/dalvikvm(  274): GC_EXPLICIT freed 798K, 29% free 8376K/11716K, paused 201ms+74ms, total 465ms
D/AndroidRuntime(  912): Shutting down VM
D/dalvikvm(  912): GC_CONCURRENT freed 100K, 18% free 469K/572K, paused 0ms+2ms, total 9ms
D/jdwp    (  912): Got wake-up signal, bailing out of select
D/dalvikvm(  912): Debugger has detached; object registry had 1 entries
W/Trace   (  396): Unexpected value from nativeGetEnabledTags: 0
W/Trace   (  396): Unexpected value from nativeGetEnabledTags: 0
W/Trace   (  396): Unexpected value from nativeGetEnabledTags: 0
W/Trace   (  396): Unexpected value from nativeGetEnabledTags: 0
W/Trace   (  396): Unexpected value from nativeGetEnabledTags: 0
W/Trace   (  396): Unexpected value from nativeGetEnabledTags: 0
W/Trace   (  396): Unexpected value from nativeGetEnabledTags: 0
W/Trace   (  396): Unexpected value from nativeGetEnabledTags: 0
W/Trace   (  396): Unexpected value from nativeGetEnabledTags: 0
W/Trace   (  756): Unexpected value from nativeGetEnabledTags: 0
W/Trace   (  756): Unexpected value from nativeGetEnabledTags: 0
W/Trace   (  396): Unexpected value from nativeGetEnabledTags: 0
W/Trace   (  396): Unexpected value from nativeGetEnabledTags: 0
W/Trace   (  396): Unexpected value from nativeGetEnabledTags: 0
W/Trace   (  396): Unexpected value from nativeGetEnabledTags: 0
W/Trace   (  396): Unexpected value from nativeGetEnabledTags: 0
W/Trace   (  396): Unexpected value from nativeGetEnabledTags: 0
W/Trace   (  396): Unexpected value from nativeGetEnabledTags: 0
W/Trace   (  396): Unexpected value from nativeGetEnabledTags: 0
W/Trace   (  396): Unexpected value from nativeGetEnabledTags: 0
W/Trace   (  396): Unexpected value from nativeGetEnabledTags: 0
W/Trace   (  274): Unexpected value from nativeGetEnabledTags: 0
W/Trace   (  274): Unexpected value from nativeGetEnabledTags: 0
W/Trace   (  274): Unexpected value from nativeGetEnabledTags: 0
W/Trace   (  274): Unexpected value from nativeGetEnabledTags: 0
W/Trace   (  274): Unexpected value from nativeGetEnabledTags: 0
W/Trace   (  274): Unexpected value from nativeGetEnabledTags: 0
W/RecognitionManagerService(  274): no available voice recognition services found for user 0
W/Trace   (  274): Unexpected value from nativeGetEnabledTags: 0
W/Trace   (  274): Unexpected value from nativeGetEnabledTags: 0
W/Trace   (  274): Unexpected value from nativeGetEnabledTags: 0
W/Trace   (  396): Unexpected value from nativeGetEnabledTags: 0
W/Trace   (  396): Unexpected value from nativeGetEnabledTags: 0
W/Trace   (  396): Unexpected value from nativeGetEnabledTags: 0
W/Trace   (  396): Unexpected value from nativeGetEnabledTags: 0
W/Trace   (  396): Unexpected value from nativeGetEnabledTags: 0
W/Trace   (  396): Unexpected value from nativeGetEnabledTags: 0
W/Trace   (  396): Unexpected value from nativeGetEnabledTags: 0
W/Trace   (  396): Unexpected value from nativeGetEnabledTags: 0
I/ActivityManager(  274): START u0 {act=android.intent.action.MAIN cat=[android.intent.category.LAUNCHER] flg=0x10200000 cmp=com.wallpaper.sundial/.Sundial bnds=[120,555][240,705]} from pid 396
W/WindowManager(  274): Failure taking screenshot for (246x410) to layer 21005
W/Trace   (  396): Unexpected value from nativeGetEnabledTags: 0
W/Trace   (  274): Unexpected value from nativeGetEnabledTags: 0
W/Trace   (  274): Unexpected value from nativeGetEnabledTags: 0
D/dalvikvm(  928): Not late-enabling CheckJNI (already on)
W/Trace   (  274): Unexpected value from nativeGetEnabledTags: 0
I/ActivityManager(  274): Start proc com.wallpaper.sundial for activity com.wallpaper.sundial/.Sundial: pid=928 uid=10047 gids={50047, 1015, 1028}
W/Trace   (  274): Unexpected value from nativeGetEnabledTags: 0
W/Trace   (  274): Unexpected value from nativeGetEnabledTags: 0
W/Trace   (  396): Unexpected value from nativeGetEnabledTags: 0
I/Choreographer(  396): Skipped 30 frames!  The application may be doing too much work on its main thread.
W/Trace   (  396): Unexpected value from nativeGetEnabledTags: 0
W/Trace   (  396): Unexpected value from nativeGetEnabledTags: 0
W/Trace   (  274): Unexpected value from nativeGetEnabledTags: 0
W/Trace   (  274): Unexpected value from nativeGetEnabledTags: 0
W/Trace   (  274): Unexpected value from nativeGetEnabledTags: 0
W/Trace   (  274): Unexpected value from nativeGetEnabledTags: 0
W/Trace   (  274): Unexpected value from nativeGetEnabledTags: 0
W/Trace   (  274): Unexpected value from nativeGetEnabledTags: 0
W/Trace   (  274): Unexpected value from nativeGetEnabledTags: 0
W/Trace   (  274): Unexpected value from nativeGetEnabledTags: 0
W/Trace   (  274): Unexpected value from nativeGetEnabledTags: 0
E/SurfaceFlinger(   36): ro.sf.lcd_density must be defined as a build property
W/Trace   (  396): Unexpected value from nativeGetEnabledTags: 0
W/Trace   (  396): Unexpected value from nativeGetEnabledTags: 0
W/Trace   (  274): Unexpected value from nativeGetEnabledTags: 0
W/Trace   (  274): Unexpected value from nativeGetEnabledTags: 0
W/Trace   (  274): Unexpected value from nativeGetEnabledTags: 0
W/Trace   (  274): Unexpected value from nativeGetEnabledTags: 0
I/dalvikvm(  928): Turning on JNI app bug workarounds for target SDK version 3...
W/Trace   (  396): Unexpected value from nativeGetEnabledTags: 0
W/Trace   (  396): Unexpected value from nativeGetEnabledTags: 0
W/Trace   (  274): Unexpected value from nativeGetEnabledTags: 0
W/Trace   (  274): Unexpected value from nativeGetEnabledTags: 0
W/Trace   (  274): Unexpected value from nativeGetEnabledTags: 0
W/Trace   (  274): Unexpected value from nativeGetEnabledTags: 0
W/Trace   (  274): Unexpected value from nativeGetEnabledTags: 0
W/Trace   (  274): Unexpected value from nativeGetEnabledTags: 0
W/Trace   (  396): Unexpected value from nativeGetEnabledTags: 0
E/Trace   (  928): error opening trace file: No such file or directory (2)
W/Trace   (  928): Unexpected value from nativeGetEnabledTags: 0
W/Trace   (  928): Unexpected value from nativeGetEnabledTags: 0
W/Trace   (  928): Unexpected value from nativeGetEnabledTags: 0
W/Trace   (  274): Unexpected value from nativeGetEnabledTags: 0
W/Trace   (  274): Unexpected value from nativeGetEnabledTags: 0
W/Trace   (  928): Unexpected value from nativeGetEnabledTags: 0
W/Trace   (  928): Unexpected value from nativeGetEnabledTags: 0
D/dalvikvm(  928): Trying to load lib /data/app-lib/com.wallpaper.sundial-1/libsundial.so 0x40ce2060
D/dalvikvm(  928): Added shared lib /data/app-lib/com.wallpaper.sundial-1/libsundial.so 0x40ce2060
D/dalvikvm(  928): No JNI_OnLoad found in /data/app-lib/com.wallpaper.sundial-1/libsundial.so 0x40ce2060, skipping init
W/Trace   (  396): Unexpected value from nativeGetEnabledTags: 0
W/Trace   (  274): Unexpected value from nativeGetEnabledTags: 0
W/Trace   (  274): Unexpected value from nativeGetEnabledTags: 0
W/Trace   (  274): Unexpected value from nativeGetEnabledTags: 0
W/Trace   (  274): Unexpected value from nativeGetEnabledTags: 0
W/Trace   (  928): Unexpected value from nativeGetEnabledTags: 0
W/Trace   (  928): Unexpected value from nativeGetEnabledTags: 0
W/Trace   (  928): Unexpected value from nativeGetEnabledTags: 0
W/Trace   (  928): Unexpected value from nativeGetEnabledTags: 0
W/Trace   (  274): Unexpected value from nativeGetEnabledTags: 0
W/Trace   (  274): Unexpected value from nativeGetEnabledTags: 0
V/PhoneStatusBar(  343): setLightsOn(true)
W/Trace   (  274): Unexpected value from nativeGetEnabledTags: 0
W/Trace   (  274): Unexpected value from nativeGetEnabledTags: 0
E/SurfaceFlinger(   36): ro.sf.lcd_density must be defined as a build property
W/Trace   (  928): Unexpected value from nativeGetEnabledTags: 0
W/Trace   (  928): Unexpected value from nativeGetEnabledTags: 0
W/Trace   (  928): Unexpected value from nativeGetEnabledTags: 0
W/Trace   (  928): Unexpected value from nativeGetEnabledTags: 0
W/Trace   (  928): Unexpected value from nativeGetEnabledTags: 0
W/Trace   (  928): Unexpected value from nativeGetEnabledTags: 0
W/Trace   (  928): Unexpected value from nativeGetEnabledTags: 0
W/Trace   (  928): Unexpected value from nativeGetEnabledTags: 0
W/Trace   (  928): Unexpected value from nativeGetEnabledTags: 0
D/gralloc_goldfish(  928): Emulator without GPU emulation detected.
W/Trace   (  928): Unexpected value from nativeGetEnabledTags: 0
W/Trace   (  274): Unexpected value from nativeGetEnabledTags: 0
W/Trace   (  274): Unexpected value from nativeGetEnabledTags: 0
I/ActivityManager(  274): Displayed com.wallpaper.sundial/.Sundial: +1s223ms (total +4m13s700ms)
W/Trace   (  274): Unexpected value from nativeGetEnabledTags: 0
W/Trace   (  274): Unexpected value from nativeGetEnabledTags: 0
W/Trace   (  928): Unexpected value from nativeGetEnabledTags: 0
W/Trace   (  396): Unexpected value from nativeGetEnabledTags: 0
W/Trace   (  274): Unexpected value from nativeGetEnabledTags: 0
W/Trace   (  274): Unexpected value from nativeGetEnabledTags: 0
W/Trace   (  396): Unexpected value from nativeGetEnabledTags: 0
W/Trace   (  396): Unexpected value from nativeGetEnabledTags: 0
W/Trace   (  396): Unexpected value from nativeGetEnabledTags: 0
W/Trace   (  274): Unexpected value from nativeGetEnabledTags: 0
W/Trace   (  274): Unexpected value from nativeGetEnabledTags: 0
W/Trace   (  274): Unexpected value from nativeGetEnabledTags: 0
W/Trace   (  274): Unexpected value from nativeGetEnabledTags: 0
W/Trace   (  712): Unexpected value from nativeGetEnabledTags: 0
W/Trace   (  712): Unexpected value from nativeGetEnabledTags: 0
W/Trace   (  712): Unexpected value from nativeGetEnabledTags: 0
W/Trace   (  712): Unexpected value from nativeGetEnabledTags: 0
W/Trace   (  712): Unexpected value from nativeGetEnabledTags: 0
W/Trace   (  712): Unexpected value from nativeGetEnabledTags: 0
W/Trace   (  388): Unexpected value from nativeGetEnabledTags: 0
W/Trace   (  388): Unexpected value from nativeGetEnabledTags: 0
D/ExchangeService(  595): Received deviceId from Email app: null
D/ExchangeService(  595): !!! deviceId unknown; stopping self and retrying
W/Trace   (  595): Unexpected value from nativeGetEnabledTags: 0
D/ExchangeService(  595): !!! EAS ExchangeService, onCreate
W/Trace   (  595): Unexpected value from nativeGetEnabledTags: 0
W/Trace   (  595): Unexpected value from nativeGetEnabledTags: 0
D/ExchangeService(  595): !!! EAS ExchangeService, onStartCommand, startingUp = false, running = false
W/Trace   (  595): Unexpected value from nativeGetEnabledTags: 0
W/Trace   (  595): Unexpected value from nativeGetEnabledTags: 0
D/ExchangeService(  595): !!! EAS ExchangeService, onStartCommand, startingUp = true, running = false
W/Trace   (  595): Unexpected value from nativeGetEnabledTags: 0
W/ActivityManager(  274): Unable to start service Intent { act=com.android.email.ACCOUNT_INTENT } U=0: not found
D/ExchangeService(  595): !!! Email application not found; stopping self
W/Trace   (  595): Unexpected value from nativeGetEnabledTags: 0
W/ActivityManager(  274): Unable to start service Intent { act=com.android.email.ACCOUNT_INTENT } U=0: not found
W/Trace   (  595): Unexpected value from nativeGetEnabledTags: 0
E/ActivityThread(  595): Service com.android.exchange.ExchangeService has leaked ServiceConnection com.android.emailcommon.service.ServiceProxy$ProxyConnection@40cd94a0 that was originally bound here
E/ActivityThread(  595): android.app.ServiceConnectionLeaked: Service com.android.exchange.ExchangeService has leaked ServiceConnection com.android.emailcommon.service.ServiceProxy$ProxyConnection@40cd94a0 that was originally bound here
E/ActivityThread(  595): 	at android.app.LoadedApk$ServiceDispatcher.<init>(LoadedApk.java:969)
E/ActivityThread(  595): 	at android.app.LoadedApk.getServiceDispatcher(LoadedApk.java:863)
E/ActivityThread(  595): 	at android.app.ContextImpl.bindService(ContextImpl.java:1418)
E/ActivityThread(  595): 	at android.app.ContextImpl.bindService(ContextImpl.java:1407)
E/ActivityThread(  595): 	at android.content.ContextWrapper.bindService(ContextWrapper.java:473)
E/ActivityThread(  595): 	at com.android.emailcommon.service.ServiceProxy.setTask(ServiceProxy.java:157)
E/ActivityThread(  595): 	at com.android.emailcommon.service.ServiceProxy.setTask(ServiceProxy.java:145)
E/ActivityThread(  595): 	at com.android.emailcommon.service.AccountServiceProxy.getDeviceId(AccountServiceProxy.java:116)
E/ActivityThread(  595): 	at com.android.exchange.ExchangeService.getDeviceId(ExchangeService.java:1249)
E/ActivityThread(  595): 	at com.android.exchange.ExchangeService$7.run(ExchangeService.java:1856)
E/ActivityThread(  595): 	at com.android.emailcommon.utility.Utility$2.doInBackground(Utility.java:551)
E/ActivityThread(  595): 	at com.android.emailcommon.utility.Utility$2.doInBackground(Utility.java:549)
E/ActivityThread(  595): 	at android.os.AsyncTask$2.call(AsyncTask.java:287)
E/ActivityThread(  595): 	at java.util.concurrent.FutureTask.run(FutureTask.java:234)
E/ActivityThread(  595): 	at java.util.concurrent.ThreadPoolExecutor.runWorker(ThreadPoolExecutor.java:1080)
E/ActivityThread(  595): 	at java.util.concurrent.ThreadPoolExecutor$Worker.run(ThreadPoolExecutor.java:573)
E/ActivityThread(  595): 	at java.lang.Thread.run(Thread.java:856)
E/StrictMode(  595): null
E/StrictMode(  595): android.app.ServiceConnectionLeaked: Service com.android.exchange.ExchangeService has leaked ServiceConnection com.android.emailcommon.service.ServiceProxy$ProxyConnection@40cd94a0 that was originally bound here
E/StrictMode(  595): 	at android.app.LoadedApk$ServiceDispatcher.<init>(LoadedApk.java:969)
E/StrictMode(  595): 	at android.app.LoadedApk.getServiceDispatcher(LoadedApk.java:863)
E/StrictMode(  595): 	at android.app.ContextImpl.bindService(ContextImpl.java:1418)
E/StrictMode(  595): 	at android.app.ContextImpl.bindService(ContextImpl.java:1407)
E/StrictMode(  595): 	at android.content.ContextWrapper.bindService(ContextWrapper.java:473)
E/StrictMode(  595): 	at com.android.emailcommon.service.ServiceProxy.setTask(ServiceProxy.java:157)
E/StrictMode(  595): 	at com.android.emailcommon.service.ServiceProxy.setTask(ServiceProxy.java:145)
E/StrictMode(  595): 	at com.android.emailcommon.service.AccountServiceProxy.getDeviceId(AccountServiceProxy.java:116)
E/StrictMode(  595): 	at com.android.exchange.ExchangeService.getDeviceId(ExchangeService.java:1249)
E/StrictMode(  595): 	at com.android.exchange.ExchangeService$7.run(ExchangeService.java:1856)
E/StrictMode(  595): 	at com.android.emailcommon.utility.Utility$2.doInBackground(Utility.java:551)
E/StrictMode(  595): 	at com.android.emailcommon.utility.Utility$2.doInBackground(Utility.java:549)
E/StrictMode(  595): 	at android.os.AsyncTask$2.call(AsyncTask.java:287)
E/StrictMode(  595): 	at java.util.concurrent.FutureTask.run(FutureTask.java:234)
E/StrictMode(  595): 	at java.util.concurrent.ThreadPoolExecutor.runWorker(ThreadPoolExecutor.java:1080)
E/StrictMode(  595): 	at java.util.concurrent.ThreadPoolExecutor$Worker.run(ThreadPoolExecutor.java:573)
E/StrictMode(  595): 	at java.lang.Thread.run(Thread.java:856)
W/ActivityManager(  274): Unbind failed: could not find connection for android.os.BinderProxy@41038e30
E/ActivityThread(  595): Service com.android.exchange.ExchangeService has leaked ServiceConnection com.android.emailcommon.service.ServiceProxy$ProxyConnection@40cf1458 that was originally bound here
E/ActivityThread(  595): android.app.ServiceConnectionLeaked: Service com.android.exchange.ExchangeService has leaked ServiceConnection com.android.emailcommon.service.ServiceProxy$ProxyConnection@40cf1458 that was originally bound here
E/ActivityThread(  595): 	at android.app.LoadedApk$ServiceDispatcher.<init>(LoadedApk.java:969)
E/ActivityThread(  595): 	at android.app.LoadedApk.getServiceDispatcher(LoadedApk.java:863)
E/ActivityThread(  595): 	at android.app.ContextImpl.bindService(ContextImpl.java:1418)
E/ActivityThread(  595): 	at android.app.ContextImpl.bindService(ContextImpl.java:1407)
E/ActivityThread(  595): 	at android.content.ContextWrapper.bindService(ContextWrapper.java:473)
E/ActivityThread(  595): 	at com.android.emailcommon.service.ServiceProxy.setTask(ServiceProxy.java:157)
E/ActivityThread(  595): 	at com.android.emailcommon.service.ServiceProxy.setTask(ServiceProxy.java:145)
E/ActivityThread(  595): 	at com.android.emailcommon.service.ServiceProxy.test(ServiceProxy.java:191)
E/ActivityThread(  595): 	at com.android.exchange.ExchangeService$7.run(ExchangeService.java:1850)
E/ActivityThread(  595): 	at com.android.emailcommon.utility.Utility$2.doInBackground(Utility.java:551)
E/ActivityThread(  595): 	at com.android.emailcommon.utility.Utility$2.doInBackground(Utility.java:549)
E/ActivityThread(  595): 	at android.os.AsyncTask$2.call(AsyncTask.java:287)
E/ActivityThread(  595): 	at java.util.concurrent.FutureTask.run(FutureTask.java:234)
E/ActivityThread(  595): 	at java.util.concurrent.ThreadPoolExecutor.runWorker(ThreadPoolExecutor.java:1080)
E/ActivityThread(  595): 	at java.util.concurrent.ThreadPoolExecutor$Worker.run(ThreadPoolExecutor.java:573)
E/ActivityThread(  595): 	at java.lang.Thread.run(Thread.java:856)
E/StrictMode(  595): null
E/StrictMode(  595): android.app.ServiceConnectionLeaked: Service com.android.exchange.ExchangeService has leaked ServiceConnection com.android.emailcommon.service.ServiceProxy$ProxyConnection@40cf1458 that was originally bound here
E/StrictMode(  595): 	at android.app.LoadedApk$ServiceDispatcher.<init>(LoadedApk.java:969)
E/StrictMode(  595): 	at android.app.LoadedApk.getServiceDispatcher(LoadedApk.java:863)
E/StrictMode(  595): 	at android.app.ContextImpl.bindService(ContextImpl.java:1418)
E/StrictMode(  595): 	at android.app.ContextImpl.bindService(ContextImpl.java:1407)
E/StrictMode(  595): 	at android.content.ContextWrapper.bindService(ContextWrapper.java:473)
E/StrictMode(  595): 	at com.android.emailcommon.service.ServiceProxy.setTask(ServiceProxy.java:157)
E/StrictMode(  595): 	at com.android.emailcommon.service.ServiceProxy.setTask(ServiceProxy.java:145)
E/StrictMode(  595): 	at com.android.emailcommon.service.ServiceProxy.test(ServiceProxy.java:191)
E/StrictMode(  595): 	at com.android.exchange.ExchangeService$7.run(ExchangeService.java:1850)
E/StrictMode(  595): 	at com.android.emailcommon.utility.Utility$2.doInBackground(Utility.java:551)
E/StrictMode(  595): 	at com.android.emailcommon.utility.Utility$2.doInBackground(Utility.java:549)
E/StrictMode(  595): 	at android.os.AsyncTask$2.call(AsyncTask.java:287)
E/StrictMode(  595): 	at java.util.concurrent.FutureTask.run(FutureTask.java:234)
E/StrictMode(  595): 	at java.util.concurrent.ThreadPoolExecutor.runWorker(ThreadPoolExecutor.java:1080)
E/StrictMode(  595): 	at java.util.concurrent.ThreadPoolExecutor$Worker.run(ThreadPoolExecutor.java:573)
E/StrictMode(  595): 	at java.lang.Thread.run(Thread.java:856)
W/ActivityManager(  274): Unbind failed: could not find connection for android.os.BinderProxy@4108a9e0
W/Trace   (  274): Unexpected value from nativeGetEnabledTags: 0
W/Trace   (  274): Unexpected value from nativeGetEnabledTags: 0
W/Trace   (  274): Unexpected value from nativeGetEnabledTags: 0
W/Trace   (  343): Unexpected value from nativeGetEnabledTags: 0
W/Trace   (  343): Unexpected value from nativeGetEnabledTags: 0
W/Trace   (  274): Unexpected value from nativeGetEnabledTags: 0
W/Trace   (  343): Unexpected value from nativeGetEnabledTags: 0
W/Trace   (  343): Unexpected value from nativeGetEnabledTags: 0
W/Trace   (  343): Unexpected value from nativeGetEnabledTags: 0
W/Trace   (  343): Unexpected value from nativeGetEnabledTags: 0
W/Trace   (  343): Unexpected value from nativeGetEnabledTags: 0
W/Trace   (  343): Unexpected value from nativeGetEnabledTags: 0
W/Trace   (  343): Unexpected value from nativeGetEnabledTags: 0
W/Trace   (  343): Unexpected value from nativeGetEnabledTags: 0
W/Trace   (  343): Unexpected value from nativeGetEnabledTags: 0
W/Trace   (  343): Unexpected value from nativeGetEnabledTags: 0
W/Trace   (  343): Unexpected value from nativeGetEnabledTags: 0
W/Trace   (  343): Unexpected value from nativeGetEnabledTags: 0
W/Trace   (  343): Unexpected value from nativeGetEnabledTags: 0
W/Trace   (  343): Unexpected value from nativeGetEnabledTags: 0
W/Trace   (  343): Unexpected value from nativeGetEnabledTags: 0
W/Trace   (  343): Unexpected value from nativeGetEnabledTags: 0
W/Trace   (  343): Unexpected value from nativeGetEnabledTags: 0
W/Trace   (  343): Unexpected value from nativeGetEnabledTags: 0
W/Trace   (  343): Unexpected value from nativeGetEnabledTags: 0
W/Trace   (  396): Unexpected value from nativeGetEnabledTags: 0
W/Trace   (  396): Unexpected value from nativeGetEnabledTags: 0
W/Trace   (  396): Unexpected value from nativeGetEnabledTags: 0
W/Trace   (  343): Unexpected value from nativeGetEnabledTags: 0
W/Trace   (  343): Unexpected value from nativeGetEnabledTags: 0
W/Trace   (  343): Unexpected value from nativeGetEnabledTags: 0
W/Trace   (  343): Unexpected value from nativeGetEnabledTags: 0
W/Trace   (  343): Unexpected value from nativeGetEnabledTags: 0
W/Trace   (  343): Unexpected value from nativeGetEnabledTags: 0
W/Trace   (  343): Unexpected value from nativeGetEnabledTags: 0
W/Trace   (  343): Unexpected value from nativeGetEnabledTags: 0
W/Trace   (  343): Unexpected value from nativeGetEnabledTags: 0
W/Trace   (  396): Unexpected value from nativeGetEnabledTags: 0
D/ExchangeService(  595): Received deviceId from Email app: null
D/ExchangeService(  595): !!! deviceId unknown; stopping self and retrying
W/Trace   (  274): Unexpected value from nativeGetEnabledTags: 0
W/Trace   (  274): Unexpected value from nativeGetEnabledTags: 0
W/Trace   (  595): Unexpected value from nativeGetEnabledTags: 0
W/Trace   (  595): Unexpected value from nativeGetEnabledTags: 0
W/Trace   (  595): Unexpected value from nativeGetEnabledTags: 0
D/ExchangeService(  595): !!! EAS ExchangeService, onStartCommand, startingUp = false, running = false
W/ActivityManager(  274): Unable to start service Intent { act=com.android.email.ACCOUNT_INTENT } U=0: not found
D/ExchangeService(  595): !!! Email application not found; stopping self
W/Trace   (  595): Unexpected value from nativeGetEnabledTags: 0
W/Trace   (  595): Unexpected value from nativeGetEnabledTags: 0
W/ActivityManager(  274): Unable to start service Intent { act=com.android.email.ACCOUNT_INTENT } U=0: not found
W/Trace   (  595): Unexpected value from nativeGetEnabledTags: 0
E/ActivityThread(  595): Service com.android.exchange.ExchangeService has leaked ServiceConnection com.android.emailcommon.service.ServiceProxy$ProxyConnection@40d2d200 that was originally bound here
E/ActivityThread(  595): android.app.ServiceConnectionLeaked: Service com.android.exchange.ExchangeService has leaked ServiceConnection com.android.emailcommon.service.ServiceProxy$ProxyConnection@40d2d200 that was originally bound here
E/ActivityThread(  595): 	at android.app.LoadedApk$ServiceDispatcher.<init>(LoadedApk.java:969)
E/ActivityThread(  595): 	at android.app.LoadedApk.getServiceDispatcher(LoadedApk.java:863)
E/ActivityThread(  595): 	at android.app.ContextImpl.bindService(ContextImpl.java:1418)
E/ActivityThread(  595): 	at android.app.ContextImpl.bindService(ContextImpl.java:1407)
E/ActivityThread(  595): 	at android.content.ContextWrapper.bindService(ContextWrapper.java:473)
E/ActivityThread(  595): 	at com.android.emailcommon.service.ServiceProxy.setTask(ServiceProxy.java:157)
E/ActivityThread(  595): 	at com.android.emailcommon.service.ServiceProxy.setTask(ServiceProxy.java:145)
E/ActivityThread(  595): 	at com.android.emailcommon.service.AccountServiceProxy.getDeviceId(AccountServiceProxy.java:116)
E/ActivityThread(  595): 	at com.android.exchange.ExchangeService.getDeviceId(ExchangeService.java:1249)
E/ActivityThread(  595): 	at com.android.exchange.ExchangeService$7.run(ExchangeService.java:1856)
E/ActivityThread(  595): 	at com.android.emailcommon.utility.Utility$2.doInBackground(Utility.java:551)
E/ActivityThread(  595): 	at com.android.emailcommon.utility.Utility$2.doInBackground(Utility.java:549)
E/ActivityThread(  595): 	at android.os.AsyncTask$2.call(AsyncTask.java:287)
E/ActivityThread(  595): 	at java.util.concurrent.FutureTask.run(FutureTask.java:234)
E/ActivityThread(  595): 	at java.util.concurrent.ThreadPoolExecutor.runWorker(ThreadPoolExecutor.java:1080)
E/ActivityThread(  595): 	at java.util.concurrent.ThreadPoolExecutor$Worker.run(ThreadPoolExecutor.java:573)
E/ActivityThread(  595): 	at java.lang.Thread.run(Thread.java:856)
E/StrictMode(  595): null
E/StrictMode(  595): android.app.ServiceConnectionLeaked: Service com.android.exchange.ExchangeService has leaked ServiceConnection com.android.emailcommon.service.ServiceProxy$ProxyConnection@40d2d200 that was originally bound here
E/StrictMode(  595): 	at android.app.LoadedApk$ServiceDispatcher.<init>(LoadedApk.java:969)
E/StrictMode(  595): 	at android.app.LoadedApk.getServiceDispatcher(LoadedApk.java:863)
E/StrictMode(  595): 	at android.app.ContextImpl.bindService(ContextImpl.java:1418)
E/StrictMode(  595): 	at android.app.ContextImpl.bindService(ContextImpl.java:1407)
E/StrictMode(  595): 	at android.content.ContextWrapper.bindService(ContextWrapper.java:473)
E/StrictMode(  595): 	at com.android.emailcommon.service.ServiceProxy.setTask(ServiceProxy.java:157)
E/StrictMode(  595): 	at com.android.emailcommon.service.ServiceProxy.setTask(ServiceProxy.java:145)
E/StrictMode(  595): 	at com.android.emailcommon.service.AccountServiceProxy.getDeviceId(AccountServiceProxy.java:116)
E/StrictMode(  595): 	at com.android.exchange.ExchangeService.getDeviceId(ExchangeService.java:1249)
E/StrictMode(  595): 	at com.android.exchange.ExchangeService$7.run(ExchangeService.java:1856)
E/StrictMode(  595): 	at com.android.emailcommon.utility.Utility$2.doInBackground(Utility.java:551)
E/StrictMode(  595): 	at com.android.emailcommon.utility.Utility$2.doInBackground(Utility.java:549)
E/StrictMode(  595): 	at android.os.AsyncTask$2.call(AsyncTask.java:287)
E/StrictMode(  595): 	at java.util.concurrent.FutureTask.run(FutureTask.java:234)
E/StrictMode(  595): 	at java.util.concurrent.ThreadPoolExecutor.runWorker(ThreadPoolExecutor.java:1080)
E/StrictMode(  595): 	at java.util.concurrent.ThreadPoolExecutor$Worker.run(ThreadPoolExecutor.java:573)
E/StrictMode(  595): 	at java.lang.Thread.run(Thread.java:856)
W/ActivityManager(  274): Unbind failed: could not find connection for android.os.BinderProxy@4133d448
E/ActivityThread(  595): Service com.android.exchange.ExchangeService has leaked ServiceConnection com.android.emailcommon.service.ServiceProxy$ProxyConnection@40d2ce38 that was originally bound here
E/ActivityThread(  595): android.app.ServiceConnectionLeaked: Service com.android.exchange.ExchangeService has leaked ServiceConnection com.android.emailcommon.service.ServiceProxy$ProxyConnection@40d2ce38 that was originally bound here
E/ActivityThread(  595): 	at android.app.LoadedApk$ServiceDispatcher.<init>(LoadedApk.java:969)
E/ActivityThread(  595): 	at android.app.LoadedApk.getServiceDispatcher(LoadedApk.java:863)
E/ActivityThread(  595): 	at android.app.ContextImpl.bindService(ContextImpl.java:1418)
E/ActivityThread(  595): 	at android.app.ContextImpl.bindService(ContextImpl.java:1407)
E/ActivityThread(  595): 	at android.content.ContextWrapper.bindService(ContextWrapper.java:473)
E/ActivityThread(  595): 	at com.android.emailcommon.service.ServiceProxy.setTask(ServiceProxy.java:157)
E/ActivityThread(  595): 	at com.android.emailcommon.service.ServiceProxy.setTask(ServiceProxy.java:145)
E/ActivityThread(  595): 	at com.android.emailcommon.service.ServiceProxy.test(ServiceProxy.java:191)
E/ActivityThread(  595): 	at com.android.exchange.ExchangeService$7.run(ExchangeService.java:1850)
E/ActivityThread(  595): 	at com.android.emailcommon.utility.Utility$2.doInBackground(Utility.java:551)
E/ActivityThread(  595): 	at com.android.emailcommon.utility.Utility$2.doInBackground(Utility.java:549)
E/ActivityThread(  595): 	at android.os.AsyncTask$2.call(AsyncTask.java:287)
E/ActivityThread(  595): 	at java.util.concurrent.FutureTask.run(FutureTask.java:234)
