E/StrictMode(  626): 	at android.app.LoadedApk$ServiceDispatcher.<init>(LoadedApk.java:969)
E/StrictMode(  626): 	at android.app.LoadedApk.getServiceDispatcher(LoadedApk.java:863)
E/StrictMode(  626): 	at android.app.ContextImpl.bindService(ContextImpl.java:1418)
E/StrictMode(  626): 	at android.app.ContextImpl.bindService(ContextImpl.java:1407)
E/StrictMode(  626): 	at android.content.ContextWrapper.bindService(ContextWrapper.java:473)
E/StrictMode(  626): 	at com.android.emailcommon.service.ServiceProxy.setTask(ServiceProxy.java:157)
E/StrictMode(  626): 	at com.android.emailcommon.service.ServiceProxy.setTask(ServiceProxy.java:145)
E/StrictMode(  626): 	at com.android.emailcommon.service.AccountServiceProxy.getDeviceId(AccountServiceProxy.java:116)
E/StrictMode(  626): 	at com.android.exchange.ExchangeService.getDeviceId(ExchangeService.java:1249)
E/StrictMode(  626): 	at com.android.exchange.ExchangeService$7.run(ExchangeService.java:1856)
E/StrictMode(  626): 	at com.android.emailcommon.utility.Utility$2.doInBackground(Utility.java:551)
E/StrictMode(  626): 	at com.android.emailcommon.utility.Utility$2.doInBackground(Utility.java:549)
E/StrictMode(  626): 	at android.os.AsyncTask$2.call(AsyncTask.java:287)
E/StrictMode(  626): 	at java.util.concurrent.FutureTask.run(FutureTask.java:234)
E/StrictMode(  626): 	at java.util.concurrent.ThreadPoolExecutor.runWorker(ThreadPoolExecutor.java:1080)
E/StrictMode(  626): 	at java.util.concurrent.ThreadPoolExecutor$Worker.run(ThreadPoolExecutor.java:573)
E/StrictMode(  626): 	at java.lang.Thread.run(Thread.java:856)
W/ActivityManager(  274): Unbind failed: could not find connection for android.os.BinderProxy@40fd8a70
D/dalvikvm(  669): GC_CONCURRENT freed 1512K, 22% free 7298K/9320K, paused 75ms+7ms, total 144ms
W/Trace   (  274): Unexpected value from nativeGetEnabledTags: 0
W/Trace   (  274): Unexpected value from nativeGetEnabledTags: 0
W/Trace   (  274): Unexpected value from nativeGetEnabledTags: 0
W/Trace   (  383): Unexpected value from nativeGetEnabledTags: 0
W/Trace   (  383): Unexpected value from nativeGetEnabledTags: 0
W/Trace   (  383): Unexpected value from nativeGetEnabledTags: 0
W/Trace   (  383): Unexpected value from nativeGetEnabledTags: 0
W/Trace   (  383): Unexpected value from nativeGetEnabledTags: 0
W/Trace   (  383): Unexpected value from nativeGetEnabledTags: 0
W/Trace   (  383): Unexpected value from nativeGetEnabledTags: 0
W/Trace   (  274): Unexpected value from nativeGetEnabledTags: 0
W/Trace   (  383): Unexpected value from nativeGetEnabledTags: 0
W/Trace   (  383): Unexpected value from nativeGetEnabledTags: 0
W/Trace   (  383): Unexpected value from nativeGetEnabledTags: 0
W/Trace   (  383): Unexpected value from nativeGetEnabledTags: 0
W/Trace   (  538): Unexpected value from nativeGetEnabledTags: 0
W/Trace   (  383): Unexpected value from nativeGetEnabledTags: 0
W/Trace   (  669): Unexpected value from nativeGetEnabledTags: 0
W/Trace   (  538): Unexpected value from nativeGetEnabledTags: 0
W/Trace   (  669): Unexpected value from nativeGetEnabledTags: 0
W/Trace   (  669): Unexpected value from nativeGetEnabledTags: 0
W/Trace   (  669): Unexpected value from nativeGetEnabledTags: 0
W/Trace   (  432): Unexpected value from nativeGetEnabledTags: 0
W/Trace   (  432): Unexpected value from nativeGetEnabledTags: 0
W/Trace   (  274): Unexpected value from nativeGetEnabledTags: 0
W/Trace   (  274): Unexpected value from nativeGetEnabledTags: 0
V/BackupServiceBinder(  274): doBackup() invoked
D/PerformBackupTask(  274): starting agent for backup of BackupRequest{pkg=android}
W/Trace   (  274): Unexpected value from nativeGetEnabledTags: 0
D/BackupManagerService(  274): awaiting agent for ApplicationInfo{40cdb760 android}
D/BackupManagerService(  274): agentConnected pkg=android agent=android.app.backup.BackupAgent$BackupServiceBinder@411f5fd0
W/Trace   (  274): Unexpected value from nativeGetEnabledTags: 0
V/BackupServiceBinder(  274): doBackup() invoked
D/BackupHelperDispatcher(  274): handling existing helper 'wallpaper' android.app.backup.WallpaperBackupHelper@41019f98
W/Trace   (  274): Unexpected value from nativeGetEnabledTags: 0
W/Trace   (  274): Unexpected value from nativeGetEnabledTags: 0
V/LocalTransport(  274): performBackup() pkg=android
V/LocalTransport(  274): Got change set key=wallpaper:/data/system/wallpaper_info.xml size=-1 key64=d2FsbHBhcGVyOi9kYXRhL3N5c3RlbS93YWxscGFwZXJfaW5mby54bWw=
V/LocalTransport(  274): Got change set key=wallpaper:/data/system/wallpaper_info.xml size=113 key64=d2FsbHBhcGVyOi9kYXRhL3N5c3RlbS93YWxscGFwZXJfaW5mby54bWw=
V/LocalTransport(  274):   data size 113
V/LocalTransport(  274): finishBackup()
I/PerformBackupTask(  274): Backup pass finished.
D/ExchangeService(  626): Received deviceId from Email app: null
D/ExchangeService(  626): !!! deviceId unknown; stopping self and retrying
W/Trace   (  626): Unexpected value from nativeGetEnabledTags: 0
W/Trace   (  626): Unexpected value from nativeGetEnabledTags: 0
W/Trace   (  626): Unexpected value from nativeGetEnabledTags: 0
D/ExchangeService(  626): !!! EAS ExchangeService, onStartCommand, startingUp = false, running = false
W/ActivityManager(  274): Unable to start service Intent { act=com.android.email.ACCOUNT_INTENT } U=0: not found
D/ExchangeService(  626): !!! Email application not found; stopping self
W/Trace   (  626): Unexpected value from nativeGetEnabledTags: 0
W/Trace   (  626): Unexpected value from nativeGetEnabledTags: 0
W/ActivityManager(  274): Unable to start service Intent { act=com.android.email.ACCOUNT_INTENT } U=0: not found
W/Trace   (  626): Unexpected value from nativeGetEnabledTags: 0
E/ActivityThread(  626): Service com.android.exchange.ExchangeService has leaked ServiceConnection com.android.emailcommon.service.ServiceProxy$ProxyConnection@40ce7cf8 that was originally bound here
E/ActivityThread(  626): android.app.ServiceConnectionLeaked: Service com.android.exchange.ExchangeService has leaked ServiceConnection com.android.emailcommon.service.ServiceProxy$ProxyConnection@40ce7cf8 that was originally bound here
E/ActivityThread(  626): 	at android.app.LoadedApk$ServiceDispatcher.<init>(LoadedApk.java:969)
E/ActivityThread(  626): 	at android.app.LoadedApk.getServiceDispatcher(LoadedApk.java:863)
E/ActivityThread(  626): 	at android.app.ContextImpl.bindService(ContextImpl.java:1418)
E/ActivityThread(  626): 	at android.app.ContextImpl.bindService(ContextImpl.java:1407)
E/ActivityThread(  626): 	at android.content.ContextWrapper.bindService(ContextWrapper.java:473)
E/ActivityThread(  626): 	at com.android.emailcommon.service.ServiceProxy.setTask(ServiceProxy.java:157)
E/ActivityThread(  626): 	at com.android.emailcommon.service.ServiceProxy.setTask(ServiceProxy.java:145)
E/ActivityThread(  626): 	at com.android.emailcommon.service.AccountServiceProxy.getDeviceId(AccountServiceProxy.java:116)
E/ActivityThread(  626): 	at com.android.exchange.ExchangeService.getDeviceId(ExchangeService.java:1249)
E/ActivityThread(  626): 	at com.android.exchange.ExchangeService$7.run(ExchangeService.java:1856)
E/ActivityThread(  626): 	at com.android.emailcommon.utility.Utility$2.doInBackground(Utility.java:551)
E/ActivityThread(  626): 	at com.android.emailcommon.utility.Utility$2.doInBackground(Utility.java:549)
E/ActivityThread(  626): 	at android.os.AsyncTask$2.call(AsyncTask.java:287)
E/ActivityThread(  626): 	at java.util.concurrent.FutureTask.run(FutureTask.java:234)
E/ActivityThread(  626): 	at java.util.concurrent.ThreadPoolExecutor.runWorker(ThreadPoolExecutor.java:1080)
E/ActivityThread(  626): 	at java.util.concurrent.ThreadPoolExecutor$Worker.run(ThreadPoolExecutor.java:573)
E/ActivityThread(  626): 	at java.lang.Thread.run(Thread.java:856)
E/StrictMode(  626): null
E/StrictMode(  626): android.app.ServiceConnectionLeaked: Service com.android.exchange.ExchangeService has leaked ServiceConnection com.android.emailcommon.service.ServiceProxy$ProxyConnection@40ce7cf8 that was originally bound here
E/StrictMode(  626): 	at android.app.LoadedApk$ServiceDispatcher.<init>(LoadedApk.java:969)
E/StrictMode(  626): 	at android.app.LoadedApk.getServiceDispatcher(LoadedApk.java:863)
E/StrictMode(  626): 	at android.app.ContextImpl.bindService(ContextImpl.java:1418)
E/StrictMode(  626): 	at android.app.ContextImpl.bindService(ContextImpl.java:1407)
E/StrictMode(  626): 	at android.content.ContextWrapper.bindService(ContextWrapper.java:473)
E/StrictMode(  626): 	at com.android.emailcommon.service.ServiceProxy.setTask(ServiceProxy.java:157)
E/StrictMode(  626): 	at com.android.emailcommon.service.ServiceProxy.setTask(ServiceProxy.java:145)
E/StrictMode(  626): 	at com.android.emailcommon.service.AccountServiceProxy.getDeviceId(AccountServiceProxy.java:116)
E/StrictMode(  626): 	at com.android.exchange.ExchangeService.getDeviceId(ExchangeService.java:1249)
E/StrictMode(  626): 	at com.android.exchange.ExchangeService$7.run(ExchangeService.java:1856)
E/StrictMode(  626): 	at com.android.emailcommon.utility.Utility$2.doInBackground(Utility.java:551)
E/StrictMode(  626): 	at com.android.emailcommon.utility.Utility$2.doInBackground(Utility.java:549)
E/StrictMode(  626): 	at android.os.AsyncTask$2.call(AsyncTask.java:287)
E/StrictMode(  626): 	at java.util.concurrent.FutureTask.run(FutureTask.java:234)
E/StrictMode(  626): 	at java.util.concurrent.ThreadPoolExecutor.runWorker(ThreadPoolExecutor.java:1080)
E/StrictMode(  626): 	at java.util.concurrent.ThreadPoolExecutor$Worker.run(ThreadPoolExecutor.java:573)
E/StrictMode(  626): 	at java.lang.Thread.run(Thread.java:856)
W/ActivityManager(  274): Unbind failed: could not find connection for android.os.BinderProxy@412447a8
E/ActivityThread(  626): Service com.android.exchange.ExchangeService has leaked ServiceConnection com.android.emailcommon.service.ServiceProxy$ProxyConnection@40d88360 that was originally bound here
E/ActivityThread(  626): android.app.ServiceConnectionLeaked: Service com.android.exchange.ExchangeService has leaked ServiceConnection com.android.emailcommon.service.ServiceProxy$ProxyConnection@40d88360 that was originally bound here
E/ActivityThread(  626): 	at android.app.LoadedApk$ServiceDispatcher.<init>(LoadedApk.java:969)
E/ActivityThread(  626): 	at android.app.LoadedApk.getServiceDispatcher(LoadedApk.java:863)
E/ActivityThread(  626): 	at android.app.ContextImpl.bindService(ContextImpl.java:1418)
E/ActivityThread(  626): 	at android.app.ContextImpl.bindService(ContextImpl.java:1407)
E/ActivityThread(  626): 	at android.content.ContextWrapper.bindService(ContextWrapper.java:473)
E/ActivityThread(  626): 	at com.android.emailcommon.service.ServiceProxy.setTask(ServiceProxy.java:157)
E/ActivityThread(  626): 	at com.android.emailcommon.service.ServiceProxy.setTask(ServiceProxy.java:145)
E/ActivityThread(  626): 	at com.android.emailcommon.service.ServiceProxy.test(ServiceProxy.java:191)
E/ActivityThread(  626): 	at com.android.exchange.ExchangeService$7.run(ExchangeService.java:1850)
E/ActivityThread(  626): 	at com.android.emailcommon.utility.Utility$2.doInBackground(Utility.java:551)
E/ActivityThread(  626): 	at com.android.emailcommon.utility.Utility$2.doInBackground(Utility.java:549)
E/ActivityThread(  626): 	at android.os.AsyncTask$2.call(AsyncTask.java:287)
E/ActivityThread(  626): 	at java.util.concurrent.FutureTask.run(FutureTask.java:234)
E/ActivityThread(  626): 	at java.util.concurrent.ThreadPoolExecutor.runWorker(ThreadPoolExecutor.java:1080)
E/ActivityThread(  626): 	at java.util.concurrent.ThreadPoolExecutor$Worker.run(ThreadPoolExecutor.java:573)
E/ActivityThread(  626): 	at java.lang.Thread.run(Thread.java:856)
E/StrictMode(  626): null
E/StrictMode(  626): android.app.ServiceConnectionLeaked: Service com.android.exchange.ExchangeService has leaked ServiceConnection com.android.emailcommon.service.ServiceProxy$ProxyConnection@40d88360 that was originally bound here
E/StrictMode(  626): 	at android.app.LoadedApk$ServiceDispatcher.<init>(LoadedApk.java:969)
E/StrictMode(  626): 	at android.app.LoadedApk.getServiceDispatcher(LoadedApk.java:863)
E/StrictMode(  626): 	at android.app.ContextImpl.bindService(ContextImpl.java:1418)
E/StrictMode(  626): 	at android.app.ContextImpl.bindService(ContextImpl.java:1407)
E/StrictMode(  626): 	at android.content.ContextWrapper.bindService(ContextWrapper.java:473)
E/StrictMode(  626): 	at com.android.emailcommon.service.ServiceProxy.setTask(ServiceProxy.java:157)
E/StrictMode(  626): 	at com.android.emailcommon.service.ServiceProxy.setTask(ServiceProxy.java:145)
E/StrictMode(  626): 	at com.android.emailcommon.service.ServiceProxy.test(ServiceProxy.java:191)
E/StrictMode(  626): 	at com.android.exchange.ExchangeService$7.run(ExchangeService.java:1850)
E/StrictMode(  626): 	at com.android.emailcommon.utility.Utility$2.doInBackground(Utility.java:551)
E/StrictMode(  626): 	at com.android.emailcommon.utility.Utility$2.doInBackground(Utility.java:549)
E/StrictMode(  626): 	at android.os.AsyncTask$2.call(AsyncTask.java:287)
E/StrictMode(  626): 	at java.util.concurrent.FutureTask.run(FutureTask.java:234)
E/StrictMode(  626): 	at java.util.concurrent.ThreadPoolExecutor.runWorker(ThreadPoolExecutor.java:1080)
E/StrictMode(  626): 	at java.util.concurrent.ThreadPoolExecutor$Worker.run(ThreadPoolExecutor.java:573)
E/StrictMode(  626): 	at java.lang.Thread.run(Thread.java:856)
W/ActivityManager(  274): Unbind failed: could not find connection for android.os.BinderProxy@410a1540
D/dalvikvm(  626): GC_CONCURRENT freed 458K, 19% free 2675K/3268K, paused 77ms+83ms, total 224ms
W/Trace   (  274): Unexpected value from nativeGetEnabledTags: 0
W/Trace   (  274): Unexpected value from nativeGetEnabledTags: 0
W/Trace   (  274): Unexpected value from nativeGetEnabledTags: 0
W/Trace   (  383): Unexpected value from nativeGetEnabledTags: 0
W/Trace   (  383): Unexpected value from nativeGetEnabledTags: 0
W/Trace   (  383): Unexpected value from nativeGetEnabledTags: 0
W/Trace   (  383): Unexpected value from nativeGetEnabledTags: 0
W/Trace   (  383): Unexpected value from nativeGetEnabledTags: 0
W/Trace   (  383): Unexpected value from nativeGetEnabledTags: 0
W/Trace   (  383): Unexpected value from nativeGetEnabledTags: 0
W/Trace   (  383): Unexpected value from nativeGetEnabledTags: 0
W/Trace   (  274): Unexpected value from nativeGetEnabledTags: 0
W/Trace   (  383): Unexpected value from nativeGetEnabledTags: 0
W/Trace   (  383): Unexpected value from nativeGetEnabledTags: 0
W/Trace   (  383): Unexpected value from nativeGetEnabledTags: 0
W/Trace   (  538): Unexpected value from nativeGetEnabledTags: 0
W/Trace   (  383): Unexpected value from nativeGetEnabledTags: 0
W/Trace   (  669): Unexpected value from nativeGetEnabledTags: 0
W/Trace   (  538): Unexpected value from nativeGetEnabledTags: 0
W/Trace   (  669): Unexpected value from nativeGetEnabledTags: 0
W/Trace   (  669): Unexpected value from nativeGetEnabledTags: 0
W/Trace   (  669): Unexpected value from nativeGetEnabledTags: 0
D/ExchangeService(  626): Received deviceId from Email app: null
D/ExchangeService(  626): !!! deviceId unknown; stopping self and retrying
W/Trace   (  432): Unexpected value from nativeGetEnabledTags: 0
W/Trace   (  432): Unexpected value from nativeGetEnabledTags: 0
W/Trace   (  626): Unexpected value from nativeGetEnabledTags: 0
W/Trace   (  626): Unexpected value from nativeGetEnabledTags: 0
W/Trace   (  626): Unexpected value from nativeGetEnabledTags: 0
D/ExchangeService(  626): !!! EAS ExchangeService, onStartCommand, startingUp = false, running = false
W/ActivityManager(  274): Unable to start service Intent { act=com.android.email.ACCOUNT_INTENT } U=0: not found
D/ExchangeService(  626): !!! Email application not found; stopping self
W/ActivityManager(  274): Unable to start service Intent { act=com.android.email.ACCOUNT_INTENT } U=0: not found
W/Trace   (  626): Unexpected value from nativeGetEnabledTags: 0
W/Trace   (  626): Unexpected value from nativeGetEnabledTags: 0
W/Trace   (  626): Unexpected value from nativeGetEnabledTags: 0
E/ActivityThread(  626): Service com.android.exchange.ExchangeService has leaked ServiceConnection com.android.emailcommon.service.ServiceProxy$ProxyConnection@40d66b70 that was originally bound here
E/ActivityThread(  626): android.app.ServiceConnectionLeaked: Service com.android.exchange.ExchangeService has leaked ServiceConnection com.android.emailcommon.service.ServiceProxy$ProxyConnection@40d66b70 that was originally bound here
E/ActivityThread(  626): 	at android.app.LoadedApk$ServiceDispatcher.<init>(LoadedApk.java:969)
E/ActivityThread(  626): 	at android.app.LoadedApk.getServiceDispatcher(LoadedApk.java:863)
E/ActivityThread(  626): 	at android.app.ContextImpl.bindService(ContextImpl.java:1418)
E/ActivityThread(  626): 	at android.app.ContextImpl.bindService(ContextImpl.java:1407)
E/ActivityThread(  626): 	at android.content.ContextWrapper.bindService(ContextWrapper.java:473)
E/ActivityThread(  626): 	at com.android.emailcommon.service.ServiceProxy.setTask(ServiceProxy.java:157)
E/ActivityThread(  626): 	at com.android.emailcommon.service.ServiceProxy.setTask(ServiceProxy.java:145)
E/ActivityThread(  626): 	at com.android.emailcommon.service.ServiceProxy.test(ServiceProxy.java:191)
E/ActivityThread(  626): 	at com.android.exchange.ExchangeService$7.run(ExchangeService.java:1850)
E/ActivityThread(  626): 	at com.android.emailcommon.utility.Utility$2.doInBackground(Utility.java:551)
E/ActivityThread(  626): 	at com.android.emailcommon.utility.Utility$2.doInBackground(Utility.java:549)
E/ActivityThread(  626): 	at android.os.AsyncTask$2.call(AsyncTask.java:287)
E/ActivityThread(  626): 	at java.util.concurrent.FutureTask.run(FutureTask.java:234)
E/ActivityThread(  626): 	at java.util.concurrent.ThreadPoolExecutor.runWorker(ThreadPoolExecutor.java:1080)
E/ActivityThread(  626): 	at java.util.concurrent.ThreadPoolExecutor$Worker.run(ThreadPoolExecutor.java:573)
E/ActivityThread(  626): 	at java.lang.Thread.run(Thread.java:856)
E/StrictMode(  626): null
E/StrictMode(  626): android.app.ServiceConnectionLeaked: Service com.android.exchange.ExchangeService has leaked ServiceConnection com.android.emailcommon.service.ServiceProxy$ProxyConnection@40d66b70 that was originally bound here
E/StrictMode(  626): 	at android.app.LoadedApk$ServiceDispatcher.<init>(LoadedApk.java:969)
E/StrictMode(  626): 	at android.app.LoadedApk.getServiceDispatcher(LoadedApk.java:863)
E/StrictMode(  626): 	at android.app.ContextImpl.bindService(ContextImpl.java:1418)
E/StrictMode(  626): 	at android.app.ContextImpl.bindService(ContextImpl.java:1407)
E/StrictMode(  626): 	at android.content.ContextWrapper.bindService(ContextWrapper.java:473)
E/StrictMode(  626): 	at com.android.emailcommon.service.ServiceProxy.setTask(ServiceProxy.java:157)
E/StrictMode(  626): 	at com.android.emailcommon.service.ServiceProxy.setTask(ServiceProxy.java:145)
E/StrictMode(  626): 	at com.android.emailcommon.service.ServiceProxy.test(ServiceProxy.java:191)
E/StrictMode(  626): 	at com.android.exchange.ExchangeService$7.run(ExchangeService.java:1850)
E/StrictMode(  626): 	at com.android.emailcommon.utility.Utility$2.doInBackground(Utility.java:551)
E/StrictMode(  626): 	at com.android.emailcommon.utility.Utility$2.doInBackground(Utility.java:549)
E/StrictMode(  626): 	at android.os.AsyncTask$2.call(AsyncTask.java:287)
E/StrictMode(  626): 	at java.util.concurrent.FutureTask.run(FutureTask.java:234)
E/StrictMode(  626): 	at java.util.concurrent.ThreadPoolExecutor.runWorker(ThreadPoolExecutor.java:1080)
E/StrictMode(  626): 	at java.util.concurrent.ThreadPoolExecutor$Worker.run(ThreadPoolExecutor.java:573)
E/StrictMode(  626): 	at java.lang.Thread.run(Thread.java:856)
W/ActivityManager(  274): Unbind failed: could not find connection for android.os.BinderProxy@41213b40
E/ActivityThread(  626): Service com.android.exchange.ExchangeService has leaked ServiceConnection com.android.emailcommon.service.ServiceProxy$ProxyConnection@40d647d8 that was originally bound here
E/ActivityThread(  626): android.app.ServiceConnectionLeaked: Service com.android.exchange.ExchangeService has leaked ServiceConnection com.android.emailcommon.service.ServiceProxy$ProxyConnection@40d647d8 that was originally bound here
E/ActivityThread(  626): 	at android.app.LoadedApk$ServiceDispatcher.<init>(LoadedApk.java:969)
E/ActivityThread(  626): 	at android.app.LoadedApk.getServiceDispatcher(LoadedApk.java:863)
E/ActivityThread(  626): 	at android.app.ContextImpl.bindService(ContextImpl.java:1418)
E/ActivityThread(  626): 	at android.app.ContextImpl.bindService(ContextImpl.java:1407)
E/ActivityThread(  626): 	at android.content.ContextWrapper.bindService(ContextWrapper.java:473)
E/ActivityThread(  626): 	at com.android.emailcommon.service.ServiceProxy.setTask(ServiceProxy.java:157)
E/ActivityThread(  626): 	at com.android.emailcommon.service.ServiceProxy.setTask(ServiceProxy.java:145)
E/ActivityThread(  626): 	at com.android.emailcommon.service.AccountServiceProxy.getDeviceId(AccountServiceProxy.java:116)
E/ActivityThread(  626): 	at com.android.exchange.ExchangeService.getDeviceId(ExchangeService.java:1249)
E/ActivityThread(  626): 	at com.android.exchange.ExchangeService$7.run(ExchangeService.java:1856)
E/ActivityThread(  626): 	at com.android.emailcommon.utility.Utility$2.doInBackground(Utility.java:551)
E/ActivityThread(  626): 	at com.android.emailcommon.utility.Utility$2.doInBackground(Utility.java:549)
E/ActivityThread(  626): 	at android.os.AsyncTask$2.call(AsyncTask.java:287)
E/ActivityThread(  626): 	at java.util.concurrent.FutureTask.run(FutureTask.java:234)
E/ActivityThread(  626): 	at java.util.concurrent.ThreadPoolExecutor.runWorker(ThreadPoolExecutor.java:1080)
E/ActivityThread(  626): 	at java.util.concurrent.ThreadPoolExecutor$Worker.run(ThreadPoolExecutor.java:573)
E/ActivityThread(  626): 	at java.lang.Thread.run(Thread.java:856)
E/StrictMode(  626): null
E/StrictMode(  626): android.app.ServiceConnectionLeaked: Service com.android.exchange.ExchangeService has leaked ServiceConnection com.android.emailcommon.service.ServiceProxy$ProxyConnection@40d647d8 that was originally bound here
E/StrictMode(  626): 	at android.app.LoadedApk$ServiceDispatcher.<init>(LoadedApk.java:969)
E/StrictMode(  626): 	at android.app.LoadedApk.getServiceDispatcher(LoadedApk.java:863)
E/StrictMode(  626): 	at android.app.ContextImpl.bindService(ContextImpl.java:1418)
E/StrictMode(  626): 	at android.app.ContextImpl.bindService(ContextImpl.java:1407)
E/StrictMode(  626): 	at android.content.ContextWrapper.bindService(ContextWrapper.java:473)
E/StrictMode(  626): 	at com.android.emailcommon.service.ServiceProxy.setTask(ServiceProxy.java:157)
E/StrictMode(  626): 	at com.android.emailcommon.service.ServiceProxy.setTask(ServiceProxy.java:145)
E/StrictMode(  626): 	at com.android.emailcommon.service.AccountServiceProxy.getDeviceId(AccountServiceProxy.java:116)
E/StrictMode(  626): 	at com.android.exchange.ExchangeService.getDeviceId(ExchangeService.java:1249)
E/StrictMode(  626): 	at com.android.exchange.ExchangeService$7.run(ExchangeService.java:1856)
E/StrictMode(  626): 	at com.android.emailcommon.utility.Utility$2.doInBackground(Utility.java:551)
E/StrictMode(  626): 	at com.android.emailcommon.utility.Utility$2.doInBackground(Utility.java:549)
E/StrictMode(  626): 	at android.os.AsyncTask$2.call(AsyncTask.java:287)
E/StrictMode(  626): 	at java.util.concurrent.FutureTask.run(FutureTask.java:234)
E/StrictMode(  626): 	at java.util.concurrent.ThreadPoolExecutor.runWorker(ThreadPoolExecutor.java:1080)
E/StrictMode(  626): 	at java.util.concurrent.ThreadPoolExecutor$Worker.run(ThreadPoolExecutor.java:573)
E/StrictMode(  626): 	at java.lang.Thread.run(Thread.java:856)
W/ActivityManager(  274): Unbind failed: could not find connection for android.os.BinderProxy@41074d30
W/Trace   (  274): Unexpected value from nativeGetEnabledTags: 0
W/Trace   (  274): Unexpected value from nativeGetEnabledTags: 0
W/Trace   (  274): Unexpected value from nativeGetEnabledTags: 0
W/Trace   (  383): Unexpected value from nativeGetEnabledTags: 0
W/Trace   (  383): Unexpected value from nativeGetEnabledTags: 0
W/Trace   (  383): Unexpected value from nativeGetEnabledTags: 0
W/Trace   (  383): Unexpected value from nativeGetEnabledTags: 0
W/Trace   (  383): Unexpected value from nativeGetEnabledTags: 0
W/Trace   (  383): Unexpected value from nativeGetEnabledTags: 0
W/Trace   (  383): Unexpected value from nativeGetEnabledTags: 0
W/Trace   (  383): Unexpected value from nativeGetEnabledTags: 0
W/Trace   (  274): Unexpected value from nativeGetEnabledTags: 0
W/Trace   (  383): Unexpected value from nativeGetEnabledTags: 0
W/Trace   (  383): Unexpected value from nativeGetEnabledTags: 0
W/Trace   (  383): Unexpected value from nativeGetEnabledTags: 0
W/Trace   (  538): Unexpected value from nativeGetEnabledTags: 0
W/Trace   (  383): Unexpected value from nativeGetEnabledTags: 0
W/Trace   (  669): Unexpected value from nativeGetEnabledTags: 0
W/Trace   (  538): Unexpected value from nativeGetEnabledTags: 0
W/Trace   (  669): Unexpected value from nativeGetEnabledTags: 0
W/Trace   (  669): Unexpected value from nativeGetEnabledTags: 0
W/Trace   (  669): Unexpected value from nativeGetEnabledTags: 0
D/ExchangeService(  626): Received deviceId from Email app: null
D/ExchangeService(  626): !!! deviceId unknown; stopping self and retrying
D/dalvikvm(  274): GC_CONCURRENT freed 928K, 50% free 6324K/12616K, paused 72ms+8ms, total 159ms
D/AndroidRuntime( 9385): 
D/AndroidRuntime( 9385): >>>>>> AndroidRuntime START com.android.internal.os.RuntimeInit <<<<<<
D/AndroidRuntime( 9385): CheckJNI is ON
D/dalvikvm( 9385): Trying to load lib libjavacore.so 0x0
D/dalvikvm( 9385): Added shared lib libjavacore.so 0x0
D/dalvikvm( 9385): Trying to load lib libnativehelper.so 0x0
D/dalvikvm( 9385): Added shared lib libnativehelper.so 0x0
D/AndroidRuntime( 9385): Calling main entry com.android.commands.pm.Pm
W/Trace   ( 8070): Unexpected value from nativeGetEnabledTags: 0
W/Trace   ( 8070): Unexpected value from nativeGetEnabledTags: 0
W/Trace   ( 8070): Unexpected value from nativeGetEnabledTags: 0
W/Trace   ( 8070): Unexpected value from nativeGetEnabledTags: 0
W/ActivityManager(  274): No content provider found for permission revoke: file:///data/local/tmp/Sundial-debug.apk
D/dalvikvm( 8070): GC_CONCURRENT freed 398K, 18% free 2479K/3004K, paused 75ms+79ms, total 217ms
W/Trace   (  626): Unexpected value from nativeGetEnabledTags: 0
W/Trace   (  626): Unexpected value from nativeGetEnabledTags: 0
W/Trace   (  626): Unexpected value from nativeGetEnabledTags: 0
D/ExchangeService(  626): !!! EAS ExchangeService, onStartCommand, startingUp = false, running = false
W/ActivityManager(  274): Unable to start service Intent { act=com.android.email.ACCOUNT_INTENT } U=0: not found
D/ExchangeService(  626): !!! Email application not found; stopping self
W/ActivityManager(  274): Unable to start service Intent { act=com.android.email.ACCOUNT_INTENT } U=0: not found
W/Trace   (  626): Unexpected value from nativeGetEnabledTags: 0
W/Trace   (  626): Unexpected value from nativeGetEnabledTags: 0
W/ActivityManager(  274): No content provider found for permission revoke: file:///data/local/tmp/Sundial-debug.apk
I/PackageManager(  274): Copying native libraries to /data/app-lib/vmdl-1400425984
W/Trace   (  626): Unexpected value from nativeGetEnabledTags: 0
E/ActivityThread(  626): Service com.android.exchange.ExchangeService has leaked ServiceConnection com.android.emailcommon.service.ServiceProxy$ProxyConnection@40d58868 that was originally bound here
E/ActivityThread(  626): android.app.ServiceConnectionLeaked: Service com.android.exchange.ExchangeService has leaked ServiceConnection com.android.emailcommon.service.ServiceProxy$ProxyConnection@40d58868 that was originally bound here
E/ActivityThread(  626): 	at android.app.LoadedApk$ServiceDispatcher.<init>(LoadedApk.java:969)
E/ActivityThread(  626): 	at android.app.LoadedApk.getServiceDispatcher(LoadedApk.java:863)
E/ActivityThread(  626): 	at android.app.ContextImpl.bindService(ContextImpl.java:1418)
E/ActivityThread(  626): 	at android.app.ContextImpl.bindService(ContextImpl.java:1407)
E/ActivityThread(  626): 	at android.content.ContextWrapper.bindService(ContextWrapper.java:473)
E/ActivityThread(  626): 	at com.android.emailcommon.service.ServiceProxy.setTask(ServiceProxy.java:157)
E/ActivityThread(  626): 	at com.android.emailcommon.service.ServiceProxy.setTask(ServiceProxy.java:145)
E/ActivityThread(  626): 	at com.android.emailcommon.service.AccountServiceProxy.getDeviceId(AccountServiceProxy.java:116)
E/ActivityThread(  626): 	at com.android.exchange.ExchangeService.getDeviceId(ExchangeService.java:1249)
E/ActivityThread(  626): 	at com.android.exchange.ExchangeService$7.run(ExchangeService.java:1856)
E/ActivityThread(  626): 	at com.android.emailcommon.utility.Utility$2.doInBackground(Utility.java:551)
E/ActivityThread(  626): 	at com.android.emailcommon.utility.Utility$2.doInBackground(Utility.java:549)
E/ActivityThread(  626): 	at android.os.AsyncTask$2.call(AsyncTask.java:287)
E/ActivityThread(  626): 	at java.util.concurrent.FutureTask.run(FutureTask.java:234)
E/ActivityThread(  626): 	at java.util.concurrent.ThreadPoolExecutor.runWorker(ThreadPoolExecutor.java:1080)
E/ActivityThread(  626): 	at java.util.concurrent.ThreadPoolExecutor$Worker.run(ThreadPoolExecutor.java:573)
E/ActivityThread(  626): 	at java.lang.Thread.run(Thread.java:856)
E/StrictMode(  626): null
E/StrictMode(  626): android.app.ServiceConnectionLeaked: Service com.android.exchange.ExchangeService has leaked ServiceConnection com.android.emailcommon.service.ServiceProxy$ProxyConnection@40d58868 that was originally bound here
E/StrictMode(  626): 	at android.app.LoadedApk$ServiceDispatcher.<init>(LoadedApk.java:969)
E/StrictMode(  626): 	at android.app.LoadedApk.getServiceDispatcher(LoadedApk.java:863)
E/StrictMode(  626): 	at android.app.ContextImpl.bindService(ContextImpl.java:1418)
E/StrictMode(  626): 	at android.app.ContextImpl.bindService(ContextImpl.java:1407)
E/StrictMode(  626): 	at android.content.ContextWrapper.bindService(ContextWrapper.java:473)
E/StrictMode(  626): 	at com.android.emailcommon.service.ServiceProxy.setTask(ServiceProxy.java:157)
E/StrictMode(  626): 	at com.android.emailcommon.service.ServiceProxy.setTask(ServiceProxy.java:145)
E/StrictMode(  626): 	at com.android.emailcommon.service.AccountServiceProxy.getDeviceId(AccountServiceProxy.java:116)
E/StrictMode(  626): 	at com.android.exchange.ExchangeService.getDeviceId(ExchangeService.java:1249)
E/StrictMode(  626): 	at com.android.exchange.ExchangeService$7.run(ExchangeService.java:1856)
E/StrictMode(  626): 	at com.android.emailcommon.utility.Utility$2.doInBackground(Utility.java:551)
E/StrictMode(  626): 	at com.android.emailcommon.utility.Utility$2.doInBackground(Utility.java:549)
E/StrictMode(  626): 	at android.os.AsyncTask$2.call(AsyncTask.java:287)
E/StrictMode(  626): 	at java.util.concurrent.FutureTask.run(FutureTask.java:234)
E/StrictMode(  626): 	at java.util.concurrent.ThreadPoolExecutor.runWorker(ThreadPoolExecutor.java:1080)
E/StrictMode(  626): 	at java.util.concurrent.ThreadPoolExecutor$Worker.run(ThreadPoolExecutor.java:573)
E/StrictMode(  626): 	at java.lang.Thread.run(Thread.java:856)
W/ActivityManager(  274): Unbind failed: could not find connection for android.os.BinderProxy@415aa3e0
E/ActivityThread(  626): Service com.android.exchange.ExchangeService has leaked ServiceConnection com.android.emailcommon.service.ServiceProxy$ProxyConnection@40cf90c0 that was originally bound here
E/ActivityThread(  626): android.app.ServiceConnectionLeaked: Service com.android.exchange.ExchangeService has leaked ServiceConnection com.android.emailcommon.service.ServiceProxy$ProxyConnection@40cf90c0 that was originally bound here
E/ActivityThread(  626): 	at android.app.LoadedApk$ServiceDispatcher.<init>(LoadedApk.java:969)
E/ActivityThread(  626): 	at android.app.LoadedApk.getServiceDispatcher(LoadedApk.java:863)
E/ActivityThread(  626): 	at android.app.ContextImpl.bindService(ContextImpl.java:1418)
E/ActivityThread(  626): 	at android.app.ContextImpl.bindService(ContextImpl.java:1407)
E/ActivityThread(  626): 	at android.content.ContextWrapper.bindService(ContextWrapper.java:473)
E/ActivityThread(  626): 	at com.android.emailcommon.service.ServiceProxy.setTask(ServiceProxy.java:157)
E/ActivityThread(  626): 	at com.android.emailcommon.service.ServiceProxy.setTask(ServiceProxy.java:145)
E/ActivityThread(  626): 	at com.android.emailcommon.service.ServiceProxy.test(ServiceProxy.java:191)
E/ActivityThread(  626): 	at com.android.exchange.ExchangeService$7.run(ExchangeService.java:1850)
E/ActivityThread(  626): 	at com.android.emailcommon.utility.Utility$2.doInBackground(Utility.java:551)
E/ActivityThread(  626): 	at com.android.emailcommon.utility.Utility$2.doInBackground(Utility.java:549)
E/ActivityThread(  626): 	at android.os.AsyncTask$2.call(AsyncTask.java:287)
E/ActivityThread(  626): 	at java.util.concurrent.FutureTask.run(FutureTask.java:234)
E/ActivityThread(  626): 	at java.util.concurrent.ThreadPoolExecutor.runWorker(ThreadPoolExecutor.java:1080)
E/ActivityThread(  626): 	at java.util.concurrent.ThreadPoolExecutor$Worker.run(ThreadPoolExecutor.java:573)
E/ActivityThread(  626): 	at java.lang.Thread.run(Thread.java:856)
E/StrictMode(  626): null
E/StrictMode(  626): android.app.ServiceConnectionLeaked: Service com.android.exchange.ExchangeService has leaked ServiceConnection com.android.emailcommon.service.ServiceProxy$ProxyConnection@40cf90c0 that was originally bound here
E/StrictMode(  626): 	at android.app.LoadedApk$ServiceDispatcher.<init>(LoadedApk.java:969)
E/StrictMode(  626): 	at android.app.LoadedApk.getServiceDispatcher(LoadedApk.java:863)
E/StrictMode(  626): 	at android.app.ContextImpl.bindService(ContextImpl.java:1418)
E/StrictMode(  626): 	at android.app.ContextImpl.bindService(ContextImpl.java:1407)
E/StrictMode(  626): 	at android.content.ContextWrapper.bindService(ContextWrapper.java:473)
E/StrictMode(  626): 	at com.android.emailcommon.service.ServiceProxy.setTask(ServiceProxy.java:157)
E/StrictMode(  626): 	at com.android.emailcommon.service.ServiceProxy.setTask(ServiceProxy.java:145)
E/StrictMode(  626): 	at com.android.emailcommon.service.ServiceProxy.test(ServiceProxy.java:191)
E/StrictMode(  626): 	at com.android.exchange.ExchangeService$7.run(ExchangeService.java:1850)
E/StrictMode(  626): 	at com.android.emailcommon.utility.Utility$2.doInBackground(Utility.java:551)
E/StrictMode(  626): 	at com.android.emailcommon.utility.Utility$2.doInBackground(Utility.java:549)
E/StrictMode(  626): 	at android.os.AsyncTask$2.call(AsyncTask.java:287)
E/StrictMode(  626): 	at java.util.concurrent.FutureTask.run(FutureTask.java:234)
E/StrictMode(  626): 	at java.util.concurrent.ThreadPoolExecutor.runWorker(ThreadPoolExecutor.java:1080)
E/StrictMode(  626): 	at java.util.concurrent.ThreadPoolExecutor$Worker.run(ThreadPoolExecutor.java:573)
E/StrictMode(  626): 	at java.lang.Thread.run(Thread.java:856)
W/ActivityManager(  274): Unbind failed: could not find connection for android.os.BinderProxy@415cd1d8
I/PackageManager(  274): Removing non-system package:com.wallpaper.sundial
I/ActivityManager(  274): Force stopping package com.wallpaper.sundial appid=10048 user=-1
I/PackageManager(  274): Package com.wallpaper.sundial codePath changed from /data/app/com.wallpaper.sundial-2.apk to /data/app/com.wallpaper.sundial-1.apk; Retaining data and using new
I/PackageManager(  274): Linking native library dir for /data/app/com.wallpaper.sundial-1.apk
I/PackageManager(  274): Running dexopt on: com.wallpaper.sundial
D/dalvikvm( 9398): DexOpt: load 38ms, verify+opt 63ms, 234812 bytes
I/ActivityManager(  274): Force stopping package com.wallpaper.sundial appid=10048 user=-1
W/PackageManager(  274): Code path for pkg : com.wallpaper.sundial changing from /data/app/com.wallpaper.sundial-2.apk to /data/app/com.wallpaper.sundial-1.apk
W/PackageManager(  274): Resource path for pkg : com.wallpaper.sundial changing from /data/app/com.wallpaper.sundial-2.apk to /data/app/com.wallpaper.sundial-1.apk
D/PackageManager(  274): New package installed in /data/app/com.wallpaper.sundial-1.apk
I/ActivityManager(  274): Force stopping package com.wallpaper.sundial appid=10048 user=0
W/Trace   (  626): Unexpected value from nativeGetEnabledTags: 0
W/Trace   (  626): Unexpected value from nativeGetEnabledTags: 0
W/Trace   (  409): Unexpected value from nativeGetEnabledTags: 0
W/Trace   (  409): Unexpected value from nativeGetEnabledTags: 0
W/Trace   ( 5755): Unexpected value from nativeGetEnabledTags: 0
W/Trace   ( 5755): Unexpected value from nativeGetEnabledTags: 0
W/Trace   (  383): Unexpected value from nativeGetEnabledTags: 0
W/Trace   (  383): Unexpected value from nativeGetEnabledTags: 0
W/Trace   ( 8070): Unexpected value from nativeGetEnabledTags: 0
W/Trace   ( 8070): Unexpected value from nativeGetEnabledTags: 0
W/Trace   ( 8976): Unexpected value from nativeGetEnabledTags: 0
W/Trace   ( 8976): Unexpected value from nativeGetEnabledTags: 0
W/Trace   (  432): Unexpected value from nativeGetEnabledTags: 0
W/Trace   (  432): Unexpected value from nativeGetEnabledTags: 0
W/Trace   ( 8165): Unexpected value from nativeGetEnabledTags: 0
W/Trace   ( 8165): Unexpected value from nativeGetEnabledTags: 0
W/Trace   ( 9020): Unexpected value from nativeGetEnabledTags: 0
W/Trace   ( 9020): Unexpected value from nativeGetEnabledTags: 0
W/Trace   ( 9006): Unexpected value from nativeGetEnabledTags: 0
W/Trace   ( 9006): Unexpected value from nativeGetEnabledTags: 0
W/Trace   ( 8993): Unexpected value from nativeGetEnabledTags: 0
W/Trace   ( 8993): Unexpected value from nativeGetEnabledTags: 0
W/Trace   (  538): Unexpected value from nativeGetEnabledTags: 0
W/Trace   (  538): Unexpected value from nativeGetEnabledTags: 0
W/Trace   (  669): Unexpected value from nativeGetEnabledTags: 0
W/Trace   (  669): Unexpected value from nativeGetEnabledTags: 0
W/Trace   (  821): Unexpected value from nativeGetEnabledTags: 0
W/Trace   (  821): Unexpected value from nativeGetEnabledTags: 0
W/Trace   (  409): Unexpected value from nativeGetEnabledTags: 0
W/Trace   (  409): Unexpected value from nativeGetEnabledTags: 0
W/Trace   (  274): Unexpected value from nativeGetEnabledTags: 0
W/Trace   (  274): Unexpected value from nativeGetEnabledTags: 0
W/Trace   (  274): Unexpected value from nativeGetEnabledTags: 0
D/PackageManager(  274): generateServicesMap() for 0
W/Trace   (  274): Unexpected value from nativeGetEnabledTags: 0
W/Trace   (  274): Unexpected value from nativeGetEnabledTags: 0
W/Trace   (  274): Unexpected value from nativeGetEnabledTags: 0
W/Trace   ( 8976): Unexpected value from nativeGetEnabledTags: 0
W/Trace   (  274): Unexpected value from nativeGetEnabledTags: 0
W/Trace   (  274): Unexpected value from nativeGetEnabledTags: 0
I/InputReader(  274): Reconfiguring input devices.  changes=0x00000010
W/Trace   (  274): Unexpected value from nativeGetEnabledTags: 0
D/PackageManager(  274): generateServicesMap() for 0
W/Trace   (  274): Unexpected value from nativeGetEnabledTags: 0
W/Trace   (  274): Unexpected value from nativeGetEnabledTags: 0
W/Trace   (  274): Unexpected value from nativeGetEnabledTags: 0
W/Trace   (  274): Unexpected value from nativeGetEnabledTags: 0
W/Trace   (  274): Unexpected value from nativeGetEnabledTags: 0
D/DevicePolicyManagerService(  274): Handling package changes for user 0
W/Trace   (  274): Unexpected value from nativeGetEnabledTags: 0
W/Trace   (  274): Unexpected value from nativeGetEnabledTags: 0
W/Trace   (  274): Unexpected value from nativeGetEnabledTags: 0
W/Trace   (  274): Unexpected value from nativeGetEnabledTags: 0
W/Trace   (  274): Unexpected value from nativeGetEnabledTags: 0
W/Trace   (  274): Unexpected value from nativeGetEnabledTags: 0
W/Trace   (  274): Unexpected value from nativeGetEnabledTags: 0
W/Trace   (  274): Unexpected value from nativeGetEnabledTags: 0
W/Trace   (  274): Unexpected value from nativeGetEnabledTags: 0
W/Trace   (  274): Unexpected value from nativeGetEnabledTags: 0
W/Trace   (  274): Unexpected value from nativeGetEnabledTags: 0
W/Trace   (  274): Unexpected value from nativeGetEnabledTags: 0
W/Trace   (  274): Unexpected value from nativeGetEnabledTags: 0
W/Trace   ( 8976): Unexpected value from nativeGetEnabledTags: 0
W/Trace   (  274): Unexpected value from nativeGetEnabledTags: 0
W/Trace   (  274): Unexpected value from nativeGetEnabledTags: 0
W/Trace   (  274): Unexpected value from nativeGetEnabledTags: 0
W/Trace   (  274): Unexpected value from nativeGetEnabledTags: 0
W/Trace   (  274): Unexpected value from nativeGetEnabledTags: 0
W/Trace   (  274): Unexpected value from nativeGetEnabledTags: 0
W/Trace   (  274): Unexpected value from nativeGetEnabledTags: 0
W/Trace   (  274): Unexpected value from nativeGetEnabledTags: 0
W/Trace   (  274): Unexpected value from nativeGetEnabledTags: 0
W/Trace   (  274): Unexpected value from nativeGetEnabledTags: 0
W/Trace   (  274): Unexpected value from nativeGetEnabledTags: 0
W/Trace   (  274): Unexpected value from nativeGetEnabledTags: 0
W/Trace   (  274): Unexpected value from nativeGetEnabledTags: 0
W/Trace   (  274): Unexpected value from nativeGetEnabledTags: 0
W/Trace   (  274): Unexpected value from nativeGetEnabledTags: 0
W/Trace   (  538): Unexpected value from nativeGetEnabledTags: 0
W/Trace   (  538): Unexpected value from nativeGetEnabledTags: 0
W/Trace   ( 8976): Unexpected value from nativeGetEnabledTags: 0
W/Trace   ( 8993): Unexpected value from nativeGetEnabledTags: 0
W/ApplicationContext( 8993): Calling a method in the system process without a qualified user: android.app.ContextImpl.startService:1352 android.content.ContextWrapper.startService:450 android.content.ContextWrapper.startService:450 
W/Trace   ( 8976): Unexpected value from nativeGetEnabledTags: 0
W/Trace   ( 8993): Unexpected value from nativeGetEnabledTags: 0
W/Trace   ( 8993): Unexpected value from nativeGetEnabledTags: 0
W/Trace   ( 8993): Unexpected value from nativeGetEnabledTags: 0
W/Trace   ( 8993): Unexpected value from nativeGetEnabledTags: 0
W/Trace   ( 8993): Unexpected value from nativeGetEnabledTags: 0
W/Trace   (  409): Unexpected value from nativeGetEnabledTags: 0
W/Trace   (  409): Unexpected value from nativeGetEnabledTags: 0
W/Trace   (  274): Unexpected value from nativeGetEnabledTags: 0
D/PackageManager(  274): generateServicesMap() for 0
W/Trace   (  274): Unexpected value from nativeGetEnabledTags: 0
W/Trace   (  274): Unexpected value from nativeGetEnabledTags: 0
D/PackageManager(  274): generateServicesMap() for 0
W/Trace   (  274): Unexpected value from nativeGetEnabledTags: 0
W/Trace   (  274): Unexpected value from nativeGetEnabledTags: 0
W/Trace   (  274): Unexpected value from nativeGetEnabledTags: 0
W/Trace   ( 9006): Unexpected value from nativeGetEnabledTags: 0
W/Trace   ( 9006): Unexpected value from nativeGetEnabledTags: 0
I/InputReader(  274): Reconfiguring input devices.  changes=0x00000010
W/Trace   (  274): Unexpected value from nativeGetEnabledTags: 0
W/Trace   ( 8976): Unexpected value from nativeGetEnabledTags: 0
W/Trace   (  274): Unexpected value from nativeGetEnabledTags: 0
W/Trace   ( 8993): Unexpected value from nativeGetEnabledTags: 0
W/Trace   (  274): Unexpected value from nativeGetEnabledTags: 0
W/Trace   ( 8976): Unexpected value from nativeGetEnabledTags: 0
W/Trace   (  538): Unexpected value from nativeGetEnabledTags: 0
W/Trace   (  538): Unexpected value from nativeGetEnabledTags: 0
W/Trace   ( 8976): Unexpected value from nativeGetEnabledTags: 0
W/Trace   ( 8976): Unexpected value from nativeGetEnabledTags: 0
W/Trace   ( 8993): Unexpected value from nativeGetEnabledTags: 0
D/dalvikvm(  274): GC_CONCURRENT freed 826K, 49% free 6486K/12616K, paused 59ms+11ms, total 157ms
D/dalvikvm(  274): WAIT_FOR_CONCURRENT_GC blocked 79ms
D/dalvikvm(  274): WAIT_FOR_CONCURRENT_GC blocked 84ms
W/Trace   (  274): Unexpected value from nativeGetEnabledTags: 0
W/Trace   (  274): Unexpected value from nativeGetEnabledTags: 0
W/Trace   (  274): Unexpected value from nativeGetEnabledTags: 0
D/dalvikvm(  274): WAIT_FOR_CONCURRENT_GC blocked 120ms
W/Trace   (  274): Unexpected value from nativeGetEnabledTags: 0
W/Trace   (  274): Unexpected value from nativeGetEnabledTags: 0
W/Trace   (  274): Unexpected value from nativeGetEnabledTags: 0
W/Trace   ( 8976): Unexpected value from nativeGetEnabledTags: 0
W/Trace   ( 8976): Unexpected value from nativeGetEnabledTags: 0
D/dalvikvm( 8976): GC_CONCURRENT freed 425K, 17% free 2726K/3268K, paused 3ms+3ms, total 276ms
W/InputMethodManagerService(  274): Found no subtypes in a system IME: com.android.inputmethod.pinyin
W/Trace   (  274): Unexpected value from nativeGetEnabledTags: 0
W/Trace   ( 8165): Unexpected value from nativeGetEnabledTags: 0
W/Trace   ( 8165): Unexpected value from nativeGetEnabledTags: 0
W/Trace   (  274): Unexpected value from nativeGetEnabledTags: 0
W/Trace   ( 8165): Unexpected value from nativeGetEnabledTags: 0
W/Trace   ( 8165): Unexpected value from nativeGetEnabledTags: 0
W/Trace   ( 8165): Unexpected value from nativeGetEnabledTags: 0
W/Trace   ( 8165): Unexpected value from nativeGetEnabledTags: 0
W/Trace   ( 8165): Unexpected value from nativeGetEnabledTags: 0
W/Trace   ( 8165): Unexpected value from nativeGetEnabledTags: 0
W/Trace   (  274): Unexpected value from nativeGetEnabledTags: 0
W/Trace   (  274): Unexpected value from nativeGetEnabledTags: 0
W/Trace   (  274): Unexpected value from nativeGetEnabledTags: 0
W/Trace   (  274): Unexpected value from nativeGetEnabledTags: 0
D/dalvikvm(  274): GC_EXPLICIT freed 386K, 50% free 6333K/12616K, paused 92ms+54ms, total 1232ms
D/AndroidRuntime( 9385): Shutting down VM
D/dalvikvm( 9385): GC_CONCURRENT freed 96K, 18% free 460K/560K, paused 2ms+0ms, total 11ms
W/Trace   ( 9020): Unexpected value from nativeGetEnabledTags: 0
W/Trace   ( 9020): Unexpected value from nativeGetEnabledTags: 0
W/Trace   (  538): Unexpected value from nativeGetEnabledTags: 0
W/Trace   (  538): Unexpected value from nativeGetEnabledTags: 0
W/Trace   ( 9020): Unexpected value from nativeGetEnabledTags: 0
W/Trace   ( 9020): Unexpected value from nativeGetEnabledTags: 0
W/Trace   (  538): Unexpected value from nativeGetEnabledTags: 0
W/Trace   (  538): Unexpected value from nativeGetEnabledTags: 0
W/Trace   (  274): Unexpected value from nativeGetEnabledTags: 0
W/Trace   (  274): Unexpected value from nativeGetEnabledTags: 0
W/Trace   (  274): Unexpected value from nativeGetEnabledTags: 0
W/Trace   (  274): Unexpected value from nativeGetEnabledTags: 0
W/Trace   (  274): Unexpected value from nativeGetEnabledTags: 0
W/Trace   (  274): Unexpected value from nativeGetEnabledTags: 0
W/RecognitionManagerService(  274): no available voice recognition services found for user 0
W/Trace   (  274): Unexpected value from nativeGetEnabledTags: 0
W/Trace   (  274): Unexpected value from nativeGetEnabledTags: 0
W/Trace   (  274): Unexpected value from nativeGetEnabledTags: 0
W/Trace   ( 8165): Unexpected value from nativeGetEnabledTags: 0
W/Trace   ( 8165): Unexpected value from nativeGetEnabledTags: 0
W/Trace   ( 8165): Unexpected value from nativeGetEnabledTags: 0
W/Trace   ( 8165): Unexpected value from nativeGetEnabledTags: 0
W/Trace   ( 8165): Unexpected value from nativeGetEnabledTags: 0
W/Trace   ( 8165): Unexpected value from nativeGetEnabledTags: 0
W/Trace   ( 8165): Unexpected value from nativeGetEnabledTags: 0
W/Trace   ( 8165): Unexpected value from nativeGetEnabledTags: 0
I/ActivityManager(  274): START u0 {cmp=com.android.wallpaper.livepicker/.LiveWallpaperPreview (has extras)} from pid 8165
W/WindowManager(  274): Failure taking screenshot for (246x410) to layer 21025
W/Trace   ( 8165): Unexpected value from nativeGetEnabledTags: 0
W/Trace   ( 8165): Unexpected value from nativeGetEnabledTags: 0
W/Trace   ( 8165): Unexpected value from nativeGetEnabledTags: 0
W/Trace   ( 8165): Unexpected value from nativeGetEnabledTags: 0
W/Trace   ( 8165): Unexpected value from nativeGetEnabledTags: 0
W/Trace   (  274): Unexpected value from nativeGetEnabledTags: 0
W/Trace   (  274): Unexpected value from nativeGetEnabledTags: 0
W/Trace   (  274): Unexpected value from nativeGetEnabledTags: 0
W/Trace   (  274): Unexpected value from nativeGetEnabledTags: 0
W/Trace   ( 8165): Unexpected value from nativeGetEnabledTags: 0
W/Trace   ( 8165): Unexpected value from nativeGetEnabledTags: 0
W/Trace   ( 8165): Unexpected value from nativeGetEnabledTags: 0
W/Trace   ( 8165): Unexpected value from nativeGetEnabledTags: 0
W/Trace   (  274): Unexpected value from nativeGetEnabledTags: 0
W/Trace   (  274): Unexpected value from nativeGetEnabledTags: 0
W/Trace   ( 8165): Unexpected value from nativeGetEnabledTags: 0
W/Trace   ( 8165): Unexpected value from nativeGetEnabledTags: 0
W/Trace   (  274): Unexpected value from nativeGetEnabledTags: 0
W/Trace   (  274): Unexpected value from nativeGetEnabledTags: 0
W/Trace   (  274): Unexpected value from nativeGetEnabledTags: 0
