E/ActivityThread(  595): 	at java.util.concurrent.ThreadPoolExecutor$Worker.run(ThreadPoolExecutor.java:573)
E/ActivityThread(  595): 	at java.lang.Thread.run(Thread.java:856)
E/StrictMode(  595): null
E/StrictMode(  595): android.app.ServiceConnectionLeaked: Service com.android.exchange.ExchangeService has leaked ServiceConnection com.android.emailcommon.service.ServiceProxy$ProxyConnection@40cfd4c0 that was originally bound here
E/StrictMode(  595): 	at android.app.LoadedApk$ServiceDispatcher.<init>(LoadedApk.java:969)
E/StrictMode(  595): 	at android.app.LoadedApk.getServiceDispatcher(LoadedApk.java:863)
E/StrictMode(  595): 	at android.app.ContextImpl.bindService(ContextImpl.java:1418)
E/StrictMode(  595): 	at android.app.ContextImpl.bindService(ContextImpl.java:1407)
E/StrictMode(  595): 	at android.content.ContextWrapper.bindService(ContextWrapper.java:473)
E/StrictMode(  595): 	at com.android.emailcommon.service.ServiceProxy.setTask(ServiceProxy.java:157)
E/StrictMode(  595): 	at com.android.emailcommon.service.ServiceProxy.setTask(ServiceProxy.java:145)
E/StrictMode(  595): 	at com.android.emailcommon.service.AccountServiceProxy.getDeviceId(AccountServiceProxy.java:116)
E/StrictMode(  595): 	at com.android.exchange.ExchangeService.getDeviceId(ExchangeService.java:1249)
E/StrictMode(  595): 	at com.android.exchange.ExchangeService$7.run(ExchangeService.java:1856)
E/StrictMode(  595): 	at com.android.emailcommon.utility.Utility$2.doInBackground(Utility.java:551)
E/StrictMode(  595): 	at com.android.emailcommon.utility.Utility$2.doInBackground(Utility.java:549)
E/StrictMode(  595): 	at android.os.AsyncTask$2.call(AsyncTask.java:287)
E/StrictMode(  595): 	at java.util.concurrent.FutureTask.run(FutureTask.java:234)
E/StrictMode(  595): 	at java.util.concurrent.ThreadPoolExecutor.runWorker(ThreadPoolExecutor.java:1080)
E/StrictMode(  595): 	at java.util.concurrent.ThreadPoolExecutor$Worker.run(ThreadPoolExecutor.java:573)
E/StrictMode(  595): 	at java.lang.Thread.run(Thread.java:856)
W/ActivityManager(  274): Unbind failed: could not find connection for android.os.BinderProxy@40ebed20
E/ActivityThread(  595): Service com.android.exchange.ExchangeService has leaked ServiceConnection com.android.emailcommon.service.ServiceProxy$ProxyConnection@40d03518 that was originally bound here
E/ActivityThread(  595): android.app.ServiceConnectionLeaked: Service com.android.exchange.ExchangeService has leaked ServiceConnection com.android.emailcommon.service.ServiceProxy$ProxyConnection@40d03518 that was originally bound here
E/ActivityThread(  595): 	at android.app.LoadedApk$ServiceDispatcher.<init>(LoadedApk.java:969)
E/ActivityThread(  595): 	at android.app.LoadedApk.getServiceDispatcher(LoadedApk.java:863)
E/ActivityThread(  595): 	at android.app.ContextImpl.bindService(ContextImpl.java:1418)
E/ActivityThread(  595): 	at android.app.ContextImpl.bindService(ContextImpl.java:1407)
E/ActivityThread(  595): 	at android.content.ContextWrapper.bindService(ContextWrapper.java:473)
E/ActivityThread(  595): 	at com.android.emailcommon.service.ServiceProxy.setTask(ServiceProxy.java:157)
E/ActivityThread(  595): 	at com.android.emailcommon.service.ServiceProxy.setTask(ServiceProxy.java:145)
E/ActivityThread(  595): 	at com.android.emailcommon.service.ServiceProxy.test(ServiceProxy.java:191)
E/ActivityThread(  595): 	at com.android.exchange.ExchangeService$7.run(ExchangeService.java:1850)
E/ActivityThread(  595): 	at com.android.emailcommon.utility.Utility$2.doInBackground(Utility.java:551)
E/ActivityThread(  595): 	at com.android.emailcommon.utility.Utility$2.doInBackground(Utility.java:549)
E/ActivityThread(  595): 	at android.os.AsyncTask$2.call(AsyncTask.java:287)
E/ActivityThread(  595): 	at java.util.concurrent.FutureTask.run(FutureTask.java:234)
E/ActivityThread(  595): 	at java.util.concurrent.ThreadPoolExecutor.runWorker(ThreadPoolExecutor.java:1080)
E/ActivityThread(  595): 	at java.util.concurrent.ThreadPoolExecutor$Worker.run(ThreadPoolExecutor.java:573)
E/ActivityThread(  595): 	at java.lang.Thread.run(Thread.java:856)
D/dalvikvm(  595): GC_CONCURRENT freed 463K, 20% free 2475K/3072K, paused 5ms+5ms, total 53ms
E/StrictMode(  595): null
E/StrictMode(  595): android.app.ServiceConnectionLeaked: Service com.android.exchange.ExchangeService has leaked ServiceConnection com.android.emailcommon.service.ServiceProxy$ProxyConnection@40d03518 that was originally bound here
E/StrictMode(  595): 	at android.app.LoadedApk$ServiceDispatcher.<init>(LoadedApk.java:969)
E/StrictMode(  595): 	at android.app.LoadedApk.getServiceDispatcher(LoadedApk.java:863)
E/StrictMode(  595): 	at android.app.ContextImpl.bindService(ContextImpl.java:1418)
E/StrictMode(  595): 	at android.app.ContextImpl.bindService(ContextImpl.java:1407)
E/StrictMode(  595): 	at android.content.ContextWrapper.bindService(ContextWrapper.java:473)
E/StrictMode(  595): 	at com.android.emailcommon.service.ServiceProxy.setTask(ServiceProxy.java:157)
E/StrictMode(  595): 	at com.android.emailcommon.service.ServiceProxy.setTask(ServiceProxy.java:145)
E/StrictMode(  595): 	at com.android.emailcommon.service.ServiceProxy.test(ServiceProxy.java:191)
E/StrictMode(  595): 	at com.android.exchange.ExchangeService$7.run(ExchangeService.java:1850)
E/StrictMode(  595): 	at com.android.emailcommon.utility.Utility$2.doInBackground(Utility.java:551)
E/StrictMode(  595): 	at com.android.emailcommon.utility.Utility$2.doInBackground(Utility.java:549)
E/StrictMode(  595): 	at android.os.AsyncTask$2.call(AsyncTask.java:287)
E/StrictMode(  595): 	at java.util.concurrent.FutureTask.run(FutureTask.java:234)
E/StrictMode(  595): 	at java.util.concurrent.ThreadPoolExecutor.runWorker(ThreadPoolExecutor.java:1080)
E/StrictMode(  595): 	at java.util.concurrent.ThreadPoolExecutor$Worker.run(ThreadPoolExecutor.java:573)
E/StrictMode(  595): 	at java.lang.Thread.run(Thread.java:856)
W/ActivityManager(  274): Unbind failed: could not find connection for android.os.BinderProxy@413b5f50
W/Trace   (  274): Unexpected value from nativeGetEnabledTags: 0
W/Trace   (  274): Unexpected value from nativeGetEnabledTags: 0
W/Trace   (  274): Unexpected value from nativeGetEnabledTags: 0
W/Trace   (  343): Unexpected value from nativeGetEnabledTags: 0
W/Trace   (  343): Unexpected value from nativeGetEnabledTags: 0
W/Trace   (  274): Unexpected value from nativeGetEnabledTags: 0
W/Trace   (  343): Unexpected value from nativeGetEnabledTags: 0
W/Trace   (  343): Unexpected value from nativeGetEnabledTags: 0
W/Trace   (  343): Unexpected value from nativeGetEnabledTags: 0
W/Trace   (  343): Unexpected value from nativeGetEnabledTags: 0
W/Trace   (  343): Unexpected value from nativeGetEnabledTags: 0
W/Trace   (  343): Unexpected value from nativeGetEnabledTags: 0
W/Trace   (  343): Unexpected value from nativeGetEnabledTags: 0
W/Trace   (  343): Unexpected value from nativeGetEnabledTags: 0
W/Trace   (  343): Unexpected value from nativeGetEnabledTags: 0
W/Trace   (  396): Unexpected value from nativeGetEnabledTags: 0
W/Trace   (  343): Unexpected value from nativeGetEnabledTags: 0
W/Trace   (  343): Unexpected value from nativeGetEnabledTags: 0
W/Trace   (  343): Unexpected value from nativeGetEnabledTags: 0
W/Trace   (  396): Unexpected value from nativeGetEnabledTags: 0
W/Trace   (  388): Unexpected value from nativeGetEnabledTags: 0
W/Trace   (  388): Unexpected value from nativeGetEnabledTags: 0
D/ExchangeService(  595): Received deviceId from Email app: null
D/ExchangeService(  595): !!! deviceId unknown; stopping self and retrying
W/Trace   (  595): Unexpected value from nativeGetEnabledTags: 0
W/Trace   (  595): Unexpected value from nativeGetEnabledTags: 0
W/Trace   (  595): Unexpected value from nativeGetEnabledTags: 0
D/ExchangeService(  595): !!! EAS ExchangeService, onStartCommand, startingUp = false, running = false
W/ActivityManager(  274): Unable to start service Intent { act=com.android.email.ACCOUNT_INTENT } U=0: not found
D/ExchangeService(  595): !!! Email application not found; stopping self
W/ActivityManager(  274): Unable to start service Intent { act=com.android.email.ACCOUNT_INTENT } U=0: not found
W/Trace   (  595): Unexpected value from nativeGetEnabledTags: 0
W/Trace   (  595): Unexpected value from nativeGetEnabledTags: 0
W/Trace   (  595): Unexpected value from nativeGetEnabledTags: 0
E/ActivityThread(  595): Service com.android.exchange.ExchangeService has leaked ServiceConnection com.android.emailcommon.service.ServiceProxy$ProxyConnection@40d28638 that was originally bound here
E/ActivityThread(  595): android.app.ServiceConnectionLeaked: Service com.android.exchange.ExchangeService has leaked ServiceConnection com.android.emailcommon.service.ServiceProxy$ProxyConnection@40d28638 that was originally bound here
E/ActivityThread(  595): 	at android.app.LoadedApk$ServiceDispatcher.<init>(LoadedApk.java:969)
E/ActivityThread(  595): 	at android.app.LoadedApk.getServiceDispatcher(LoadedApk.java:863)
E/ActivityThread(  595): 	at android.app.ContextImpl.bindService(ContextImpl.java:1418)
E/ActivityThread(  595): 	at android.app.ContextImpl.bindService(ContextImpl.java:1407)
E/ActivityThread(  595): 	at android.content.ContextWrapper.bindService(ContextWrapper.java:473)
E/ActivityThread(  595): 	at com.android.emailcommon.service.ServiceProxy.setTask(ServiceProxy.java:157)
E/ActivityThread(  595): 	at com.android.emailcommon.service.ServiceProxy.setTask(ServiceProxy.java:145)
E/ActivityThread(  595): 	at com.android.emailcommon.service.AccountServiceProxy.getDeviceId(AccountServiceProxy.java:116)
E/ActivityThread(  595): 	at com.android.exchange.ExchangeService.getDeviceId(ExchangeService.java:1249)
E/ActivityThread(  595): 	at com.android.exchange.ExchangeService$7.run(ExchangeService.java:1856)
E/ActivityThread(  595): 	at com.android.emailcommon.utility.Utility$2.doInBackground(Utility.java:551)
E/ActivityThread(  595): 	at com.android.emailcommon.utility.Utility$2.doInBackground(Utility.java:549)
E/ActivityThread(  595): 	at android.os.AsyncTask$2.call(AsyncTask.java:287)
E/ActivityThread(  595): 	at java.util.concurrent.FutureTask.run(FutureTask.java:234)
E/ActivityThread(  595): 	at java.util.concurrent.ThreadPoolExecutor.runWorker(ThreadPoolExecutor.java:1080)
E/ActivityThread(  595): 	at java.util.concurrent.ThreadPoolExecutor$Worker.run(ThreadPoolExecutor.java:573)
E/ActivityThread(  595): 	at java.lang.Thread.run(Thread.java:856)
E/StrictMode(  595): null
E/StrictMode(  595): android.app.ServiceConnectionLeaked: Service com.android.exchange.ExchangeService has leaked ServiceConnection com.android.emailcommon.service.ServiceProxy$ProxyConnection@40d28638 that was originally bound here
E/StrictMode(  595): 	at android.app.LoadedApk$ServiceDispatcher.<init>(LoadedApk.java:969)
E/StrictMode(  595): 	at android.app.LoadedApk.getServiceDispatcher(LoadedApk.java:863)
E/StrictMode(  595): 	at android.app.ContextImpl.bindService(ContextImpl.java:1418)
E/StrictMode(  595): 	at android.app.ContextImpl.bindService(ContextImpl.java:1407)
E/StrictMode(  595): 	at android.content.ContextWrapper.bindService(ContextWrapper.java:473)
E/StrictMode(  595): 	at com.android.emailcommon.service.ServiceProxy.setTask(ServiceProxy.java:157)
E/StrictMode(  595): 	at com.android.emailcommon.service.ServiceProxy.setTask(ServiceProxy.java:145)
E/StrictMode(  595): 	at com.android.emailcommon.service.AccountServiceProxy.getDeviceId(AccountServiceProxy.java:116)
E/StrictMode(  595): 	at com.android.exchange.ExchangeService.getDeviceId(ExchangeService.java:1249)
E/StrictMode(  595): 	at com.android.exchange.ExchangeService$7.run(ExchangeService.java:1856)
E/StrictMode(  595): 	at com.android.emailcommon.utility.Utility$2.doInBackground(Utility.java:551)
E/StrictMode(  595): 	at com.android.emailcommon.utility.Utility$2.doInBackground(Utility.java:549)
E/StrictMode(  595): 	at android.os.AsyncTask$2.call(AsyncTask.java:287)
E/StrictMode(  595): 	at java.util.concurrent.FutureTask.run(FutureTask.java:234)
E/StrictMode(  595): 	at java.util.concurrent.ThreadPoolExecutor.runWorker(ThreadPoolExecutor.java:1080)
E/StrictMode(  595): 	at java.util.concurrent.ThreadPoolExecutor$Worker.run(ThreadPoolExecutor.java:573)
E/StrictMode(  595): 	at java.lang.Thread.run(Thread.java:856)
W/ActivityManager(  274): Unbind failed: could not find connection for android.os.BinderProxy@4109a978
E/ActivityThread(  595): Service com.android.exchange.ExchangeService has leaked ServiceConnection com.android.emailcommon.service.ServiceProxy$ProxyConnection@40d283c0 that was originally bound here
E/ActivityThread(  595): android.app.ServiceConnectionLeaked: Service com.android.exchange.ExchangeService has leaked ServiceConnection com.android.emailcommon.service.ServiceProxy$ProxyConnection@40d283c0 that was originally bound here
E/ActivityThread(  595): 	at android.app.LoadedApk$ServiceDispatcher.<init>(LoadedApk.java:969)
E/ActivityThread(  595): 	at android.app.LoadedApk.getServiceDispatcher(LoadedApk.java:863)
E/ActivityThread(  595): 	at android.app.ContextImpl.bindService(ContextImpl.java:1418)
E/ActivityThread(  595): 	at android.app.ContextImpl.bindService(ContextImpl.java:1407)
E/ActivityThread(  595): 	at android.content.ContextWrapper.bindService(ContextWrapper.java:473)
E/ActivityThread(  595): 	at com.android.emailcommon.service.ServiceProxy.setTask(ServiceProxy.java:157)
E/ActivityThread(  595): 	at com.android.emailcommon.service.ServiceProxy.setTask(ServiceProxy.java:145)
E/ActivityThread(  595): 	at com.android.emailcommon.service.ServiceProxy.test(ServiceProxy.java:191)
E/ActivityThread(  595): 	at com.android.exchange.ExchangeService$7.run(ExchangeService.java:1850)
E/ActivityThread(  595): 	at com.android.emailcommon.utility.Utility$2.doInBackground(Utility.java:551)
E/ActivityThread(  595): 	at com.android.emailcommon.utility.Utility$2.doInBackground(Utility.java:549)
E/ActivityThread(  595): 	at android.os.AsyncTask$2.call(AsyncTask.java:287)
E/ActivityThread(  595): 	at java.util.concurrent.FutureTask.run(FutureTask.java:234)
E/ActivityThread(  595): 	at java.util.concurrent.ThreadPoolExecutor.runWorker(ThreadPoolExecutor.java:1080)
E/ActivityThread(  595): 	at java.util.concurrent.ThreadPoolExecutor$Worker.run(ThreadPoolExecutor.java:573)
E/ActivityThread(  595): 	at java.lang.Thread.run(Thread.java:856)
E/StrictMode(  595): null
E/StrictMode(  595): android.app.ServiceConnectionLeaked: Service com.android.exchange.ExchangeService has leaked ServiceConnection com.android.emailcommon.service.ServiceProxy$ProxyConnection@40d283c0 that was originally bound here
E/StrictMode(  595): 	at android.app.LoadedApk$ServiceDispatcher.<init>(LoadedApk.java:969)
E/StrictMode(  595): 	at android.app.LoadedApk.getServiceDispatcher(LoadedApk.java:863)
E/StrictMode(  595): 	at android.app.ContextImpl.bindService(ContextImpl.java:1418)
E/StrictMode(  595): 	at android.app.ContextImpl.bindService(ContextImpl.java:1407)
E/StrictMode(  595): 	at android.content.ContextWrapper.bindService(ContextWrapper.java:473)
E/StrictMode(  595): 	at com.android.emailcommon.service.ServiceProxy.setTask(ServiceProxy.java:157)
E/StrictMode(  595): 	at com.android.emailcommon.service.ServiceProxy.setTask(ServiceProxy.java:145)
E/StrictMode(  595): 	at com.android.emailcommon.service.ServiceProxy.test(ServiceProxy.java:191)
E/StrictMode(  595): 	at com.android.exchange.ExchangeService$7.run(ExchangeService.java:1850)
E/StrictMode(  595): 	at com.android.emailcommon.utility.Utility$2.doInBackground(Utility.java:551)
E/StrictMode(  595): 	at com.android.emailcommon.utility.Utility$2.doInBackground(Utility.java:549)
E/StrictMode(  595): 	at android.os.AsyncTask$2.call(AsyncTask.java:287)
E/StrictMode(  595): 	at java.util.concurrent.FutureTask.run(FutureTask.java:234)
E/StrictMode(  595): 	at java.util.concurrent.ThreadPoolExecutor.runWorker(ThreadPoolExecutor.java:1080)
E/StrictMode(  595): 	at java.util.concurrent.ThreadPoolExecutor$Worker.run(ThreadPoolExecutor.java:573)
E/StrictMode(  595): 	at java.lang.Thread.run(Thread.java:856)
W/ActivityManager(  274): Unbind failed: could not find connection for android.os.BinderProxy@413d6e40
W/Trace   (  274): Unexpected value from nativeGetEnabledTags: 0
W/Trace   (  274): Unexpected value from nativeGetEnabledTags: 0
W/Trace   (  274): Unexpected value from nativeGetEnabledTags: 0
W/Trace   (  343): Unexpected value from nativeGetEnabledTags: 0
W/Trace   (  343): Unexpected value from nativeGetEnabledTags: 0
W/Trace   (  274): Unexpected value from nativeGetEnabledTags: 0
W/Trace   (  343): Unexpected value from nativeGetEnabledTags: 0
W/Trace   (  343): Unexpected value from nativeGetEnabledTags: 0
W/Trace   (  343): Unexpected value from nativeGetEnabledTags: 0
W/Trace   (  343): Unexpected value from nativeGetEnabledTags: 0
W/Trace   (  343): Unexpected value from nativeGetEnabledTags: 0
W/Trace   (  343): Unexpected value from nativeGetEnabledTags: 0
W/Trace   (  343): Unexpected value from nativeGetEnabledTags: 0
W/Trace   (  343): Unexpected value from nativeGetEnabledTags: 0
W/Trace   (  343): Unexpected value from nativeGetEnabledTags: 0
W/Trace   (  396): Unexpected value from nativeGetEnabledTags: 0
W/Trace   (  343): Unexpected value from nativeGetEnabledTags: 0
W/Trace   (  343): Unexpected value from nativeGetEnabledTags: 0
W/Trace   (  343): Unexpected value from nativeGetEnabledTags: 0
W/Trace   (  396): Unexpected value from nativeGetEnabledTags: 0
W/Trace   (  388): Unexpected value from nativeGetEnabledTags: 0
W/Trace   (  388): Unexpected value from nativeGetEnabledTags: 0
D/ExchangeService(  595): Received deviceId from Email app: null
D/ExchangeService(  595): !!! deviceId unknown; stopping self and retrying
W/Trace   (  595): Unexpected value from nativeGetEnabledTags: 0
W/Trace   (  595): Unexpected value from nativeGetEnabledTags: 0
W/Trace   (  595): Unexpected value from nativeGetEnabledTags: 0
D/ExchangeService(  595): !!! EAS ExchangeService, onStartCommand, startingUp = false, running = false
W/ActivityManager(  274): Unable to start service Intent { act=com.android.email.ACCOUNT_INTENT } U=0: not found
D/ExchangeService(  595): !!! Email application not found; stopping self
W/ActivityManager(  274): Unable to start service Intent { act=com.android.email.ACCOUNT_INTENT } U=0: not found
W/Trace   (  595): Unexpected value from nativeGetEnabledTags: 0
W/Trace   (  595): Unexpected value from nativeGetEnabledTags: 0
W/Trace   (  595): Unexpected value from nativeGetEnabledTags: 0
E/ActivityThread(  595): Service com.android.exchange.ExchangeService has leaked ServiceConnection com.android.emailcommon.service.ServiceProxy$ProxyConnection@40ceee70 that was originally bound here
E/ActivityThread(  595): android.app.ServiceConnectionLeaked: Service com.android.exchange.ExchangeService has leaked ServiceConnection com.android.emailcommon.service.ServiceProxy$ProxyConnection@40ceee70 that was originally bound here
E/ActivityThread(  595): 	at android.app.LoadedApk$ServiceDispatcher.<init>(LoadedApk.java:969)
E/ActivityThread(  595): 	at android.app.LoadedApk.getServiceDispatcher(LoadedApk.java:863)
E/ActivityThread(  595): 	at android.app.ContextImpl.bindService(ContextImpl.java:1418)
E/ActivityThread(  595): 	at android.app.ContextImpl.bindService(ContextImpl.java:1407)
E/ActivityThread(  595): 	at android.content.ContextWrapper.bindService(ContextWrapper.java:473)
E/ActivityThread(  595): 	at com.android.emailcommon.service.ServiceProxy.setTask(ServiceProxy.java:157)
E/ActivityThread(  595): 	at com.android.emailcommon.service.ServiceProxy.setTask(ServiceProxy.java:145)
E/ActivityThread(  595): 	at com.android.emailcommon.service.ServiceProxy.test(ServiceProxy.java:191)
E/ActivityThread(  595): 	at com.android.exchange.ExchangeService$7.run(ExchangeService.java:1850)
E/ActivityThread(  595): 	at com.android.emailcommon.utility.Utility$2.doInBackground(Utility.java:551)
E/ActivityThread(  595): 	at com.android.emailcommon.utility.Utility$2.doInBackground(Utility.java:549)
E/ActivityThread(  595): 	at android.os.AsyncTask$2.call(AsyncTask.java:287)
E/ActivityThread(  595): 	at java.util.concurrent.FutureTask.run(FutureTask.java:234)
E/ActivityThread(  595): 	at java.util.concurrent.ThreadPoolExecutor.runWorker(ThreadPoolExecutor.java:1080)
E/ActivityThread(  595): 	at java.util.concurrent.ThreadPoolExecutor$Worker.run(ThreadPoolExecutor.java:573)
E/ActivityThread(  595): 	at java.lang.Thread.run(Thread.java:856)
E/StrictMode(  595): null
E/StrictMode(  595): android.app.ServiceConnectionLeaked: Service com.android.exchange.ExchangeService has leaked ServiceConnection com.android.emailcommon.service.ServiceProxy$ProxyConnection@40ceee70 that was originally bound here
E/StrictMode(  595): 	at android.app.LoadedApk$ServiceDispatcher.<init>(LoadedApk.java:969)
E/StrictMode(  595): 	at android.app.LoadedApk.getServiceDispatcher(LoadedApk.java:863)
E/StrictMode(  595): 	at android.app.ContextImpl.bindService(ContextImpl.java:1418)
E/StrictMode(  595): 	at android.app.ContextImpl.bindService(ContextImpl.java:1407)
E/StrictMode(  595): 	at android.content.ContextWrapper.bindService(ContextWrapper.java:473)
E/StrictMode(  595): 	at com.android.emailcommon.service.ServiceProxy.setTask(ServiceProxy.java:157)
E/StrictMode(  595): 	at com.android.emailcommon.service.ServiceProxy.setTask(ServiceProxy.java:145)
E/StrictMode(  595): 	at com.android.emailcommon.service.ServiceProxy.test(ServiceProxy.java:191)
E/StrictMode(  595): 	at com.android.exchange.ExchangeService$7.run(ExchangeService.java:1850)
E/StrictMode(  595): 	at com.android.emailcommon.utility.Utility$2.doInBackground(Utility.java:551)
E/StrictMode(  595): 	at com.android.emailcommon.utility.Utility$2.doInBackground(Utility.java:549)
E/StrictMode(  595): 	at android.os.AsyncTask$2.call(AsyncTask.java:287)
E/StrictMode(  595): 	at java.util.concurrent.FutureTask.run(FutureTask.java:234)
E/StrictMode(  595): 	at java.util.concurrent.ThreadPoolExecutor.runWorker(ThreadPoolExecutor.java:1080)
E/StrictMode(  595): 	at java.util.concurrent.ThreadPoolExecutor$Worker.run(ThreadPoolExecutor.java:573)
E/StrictMode(  595): 	at java.lang.Thread.run(Thread.java:856)
W/ActivityManager(  274): Unbind failed: could not find connection for android.os.BinderProxy@40f5d908
E/ActivityThread(  595): Service com.android.exchange.ExchangeService has leaked ServiceConnection com.android.emailcommon.service.ServiceProxy$ProxyConnection@40d1a980 that was originally bound here
E/ActivityThread(  595): android.app.ServiceConnectionLeaked: Service com.android.exchange.ExchangeService has leaked ServiceConnection com.android.emailcommon.service.ServiceProxy$ProxyConnection@40d1a980 that was originally bound here
E/ActivityThread(  595): 	at android.app.LoadedApk$ServiceDispatcher.<init>(LoadedApk.java:969)
E/ActivityThread(  595): 	at android.app.LoadedApk.getServiceDispatcher(LoadedApk.java:863)
E/ActivityThread(  595): 	at android.app.ContextImpl.bindService(ContextImpl.java:1418)
E/ActivityThread(  595): 	at android.app.ContextImpl.bindService(ContextImpl.java:1407)
E/ActivityThread(  595): 	at android.content.ContextWrapper.bindService(ContextWrapper.java:473)
E/ActivityThread(  595): 	at com.android.emailcommon.service.ServiceProxy.setTask(ServiceProxy.java:157)
E/ActivityThread(  595): 	at com.android.emailcommon.service.ServiceProxy.setTask(ServiceProxy.java:145)
E/ActivityThread(  595): 	at com.android.emailcommon.service.AccountServiceProxy.getDeviceId(AccountServiceProxy.java:116)
E/ActivityThread(  595): 	at com.android.exchange.ExchangeService.getDeviceId(ExchangeService.java:1249)
E/ActivityThread(  595): 	at com.android.exchange.ExchangeService$7.run(ExchangeService.java:1856)
E/ActivityThread(  595): 	at com.android.emailcommon.utility.Utility$2.doInBackground(Utility.java:551)
E/ActivityThread(  595): 	at com.android.emailcommon.utility.Utility$2.doInBackground(Utility.java:549)
E/ActivityThread(  595): 	at android.os.AsyncTask$2.call(AsyncTask.java:287)
E/ActivityThread(  595): 	at java.util.concurrent.FutureTask.run(FutureTask.java:234)
E/ActivityThread(  595): 	at java.util.concurrent.ThreadPoolExecutor.runWorker(ThreadPoolExecutor.java:1080)
E/ActivityThread(  595): 	at java.util.concurrent.ThreadPoolExecutor$Worker.run(ThreadPoolExecutor.java:573)
E/ActivityThread(  595): 	at java.lang.Thread.run(Thread.java:856)
E/StrictMode(  595): null
E/StrictMode(  595): android.app.ServiceConnectionLeaked: Service com.android.exchange.ExchangeService has leaked ServiceConnection com.android.emailcommon.service.ServiceProxy$ProxyConnection@40d1a980 that was originally bound here
E/StrictMode(  595): 	at android.app.LoadedApk$ServiceDispatcher.<init>(LoadedApk.java:969)
E/StrictMode(  595): 	at android.app.LoadedApk.getServiceDispatcher(LoadedApk.java:863)
E/StrictMode(  595): 	at android.app.ContextImpl.bindService(ContextImpl.java:1418)
E/StrictMode(  595): 	at android.app.ContextImpl.bindService(ContextImpl.java:1407)
E/StrictMode(  595): 	at android.content.ContextWrapper.bindService(ContextWrapper.java:473)
E/StrictMode(  595): 	at com.android.emailcommon.service.ServiceProxy.setTask(ServiceProxy.java:157)
E/StrictMode(  595): 	at com.android.emailcommon.service.ServiceProxy.setTask(ServiceProxy.java:145)
E/StrictMode(  595): 	at com.android.emailcommon.service.AccountServiceProxy.getDeviceId(AccountServiceProxy.java:116)
E/StrictMode(  595): 	at com.android.exchange.ExchangeService.getDeviceId(ExchangeService.java:1249)
E/StrictMode(  595): 	at com.android.exchange.ExchangeService$7.run(ExchangeService.java:1856)
E/StrictMode(  595): 	at com.android.emailcommon.utility.Utility$2.doInBackground(Utility.java:551)
E/StrictMode(  595): 	at com.android.emailcommon.utility.Utility$2.doInBackground(Utility.java:549)
E/StrictMode(  595): 	at android.os.AsyncTask$2.call(AsyncTask.java:287)
E/StrictMode(  595): 	at java.util.concurrent.FutureTask.run(FutureTask.java:234)
E/StrictMode(  595): 	at java.util.concurrent.ThreadPoolExecutor.runWorker(ThreadPoolExecutor.java:1080)
E/StrictMode(  595): 	at java.util.concurrent.ThreadPoolExecutor$Worker.run(ThreadPoolExecutor.java:573)
E/StrictMode(  595): 	at java.lang.Thread.run(Thread.java:856)
W/ActivityManager(  274): Unbind failed: could not find connection for android.os.BinderProxy@41052b98
W/Trace   (  274): Unexpected value from nativeGetEnabledTags: 0
W/Trace   (  274): Unexpected value from nativeGetEnabledTags: 0
W/Trace   (  274): Unexpected value from nativeGetEnabledTags: 0
W/Trace   (  343): Unexpected value from nativeGetEnabledTags: 0
W/Trace   (  343): Unexpected value from nativeGetEnabledTags: 0
W/Trace   (  274): Unexpected value from nativeGetEnabledTags: 0
W/Trace   (  343): Unexpected value from nativeGetEnabledTags: 0
W/Trace   (  343): Unexpected value from nativeGetEnabledTags: 0
W/Trace   (  343): Unexpected value from nativeGetEnabledTags: 0
W/Trace   (  343): Unexpected value from nativeGetEnabledTags: 0
W/Trace   (  343): Unexpected value from nativeGetEnabledTags: 0
W/Trace   (  343): Unexpected value from nativeGetEnabledTags: 0
W/Trace   (  343): Unexpected value from nativeGetEnabledTags: 0
W/Trace   (  343): Unexpected value from nativeGetEnabledTags: 0
W/Trace   (  343): Unexpected value from nativeGetEnabledTags: 0
W/Trace   (  396): Unexpected value from nativeGetEnabledTags: 0
W/Trace   (  343): Unexpected value from nativeGetEnabledTags: 0
W/Trace   (  343): Unexpected value from nativeGetEnabledTags: 0
W/Trace   (  343): Unexpected value from nativeGetEnabledTags: 0
W/Trace   (  396): Unexpected value from nativeGetEnabledTags: 0
D/ExchangeService(  595): Received deviceId from Email app: null
D/ExchangeService(  595): !!! deviceId unknown; stopping self and retrying
W/Trace   ( 1010): Unexpected value from nativeGetEnabledTags: 0
W/Trace   ( 1010): Unexpected value from nativeGetEnabledTags: 0
W/Trace   ( 1010): Unexpected value from nativeGetEnabledTags: 0
W/Trace   ( 1010): Unexpected value from nativeGetEnabledTags: 0
W/Trace   ( 1010): Unexpected value from nativeGetEnabledTags: 0
W/Trace   ( 1010): Unexpected value from nativeGetEnabledTags: 0
W/Trace   ( 1010): Unexpected value from nativeGetEnabledTags: 0
W/Trace   ( 1010): Unexpected value from nativeGetEnabledTags: 0
W/Trace   (  343): Unexpected value from nativeGetEnabledTags: 0
W/Trace   (  343): Unexpected value from nativeGetEnabledTags: 0
W/Trace   (  343): Unexpected value from nativeGetEnabledTags: 0
W/Trace   (  343): Unexpected value from nativeGetEnabledTags: 0
W/Trace   (  343): Unexpected value from nativeGetEnabledTags: 0
W/Trace   (  343): Unexpected value from nativeGetEnabledTags: 0
W/Trace   (  343): Unexpected value from nativeGetEnabledTags: 0
W/Trace   (  343): Unexpected value from nativeGetEnabledTags: 0
W/Trace   (  343): Unexpected value from nativeGetEnabledTags: 0
W/Trace   (  343): Unexpected value from nativeGetEnabledTags: 0
W/Trace   (  343): Unexpected value from nativeGetEnabledTags: 0
W/Trace   (  343): Unexpected value from nativeGetEnabledTags: 0
D/SizeAdaptiveLayout(  343): com.android.internal.widget.SizeAdaptiveLayout{40f284e8 V.E..... ......I. 0,0-0,0 #7f080061 app:id/adaptive}child view android.widget.FrameLayout{40f2f120 G.E..... ......ID 0,0-0,0 #1020323 android:id/status_bar_latest_event_content} measured out of bounds at 95px clamped to 96px
W/Trace   (  343): Unexpected value from nativeGetEnabledTags: 0
W/Trace   (  274): Unexpected value from nativeGetEnabledTags: 0
W/Trace   (  274): Unexpected value from nativeGetEnabledTags: 0
W/Trace   (  274): Unexpected value from nativeGetEnabledTags: 0
W/Trace   (  274): Unexpected value from nativeGetEnabledTags: 0
W/Trace   (  343): Unexpected value from nativeGetEnabledTags: 0
D/SizeAdaptiveLayout(  343): com.android.internal.widget.SizeAdaptiveLayout{40f284e8 V.E..... ......I. 0,0-0,0 #7f080061 app:id/adaptive}child view android.widget.FrameLayout{40f2f120 G.E..... ......ID 0,0-0,0 #1020323 android:id/status_bar_latest_event_content} measured out of bounds at 95px clamped to 96px
W/Trace   (  343): Unexpected value from nativeGetEnabledTags: 0
W/Trace   (  343): Unexpected value from nativeGetEnabledTags: 0
W/Trace   (  343): Unexpected value from nativeGetEnabledTags: 0
W/Trace   (  343): Unexpected value from nativeGetEnabledTags: 0
W/Trace   (  343): Unexpected value from nativeGetEnabledTags: 0
W/Trace   (  343): Unexpected value from nativeGetEnabledTags: 0
W/Trace   (  343): Unexpected value from nativeGetEnabledTags: 0
W/Trace   (  343): Unexpected value from nativeGetEnabledTags: 0
W/Trace   (  343): Unexpected value from nativeGetEnabledTags: 0
W/Trace   (  343): Unexpected value from nativeGetEnabledTags: 0
W/Trace   (  343): Unexpected value from nativeGetEnabledTags: 0
W/Trace   (  343): Unexpected value from nativeGetEnabledTags: 0
W/Trace   (  343): Unexpected value from nativeGetEnabledTags: 0
W/Trace   (  343): Unexpected value from nativeGetEnabledTags: 0
W/Trace   (  343): Unexpected value from nativeGetEnabledTags: 0
W/Trace   (  343): Unexpected value from nativeGetEnabledTags: 0
W/Trace   (  343): Unexpected value from nativeGetEnabledTags: 0
W/Trace   (  343): Unexpected value from nativeGetEnabledTags: 0
W/Trace   (  343): Unexpected value from nativeGetEnabledTags: 0
W/Trace   (  343): Unexpected value from nativeGetEnabledTags: 0
W/Trace   (  343): Unexpected value from nativeGetEnabledTags: 0
W/Trace   (  343): Unexpected value from nativeGetEnabledTags: 0
W/Trace   (  595): Unexpected value from nativeGetEnabledTags: 0
D/ExchangeService(  595): !!! EAS ExchangeService, onCreate
W/Trace   (  595): Unexpected value from nativeGetEnabledTags: 0
W/Trace   (  595): Unexpected value from nativeGetEnabledTags: 0
D/ExchangeService(  595): !!! EAS ExchangeService, onStartCommand, startingUp = false, running = false
W/ActivityManager(  274): Unable to start service Intent { act=com.android.email.ACCOUNT_INTENT } U=0: not found
D/ExchangeService(  595): !!! Email application not found; stopping self
W/ActivityManager(  274): Unable to start service Intent { act=com.android.email.ACCOUNT_INTENT } U=0: not found
W/Trace   (  595): Unexpected value from nativeGetEnabledTags: 0
W/Trace   (  595): Unexpected value from nativeGetEnabledTags: 0
D/ExchangeService(  595): !!! EAS ExchangeService, onStartCommand, startingUp = true, running = false
W/Trace   (  595): Unexpected value from nativeGetEnabledTags: 0
W/Trace   (  595): Unexpected value from nativeGetEnabledTags: 0
W/Trace   (  595): Unexpected value from nativeGetEnabledTags: 0
E/ActivityThread(  595): Service com.android.exchange.ExchangeService has leaked ServiceConnection com.android.emailcommon.service.ServiceProxy$ProxyConnection@40d21978 that was originally bound here
E/ActivityThread(  595): android.app.ServiceConnectionLeaked: Service com.android.exchange.ExchangeService has leaked ServiceConnection com.android.emailcommon.service.ServiceProxy$ProxyConnection@40d21978 that was originally bound here
E/ActivityThread(  595): 	at android.app.LoadedApk$ServiceDispatcher.<init>(LoadedApk.java:969)
E/ActivityThread(  595): 	at android.app.LoadedApk.getServiceDispatcher(LoadedApk.java:863)
E/ActivityThread(  595): 	at android.app.ContextImpl.bindService(ContextImpl.java:1418)
E/ActivityThread(  595): 	at android.app.ContextImpl.bindService(ContextImpl.java:1407)
E/ActivityThread(  595): 	at android.content.ContextWrapper.bindService(ContextWrapper.java:473)
E/ActivityThread(  595): 	at com.android.emailcommon.service.ServiceProxy.setTask(ServiceProxy.java:157)
E/ActivityThread(  595): 	at com.android.emailcommon.service.ServiceProxy.setTask(ServiceProxy.java:145)
E/ActivityThread(  595): 	at com.android.emailcommon.service.AccountServiceProxy.getDeviceId(AccountServiceProxy.java:116)
E/ActivityThread(  595): 	at com.android.exchange.ExchangeService.getDeviceId(ExchangeService.java:1249)
E/ActivityThread(  595): 	at com.android.exchange.ExchangeService$7.run(ExchangeService.java:1856)
E/ActivityThread(  595): 	at com.android.emailcommon.utility.Utility$2.doInBackground(Utility.java:551)
E/ActivityThread(  595): 	at com.android.emailcommon.utility.Utility$2.doInBackground(Utility.java:549)
E/ActivityThread(  595): 	at android.os.AsyncTask$2.call(AsyncTask.java:287)
E/ActivityThread(  595): 	at java.util.concurrent.FutureTask.run(FutureTask.java:234)
E/ActivityThread(  595): 	at java.util.concurrent.ThreadPoolExecutor.runWorker(ThreadPoolExecutor.java:1080)
E/ActivityThread(  595): 	at java.util.concurrent.ThreadPoolExecutor$Worker.run(ThreadPoolExecutor.java:573)
E/ActivityThread(  595): 	at java.lang.Thread.run(Thread.java:856)
W/Trace   (  343): Unexpected value from nativeGetEnabledTags: 0
W/Trace   (  343): Unexpected value from nativeGetEnabledTags: 0
I/Choreographer(  343): Skipped 35 frames!  The application may be doing too much work on its main thread.
W/Trace   (  343): Unexpected value from nativeGetEnabledTags: 0
W/Trace   (  343): Unexpected value from nativeGetEnabledTags: 0
W/Trace   (  343): Unexpected value from nativeGetEnabledTags: 0
W/Trace   (  343): Unexpected value from nativeGetEnabledTags: 0
W/Trace   (  343): Unexpected value from nativeGetEnabledTags: 0
W/Trace   (  343): Unexpected value from nativeGetEnabledTags: 0
W/Trace   (  343): Unexpected value from nativeGetEnabledTags: 0
W/Trace   (  343): Unexpected value from nativeGetEnabledTags: 0
W/Trace   (  343): Unexpected value from nativeGetEnabledTags: 0
W/Trace   (  343): Unexpected value from nativeGetEnabledTags: 0
W/Trace   (  343): Unexpected value from nativeGetEnabledTags: 0
W/Trace   (  343): Unexpected value from nativeGetEnabledTags: 0
W/Trace   (  343): Unexpected value from nativeGetEnabledTags: 0
W/Trace   (  343): Unexpected value from nativeGetEnabledTags: 0
W/Trace   (  343): Unexpected value from nativeGetEnabledTags: 0
W/Trace   (  343): Unexpected value from nativeGetEnabledTags: 0
W/Trace   (  343): Unexpected value from nativeGetEnabledTags: 0
W/Trace   (  343): Unexpected value from nativeGetEnabledTags: 0
W/Trace   (  343): Unexpected value from nativeGetEnabledTags: 0
W/Trace   (  343): Unexpected value from nativeGetEnabledTags: 0
W/Trace   (  343): Unexpected value from nativeGetEnabledTags: 0
W/Trace   (  343): Unexpected value from nativeGetEnabledTags: 0
W/Trace   (  343): Unexpected value from nativeGetEnabledTags: 0
W/Trace   (  343): Unexpected value from nativeGetEnabledTags: 0
W/Trace   (  343): Unexpected value from nativeGetEnabledTags: 0
W/Trace   (  343): Unexpected value from nativeGetEnabledTags: 0
W/Trace   (  343): Unexpected value from nativeGetEnabledTags: 0
W/Trace   (  343): Unexpected value from nativeGetEnabledTags: 0
W/Trace   (  343): Unexpected value from nativeGetEnabledTags: 0
W/Trace   (  343): Unexpected value from nativeGetEnabledTags: 0
W/Trace   (  343): Unexpected value from nativeGetEnabledTags: 0
W/Trace   (  343): Unexpected value from nativeGetEnabledTags: 0
W/Trace   (  343): Unexpected value from nativeGetEnabledTags: 0
W/Trace   (  343): Unexpected value from nativeGetEnabledTags: 0
W/Trace   (  343): Unexpected value from nativeGetEnabledTags: 0
W/Trace   (  343): Unexpected value from nativeGetEnabledTags: 0
W/Trace   (  343): Unexpected value from nativeGetEnabledTags: 0
W/Trace   (  343): Unexpected value from nativeGetEnabledTags: 0
W/Trace   (  343): Unexpected value from nativeGetEnabledTags: 0
W/Trace   (  343): Unexpected value from nativeGetEnabledTags: 0
W/Trace   (  343): Unexpected value from nativeGetEnabledTags: 0
W/Trace   (  343): Unexpected value from nativeGetEnabledTags: 0
W/Trace   (  343): Unexpected value from nativeGetEnabledTags: 0
W/Trace   (  343): Unexpected value from nativeGetEnabledTags: 0
W/Trace   (  343): Unexpected value from nativeGetEnabledTags: 0
W/Trace   (  343): Unexpected value from nativeGetEnabledTags: 0
W/Trace   (  343): Unexpected value from nativeGetEnabledTags: 0
W/Trace   (  343): Unexpected value from nativeGetEnabledTags: 0
W/Trace   (  343): Unexpected value from nativeGetEnabledTags: 0
W/Trace   (  343): Unexpected value from nativeGetEnabledTags: 0
W/Trace   (  343): Unexpected value from nativeGetEnabledTags: 0
W/Trace   (  343): Unexpected value from nativeGetEnabledTags: 0
W/Trace   (  343): Unexpected value from nativeGetEnabledTags: 0
W/Trace   (  343): Unexpected value from nativeGetEnabledTags: 0
W/Trace   (  343): Unexpected value from nativeGetEnabledTags: 0
W/Trace   (  343): Unexpected value from nativeGetEnabledTags: 0
W/Trace   (  343): Unexpected value from nativeGetEnabledTags: 0
W/Trace   (  343): Unexpected value from nativeGetEnabledTags: 0
W/Trace   (  343): Unexpected value from nativeGetEnabledTags: 0
W/Trace   (  343): Unexpected value from nativeGetEnabledTags: 0
W/Trace   (  343): Unexpected value from nativeGetEnabledTags: 0
W/Trace   (  343): Unexpected value from nativeGetEnabledTags: 0
W/Trace   (  343): Unexpected value from nativeGetEnabledTags: 0
W/Trace   (  343): Unexpected value from nativeGetEnabledTags: 0
W/Trace   (  343): Unexpected value from nativeGetEnabledTags: 0
W/Trace   (  343): Unexpected value from nativeGetEnabledTags: 0
W/Trace   (  343): Unexpected value from nativeGetEnabledTags: 0
W/Trace   (  343): Unexpected value from nativeGetEnabledTags: 0
W/Trace   (  343): Unexpected value from nativeGetEnabledTags: 0
W/Trace   (  343): Unexpected value from nativeGetEnabledTags: 0
E/StrictMode(  595): null
E/StrictMode(  595): android.app.ServiceConnectionLeaked: Service com.android.exchange.ExchangeService has leaked ServiceConnection com.android.emailcommon.service.ServiceProxy$ProxyConnection@40d21978 that was originally bound here
E/StrictMode(  595): 	at android.app.LoadedApk$ServiceDispatcher.<init>(LoadedApk.java:969)
E/StrictMode(  595): 	at android.app.LoadedApk.getServiceDispatcher(LoadedApk.java:863)
E/StrictMode(  595): 	at android.app.ContextImpl.bindService(ContextImpl.java:1418)
E/StrictMode(  595): 	at android.app.ContextImpl.bindService(ContextImpl.java:1407)
E/StrictMode(  595): 	at android.content.ContextWrapper.bindService(ContextWrapper.java:473)
E/StrictMode(  595): 	at com.android.emailcommon.service.ServiceProxy.setTask(ServiceProxy.java:157)
E/StrictMode(  595): 	at com.android.emailcommon.service.ServiceProxy.setTask(ServiceProxy.java:145)
E/StrictMode(  595): 	at com.android.emailcommon.service.AccountServiceProxy.getDeviceId(AccountServiceProxy.java:116)
E/StrictMode(  595): 	at com.android.exchange.ExchangeService.getDeviceId(ExchangeService.java:1249)
E/StrictMode(  595): 	at com.android.exchange.ExchangeService$7.run(ExchangeService.java:1856)
E/StrictMode(  595): 	at com.android.emailcommon.utility.Utility$2.doInBackground(Utility.java:551)
E/StrictMode(  595): 	at com.android.emailcommon.utility.Utility$2.doInBackground(Utility.java:549)
E/StrictMode(  595): 	at android.os.AsyncTask$2.call(AsyncTask.java:287)
E/StrictMode(  595): 	at java.util.concurrent.FutureTask.run(FutureTask.java:234)
E/StrictMode(  595): 	at java.util.concurrent.ThreadPoolExecutor.runWorker(ThreadPoolExecutor.java:1080)
E/StrictMode(  595): 	at java.util.concurrent.ThreadPoolExecutor$Worker.run(ThreadPoolExecutor.java:573)
E/StrictMode(  595): 	at java.lang.Thread.run(Thread.java:856)
W/Trace   (  343): Unexpected value from nativeGetEnabledTags: 0
W/Trace   (  343): Unexpected value from nativeGetEnabledTags: 0
W/Trace   (  343): Unexpected value from nativeGetEnabledTags: 0
W/Trace   (  343): Unexpected value from nativeGetEnabledTags: 0
W/Trace   (  343): Unexpected value from nativeGetEnabledTags: 0
W/Trace   (  343): Unexpected value from nativeGetEnabledTags: 0
W/Trace   (  343): Unexpected value from nativeGetEnabledTags: 0
W/Trace   (  343): Unexpected value from nativeGetEnabledTags: 0
W/Trace   (  343): Unexpected value from nativeGetEnabledTags: 0
W/Trace   (  343): Unexpected value from nativeGetEnabledTags: 0
W/Trace   (  343): Unexpected value from nativeGetEnabledTags: 0
W/Trace   (  343): Unexpected value from nativeGetEnabledTags: 0
W/Trace   (  343): Unexpected value from nativeGetEnabledTags: 0
W/Trace   (  343): Unexpected value from nativeGetEnabledTags: 0
W/Trace   (  343): Unexpected value from nativeGetEnabledTags: 0
W/Trace   (  343): Unexpected value from nativeGetEnabledTags: 0
W/Trace   (  343): Unexpected value from nativeGetEnabledTags: 0
W/Trace   (  343): Unexpected value from nativeGetEnabledTags: 0
W/Trace   (  343): Unexpected value from nativeGetEnabledTags: 0
W/Trace   (  343): Unexpected value from nativeGetEnabledTags: 0
W/Trace   (  343): Unexpected value from nativeGetEnabledTags: 0
W/Trace   (  343): Unexpected value from nativeGetEnabledTags: 0
W/Trace   (  343): Unexpected value from nativeGetEnabledTags: 0
W/Trace   (  343): Unexpected value from nativeGetEnabledTags: 0
W/Trace   (  343): Unexpected value from nativeGetEnabledTags: 0
W/Trace   (  343): Unexpected value from nativeGetEnabledTags: 0
W/Trace   (  343): Unexpected value from nativeGetEnabledTags: 0
W/Trace   (  343): Unexpected value from nativeGetEnabledTags: 0
W/Trace   (  343): Unexpected value from nativeGetEnabledTags: 0
W/Trace   (  343): Unexpected value from nativeGetEnabledTags: 0
W/Trace   (  343): Unexpected value from nativeGetEnabledTags: 0
W/Trace   (  343): Unexpected value from nativeGetEnabledTags: 0
W/Trace   (  343): Unexpected value from nativeGetEnabledTags: 0
W/Trace   (  343): Unexpected value from nativeGetEnabledTags: 0
W/Trace   (  343): Unexpected value from nativeGetEnabledTags: 0
W/Trace   (  343): Unexpected value from nativeGetEnabledTags: 0
W/Trace   (  343): Unexpected value from nativeGetEnabledTags: 0
W/Trace   (  343): Unexpected value from nativeGetEnabledTags: 0
W/Trace   (  343): Unexpected value from nativeGetEnabledTags: 0
W/Trace   (  343): Unexpected value from nativeGetEnabledTags: 0
W/Trace   (  343): Unexpected value from nativeGetEnabledTags: 0
W/Trace   (  343): Unexpected value from nativeGetEnabledTags: 0
W/Trace   (  343): Unexpected value from nativeGetEnabledTags: 0
W/Trace   (  343): Unexpected value from nativeGetEnabledTags: 0
W/Trace   (  343): Unexpected value from nativeGetEnabledTags: 0
W/Trace   (  343): Unexpected value from nativeGetEnabledTags: 0
W/Trace   (  343): Unexpected value from nativeGetEnabledTags: 0
W/Trace   (  343): Unexpected value from nativeGetEnabledTags: 0
W/Trace   (  343): Unexpected value from nativeGetEnabledTags: 0
W/Trace   (  343): Unexpected value from nativeGetEnabledTags: 0
W/Trace   (  343): Unexpected value from nativeGetEnabledTags: 0
W/Trace   (  343): Unexpected value from nativeGetEnabledTags: 0
W/Trace   (  343): Unexpected value from nativeGetEnabledTags: 0
W/Trace   (  343): Unexpected value from nativeGetEnabledTags: 0
W/Trace   (  343): Unexpected value from nativeGetEnabledTags: 0
W/Trace   (  343): Unexpected value from nativeGetEnabledTags: 0
W/Trace   (  343): Unexpected value from nativeGetEnabledTags: 0
W/Trace   (  343): Unexpected value from nativeGetEnabledTags: 0
W/Trace   (  343): Unexpected value from nativeGetEnabledTags: 0
W/Trace   (  343): Unexpected value from nativeGetEnabledTags: 0
W/Trace   (  343): Unexpected value from nativeGetEnabledTags: 0
W/Trace   (  343): Unexpected value from nativeGetEnabledTags: 0
W/Trace   (  343): Unexpected value from nativeGetEnabledTags: 0
W/Trace   (  343): Unexpected value from nativeGetEnabledTags: 0
W/Trace   (  343): Unexpected value from nativeGetEnabledTags: 0
W/Trace   (  343): Unexpected value from nativeGetEnabledTags: 0
W/ActivityManager(  274): Unbind failed: could not find connection for android.os.BinderProxy@40ede7c0
W/Trace   (  343): Unexpected value from nativeGetEnabledTags: 0
W/Trace   (  343): Unexpected value from nativeGetEnabledTags: 0
W/Trace   (  343): Unexpected value from nativeGetEnabledTags: 0
W/Trace   (  343): Unexpected value from nativeGetEnabledTags: 0
W/Trace   (  343): Unexpected value from nativeGetEnabledTags: 0
W/Trace   (  343): Unexpected value from nativeGetEnabledTags: 0
W/Trace   (  343): Unexpected value from nativeGetEnabledTags: 0
W/Trace   (  343): Unexpected value from nativeGetEnabledTags: 0
W/Trace   (  343): Unexpected value from nativeGetEnabledTags: 0
W/Trace   (  343): Unexpected value from nativeGetEnabledTags: 0
W/Trace   (  343): Unexpected value from nativeGetEnabledTags: 0
W/Trace   (  343): Unexpected value from nativeGetEnabledTags: 0
W/Trace   (  343): Unexpected value from nativeGetEnabledTags: 0
W/Trace   (  343): Unexpected value from nativeGetEnabledTags: 0
W/Trace   (  343): Unexpected value from nativeGetEnabledTags: 0
W/Trace   (  343): Unexpected value from nativeGetEnabledTags: 0
W/Trace   (  343): Unexpected value from nativeGetEnabledTags: 0
W/Trace   (  343): Unexpected value from nativeGetEnabledTags: 0
W/Trace   (  343): Unexpected value from nativeGetEnabledTags: 0
W/Trace   (  343): Unexpected value from nativeGetEnabledTags: 0
W/Trace   (  343): Unexpected value from nativeGetEnabledTags: 0
W/Trace   (  343): Unexpected value from nativeGetEnabledTags: 0
W/Trace   (  343): Unexpected value from nativeGetEnabledTags: 0
W/Trace   (  343): Unexpected value from nativeGetEnabledTags: 0
W/Trace   (  343): Unexpected value from nativeGetEnabledTags: 0
W/Trace   (  343): Unexpected value from nativeGetEnabledTags: 0
W/Trace   (  343): Unexpected value from nativeGetEnabledTags: 0
W/Trace   (  343): Unexpected value from nativeGetEnabledTags: 0
W/Trace   (  343): Unexpected value from nativeGetEnabledTags: 0
W/Trace   (  343): Unexpected value from nativeGetEnabledTags: 0
W/Trace   (  343): Unexpected value from nativeGetEnabledTags: 0
W/Trace   (  343): Unexpected value from nativeGetEnabledTags: 0
W/Trace   (  343): Unexpected value from nativeGetEnabledTags: 0
W/Trace   (  343): Unexpected value from nativeGetEnabledTags: 0
W/Trace   (  343): Unexpected value from nativeGetEnabledTags: 0
W/Trace   (  343): Unexpected value from nativeGetEnabledTags: 0
W/Trace   (  343): Unexpected value from nativeGetEnabledTags: 0
W/Trace   (  343): Unexpected value from nativeGetEnabledTags: 0
W/Trace   (  343): Unexpected value from nativeGetEnabledTags: 0
W/Trace   (  343): Unexpected value from nativeGetEnabledTags: 0
W/Trace   (  343): Unexpected value from nativeGetEnabledTags: 0
W/Trace   (  343): Unexpected value from nativeGetEnabledTags: 0
W/Trace   (  343): Unexpected value from nativeGetEnabledTags: 0
W/Trace   (  343): Unexpected value from nativeGetEnabledTags: 0
W/Trace   (  343): Unexpected value from nativeGetEnabledTags: 0
W/Trace   (  343): Unexpected value from nativeGetEnabledTags: 0
W/Trace   (  343): Unexpected value from nativeGetEnabledTags: 0
W/Trace   (  343): Unexpected value from nativeGetEnabledTags: 0
W/Trace   (  343): Unexpected value from nativeGetEnabledTags: 0
W/Trace   (  343): Unexpected value from nativeGetEnabledTags: 0
W/Trace   (  343): Unexpected value from nativeGetEnabledTags: 0
W/Trace   (  343): Unexpected value from nativeGetEnabledTags: 0
W/Trace   (  343): Unexpected value from nativeGetEnabledTags: 0
W/Trace   (  343): Unexpected value from nativeGetEnabledTags: 0
W/Trace   (  343): Unexpected value from nativeGetEnabledTags: 0
W/Trace   (  343): Unexpected value from nativeGetEnabledTags: 0
W/Trace   (  343): Unexpected value from nativeGetEnabledTags: 0
W/Trace   (  343): Unexpected value from nativeGetEnabledTags: 0
W/Trace   (  343): Unexpected value from nativeGetEnabledTags: 0
W/Trace   (  343): Unexpected value from nativeGetEnabledTags: 0
E/ActivityThread(  595): Service com.android.exchange.ExchangeService has leaked ServiceConnection com.android.emailcommon.service.ServiceProxy$ProxyConnection@40d215d0 that was originally bound here
