W/Trace   (  383): Unexpected value from nativeGetEnabledTags: 0
W/Trace   (  383): Unexpected value from nativeGetEnabledTags: 0
W/Trace   (  383): Unexpected value from nativeGetEnabledTags: 0
W/Trace   (  383): Unexpected value from nativeGetEnabledTags: 0
W/Trace   (  383): Unexpected value from nativeGetEnabledTags: 0
W/Trace   (  383): Unexpected value from nativeGetEnabledTags: 0
W/Trace   (  383): Unexpected value from nativeGetEnabledTags: 0
W/Trace   (  383): Unexpected value from nativeGetEnabledTags: 0
W/Trace   (  383): Unexpected value from nativeGetEnabledTags: 0
W/Trace   (  383): Unexpected value from nativeGetEnabledTags: 0
W/Trace   (  538): Unexpected value from nativeGetEnabledTags: 0
W/Trace   (  538): Unexpected value from nativeGetEnabledTags: 0
W/Trace   (  669): Unexpected value from nativeGetEnabledTags: 0
W/Trace   (  669): Unexpected value from nativeGetEnabledTags: 0
W/Trace   (  669): Unexpected value from nativeGetEnabledTags: 0
W/Trace   (  669): Unexpected value from nativeGetEnabledTags: 0
D/ExchangeService(  626): Received deviceId from Email app: null
D/ExchangeService(  626): !!! deviceId unknown; stopping self and retrying
W/Trace   (  626): Unexpected value from nativeGetEnabledTags: 0
W/Trace   (  626): Unexpected value from nativeGetEnabledTags: 0
W/Trace   (  626): Unexpected value from nativeGetEnabledTags: 0
D/ExchangeService(  626): !!! EAS ExchangeService, onStartCommand, startingUp = false, running = false
W/ActivityManager(  274): Unable to start service Intent { act=com.android.email.ACCOUNT_INTENT } U=0: not found
D/ExchangeService(  626): !!! Email application not found; stopping self
W/Trace   (  626): Unexpected value from nativeGetEnabledTags: 0
W/Trace   (  626): Unexpected value from nativeGetEnabledTags: 0
W/ActivityManager(  274): Unable to start service Intent { act=com.android.email.ACCOUNT_INTENT } U=0: not found
W/Trace   (  626): Unexpected value from nativeGetEnabledTags: 0
E/ActivityThread(  626): Service com.android.exchange.ExchangeService has leaked ServiceConnection com.android.emailcommon.service.ServiceProxy$ProxyConnection@40d46a48 that was originally bound here
E/ActivityThread(  626): android.app.ServiceConnectionLeaked: Service com.android.exchange.ExchangeService has leaked ServiceConnection com.android.emailcommon.service.ServiceProxy$ProxyConnection@40d46a48 that was originally bound here
E/ActivityThread(  626): 	at android.app.LoadedApk$ServiceDispatcher.<init>(LoadedApk.java:969)
E/ActivityThread(  626): 	at android.app.LoadedApk.getServiceDispatcher(LoadedApk.java:863)
E/ActivityThread(  626): 	at android.app.ContextImpl.bindService(ContextImpl.java:1418)
E/ActivityThread(  626): 	at android.app.ContextImpl.bindService(ContextImpl.java:1407)
E/ActivityThread(  626): 	at android.content.ContextWrapper.bindService(ContextWrapper.java:473)
E/ActivityThread(  626): 	at com.android.emailcommon.service.ServiceProxy.setTask(ServiceProxy.java:157)
E/ActivityThread(  626): 	at com.android.emailcommon.service.ServiceProxy.setTask(ServiceProxy.java:145)
E/ActivityThread(  626): 	at com.android.emailcommon.service.AccountServiceProxy.getDeviceId(AccountServiceProxy.java:116)
E/ActivityThread(  626): 	at com.android.exchange.ExchangeService.getDeviceId(ExchangeService.java:1249)
E/ActivityThread(  626): 	at com.android.exchange.ExchangeService$7.run(ExchangeService.java:1856)
E/ActivityThread(  626): 	at com.android.emailcommon.utility.Utility$2.doInBackground(Utility.java:551)
E/ActivityThread(  626): 	at com.android.emailcommon.utility.Utility$2.doInBackground(Utility.java:549)
E/ActivityThread(  626): 	at android.os.AsyncTask$2.call(AsyncTask.java:287)
E/ActivityThread(  626): 	at java.util.concurrent.FutureTask.run(FutureTask.java:234)
E/ActivityThread(  626): 	at java.util.concurrent.ThreadPoolExecutor.runWorker(ThreadPoolExecutor.java:1080)
E/ActivityThread(  626): 	at java.util.concurrent.ThreadPoolExecutor$Worker.run(ThreadPoolExecutor.java:573)
E/ActivityThread(  626): 	at java.lang.Thread.run(Thread.java:856)
E/StrictMode(  626): null
E/StrictMode(  626): android.app.ServiceConnectionLeaked: Service com.android.exchange.ExchangeService has leaked ServiceConnection com.android.emailcommon.service.ServiceProxy$ProxyConnection@40d46a48 that was originally bound here
E/StrictMode(  626): 	at android.app.LoadedApk$ServiceDispatcher.<init>(LoadedApk.java:969)
E/StrictMode(  626): 	at android.app.LoadedApk.getServiceDispatcher(LoadedApk.java:863)
E/StrictMode(  626): 	at android.app.ContextImpl.bindService(ContextImpl.java:1418)
E/StrictMode(  626): 	at android.app.ContextImpl.bindService(ContextImpl.java:1407)
E/StrictMode(  626): 	at android.content.ContextWrapper.bindService(ContextWrapper.java:473)
E/StrictMode(  626): 	at com.android.emailcommon.service.ServiceProxy.setTask(ServiceProxy.java:157)
E/StrictMode(  626): 	at com.android.emailcommon.service.ServiceProxy.setTask(ServiceProxy.java:145)
E/StrictMode(  626): 	at com.android.emailcommon.service.AccountServiceProxy.getDeviceId(AccountServiceProxy.java:116)
E/StrictMode(  626): 	at com.android.exchange.ExchangeService.getDeviceId(ExchangeService.java:1249)
E/StrictMode(  626): 	at com.android.exchange.ExchangeService$7.run(ExchangeService.java:1856)
E/StrictMode(  626): 	at com.android.emailcommon.utility.Utility$2.doInBackground(Utility.java:551)
E/StrictMode(  626): 	at com.android.emailcommon.utility.Utility$2.doInBackground(Utility.java:549)
E/StrictMode(  626): 	at android.os.AsyncTask$2.call(AsyncTask.java:287)
E/StrictMode(  626): 	at java.util.concurrent.FutureTask.run(FutureTask.java:234)
E/StrictMode(  626): 	at java.util.concurrent.ThreadPoolExecutor.runWorker(ThreadPoolExecutor.java:1080)
E/StrictMode(  626): 	at java.util.concurrent.ThreadPoolExecutor$Worker.run(ThreadPoolExecutor.java:573)
E/StrictMode(  626): 	at java.lang.Thread.run(Thread.java:856)
W/ActivityManager(  274): Unbind failed: could not find connection for android.os.BinderProxy@41074130
E/ActivityThread(  626): Service com.android.exchange.ExchangeService has leaked ServiceConnection com.android.emailcommon.service.ServiceProxy$ProxyConnection@40cd0b40 that was originally bound here
E/ActivityThread(  626): android.app.ServiceConnectionLeaked: Service com.android.exchange.ExchangeService has leaked ServiceConnection com.android.emailcommon.service.ServiceProxy$ProxyConnection@40cd0b40 that was originally bound here
E/ActivityThread(  626): 	at android.app.LoadedApk$ServiceDispatcher.<init>(LoadedApk.java:969)
E/ActivityThread(  626): 	at android.app.LoadedApk.getServiceDispatcher(LoadedApk.java:863)
E/ActivityThread(  626): 	at android.app.ContextImpl.bindService(ContextImpl.java:1418)
E/ActivityThread(  626): 	at android.app.ContextImpl.bindService(ContextImpl.java:1407)
E/ActivityThread(  626): 	at android.content.ContextWrapper.bindService(ContextWrapper.java:473)
E/ActivityThread(  626): 	at com.android.emailcommon.service.ServiceProxy.setTask(ServiceProxy.java:157)
E/ActivityThread(  626): 	at com.android.emailcommon.service.ServiceProxy.setTask(ServiceProxy.java:145)
E/ActivityThread(  626): 	at com.android.emailcommon.service.ServiceProxy.test(ServiceProxy.java:191)
E/ActivityThread(  626): 	at com.android.exchange.ExchangeService$7.run(ExchangeService.java:1850)
E/ActivityThread(  626): 	at com.android.emailcommon.utility.Utility$2.doInBackground(Utility.java:551)
E/ActivityThread(  626): 	at com.android.emailcommon.utility.Utility$2.doInBackground(Utility.java:549)
E/ActivityThread(  626): 	at android.os.AsyncTask$2.call(AsyncTask.java:287)
E/ActivityThread(  626): 	at java.util.concurrent.FutureTask.run(FutureTask.java:234)
E/ActivityThread(  626): 	at java.util.concurrent.ThreadPoolExecutor.runWorker(ThreadPoolExecutor.java:1080)
E/ActivityThread(  626): 	at java.util.concurrent.ThreadPoolExecutor$Worker.run(ThreadPoolExecutor.java:573)
E/ActivityThread(  626): 	at java.lang.Thread.run(Thread.java:856)
E/StrictMode(  626): null
E/StrictMode(  626): android.app.ServiceConnectionLeaked: Service com.android.exchange.ExchangeService has leaked ServiceConnection com.android.emailcommon.service.ServiceProxy$ProxyConnection@40cd0b40 that was originally bound here
E/StrictMode(  626): 	at android.app.LoadedApk$ServiceDispatcher.<init>(LoadedApk.java:969)
E/StrictMode(  626): 	at android.app.LoadedApk.getServiceDispatcher(LoadedApk.java:863)
E/StrictMode(  626): 	at android.app.ContextImpl.bindService(ContextImpl.java:1418)
E/StrictMode(  626): 	at android.app.ContextImpl.bindService(ContextImpl.java:1407)
E/StrictMode(  626): 	at android.content.ContextWrapper.bindService(ContextWrapper.java:473)
E/StrictMode(  626): 	at com.android.emailcommon.service.ServiceProxy.setTask(ServiceProxy.java:157)
E/StrictMode(  626): 	at com.android.emailcommon.service.ServiceProxy.setTask(ServiceProxy.java:145)
E/StrictMode(  626): 	at com.android.emailcommon.service.ServiceProxy.test(ServiceProxy.java:191)
E/StrictMode(  626): 	at com.android.exchange.ExchangeService$7.run(ExchangeService.java:1850)
E/StrictMode(  626): 	at com.android.emailcommon.utility.Utility$2.doInBackground(Utility.java:551)
E/StrictMode(  626): 	at com.android.emailcommon.utility.Utility$2.doInBackground(Utility.java:549)
E/StrictMode(  626): 	at android.os.AsyncTask$2.call(AsyncTask.java:287)
E/StrictMode(  626): 	at java.util.concurrent.FutureTask.run(FutureTask.java:234)
E/StrictMode(  626): 	at java.util.concurrent.ThreadPoolExecutor.runWorker(ThreadPoolExecutor.java:1080)
E/StrictMode(  626): 	at java.util.concurrent.ThreadPoolExecutor$Worker.run(ThreadPoolExecutor.java:573)
E/StrictMode(  626): 	at java.lang.Thread.run(Thread.java:856)
W/ActivityManager(  274): Unbind failed: could not find connection for android.os.BinderProxy@4119ead8
W/Trace   (  432): Unexpected value from nativeGetEnabledTags: 0
W/Trace   (  432): Unexpected value from nativeGetEnabledTags: 0
W/Trace   (  274): Unexpected value from nativeGetEnabledTags: 0
E/ThrottleService(  274): problem during onPollAlarm: java.lang.IllegalStateException: problem parsing stats: java.io.FileNotFoundException: /proc/net/xt_qtaguid/iface_stat_all: open failed: ENOENT (No such file or directory)
W/Trace   (  274): Unexpected value from nativeGetEnabledTags: 0
D/ExchangeService(  626): Received deviceId from Email app: null
D/ExchangeService(  626): !!! deviceId unknown; stopping self and retrying
W/Trace   (  626): Unexpected value from nativeGetEnabledTags: 0
W/Trace   (  626): Unexpected value from nativeGetEnabledTags: 0
W/Trace   (  626): Unexpected value from nativeGetEnabledTags: 0
D/ExchangeService(  626): !!! EAS ExchangeService, onStartCommand, startingUp = false, running = false
W/ActivityManager(  274): Unable to start service Intent { act=com.android.email.ACCOUNT_INTENT } U=0: not found
D/ExchangeService(  626): !!! Email application not found; stopping self
W/ActivityManager(  274): Unable to start service Intent { act=com.android.email.ACCOUNT_INTENT } U=0: not found
W/Trace   (  626): Unexpected value from nativeGetEnabledTags: 0
W/Trace   (  626): Unexpected value from nativeGetEnabledTags: 0
W/Trace   (  626): Unexpected value from nativeGetEnabledTags: 0
E/ActivityThread(  626): Service com.android.exchange.ExchangeService has leaked ServiceConnection com.android.emailcommon.service.ServiceProxy$ProxyConnection@40cf3b10 that was originally bound here
E/ActivityThread(  626): android.app.ServiceConnectionLeaked: Service com.android.exchange.ExchangeService has leaked ServiceConnection com.android.emailcommon.service.ServiceProxy$ProxyConnection@40cf3b10 that was originally bound here
E/ActivityThread(  626): 	at android.app.LoadedApk$ServiceDispatcher.<init>(LoadedApk.java:969)
E/ActivityThread(  626): 	at android.app.LoadedApk.getServiceDispatcher(LoadedApk.java:863)
E/ActivityThread(  626): 	at android.app.ContextImpl.bindService(ContextImpl.java:1418)
E/ActivityThread(  626): 	at android.app.ContextImpl.bindService(ContextImpl.java:1407)
E/ActivityThread(  626): 	at android.content.ContextWrapper.bindService(ContextWrapper.java:473)
E/ActivityThread(  626): 	at com.android.emailcommon.service.ServiceProxy.setTask(ServiceProxy.java:157)
E/ActivityThread(  626): 	at com.android.emailcommon.service.ServiceProxy.setTask(ServiceProxy.java:145)
E/ActivityThread(  626): 	at com.android.emailcommon.service.ServiceProxy.test(ServiceProxy.java:191)
E/ActivityThread(  626): 	at com.android.exchange.ExchangeService$7.run(ExchangeService.java:1850)
E/ActivityThread(  626): 	at com.android.emailcommon.utility.Utility$2.doInBackground(Utility.java:551)
E/ActivityThread(  626): 	at com.android.emailcommon.utility.Utility$2.doInBackground(Utility.java:549)
E/ActivityThread(  626): 	at android.os.AsyncTask$2.call(AsyncTask.java:287)
E/ActivityThread(  626): 	at java.util.concurrent.FutureTask.run(FutureTask.java:234)
E/ActivityThread(  626): 	at java.util.concurrent.ThreadPoolExecutor.runWorker(ThreadPoolExecutor.java:1080)
E/ActivityThread(  626): 	at java.util.concurrent.ThreadPoolExecutor$Worker.run(ThreadPoolExecutor.java:573)
E/ActivityThread(  626): 	at java.lang.Thread.run(Thread.java:856)
E/StrictMode(  626): null
E/StrictMode(  626): android.app.ServiceConnectionLeaked: Service com.android.exchange.ExchangeService has leaked ServiceConnection com.android.emailcommon.service.ServiceProxy$ProxyConnection@40cf3b10 that was originally bound here
E/StrictMode(  626): 	at android.app.LoadedApk$ServiceDispatcher.<init>(LoadedApk.java:969)
E/StrictMode(  626): 	at android.app.LoadedApk.getServiceDispatcher(LoadedApk.java:863)
E/StrictMode(  626): 	at android.app.ContextImpl.bindService(ContextImpl.java:1418)
E/StrictMode(  626): 	at android.app.ContextImpl.bindService(ContextImpl.java:1407)
E/StrictMode(  626): 	at android.content.ContextWrapper.bindService(ContextWrapper.java:473)
E/StrictMode(  626): 	at com.android.emailcommon.service.ServiceProxy.setTask(ServiceProxy.java:157)
E/StrictMode(  626): 	at com.android.emailcommon.service.ServiceProxy.setTask(ServiceProxy.java:145)
E/StrictMode(  626): 	at com.android.emailcommon.service.ServiceProxy.test(ServiceProxy.java:191)
E/StrictMode(  626): 	at com.android.exchange.ExchangeService$7.run(ExchangeService.java:1850)
E/StrictMode(  626): 	at com.android.emailcommon.utility.Utility$2.doInBackground(Utility.java:551)
E/StrictMode(  626): 	at com.android.emailcommon.utility.Utility$2.doInBackground(Utility.java:549)
E/StrictMode(  626): 	at android.os.AsyncTask$2.call(AsyncTask.java:287)
E/StrictMode(  626): 	at java.util.concurrent.FutureTask.run(FutureTask.java:234)
E/StrictMode(  626): 	at java.util.concurrent.ThreadPoolExecutor.runWorker(ThreadPoolExecutor.java:1080)
E/StrictMode(  626): 	at java.util.concurrent.ThreadPoolExecutor$Worker.run(ThreadPoolExecutor.java:573)
E/StrictMode(  626): 	at java.lang.Thread.run(Thread.java:856)
W/ActivityManager(  274): Unbind failed: could not find connection for android.os.BinderProxy@41076d10
E/ActivityThread(  626): Service com.android.exchange.ExchangeService has leaked ServiceConnection com.android.emailcommon.service.ServiceProxy$ProxyConnection@40ce3fc8 that was originally bound here
E/ActivityThread(  626): android.app.ServiceConnectionLeaked: Service com.android.exchange.ExchangeService has leaked ServiceConnection com.android.emailcommon.service.ServiceProxy$ProxyConnection@40ce3fc8 that was originally bound here
E/ActivityThread(  626): 	at android.app.LoadedApk$ServiceDispatcher.<init>(LoadedApk.java:969)
E/ActivityThread(  626): 	at android.app.LoadedApk.getServiceDispatcher(LoadedApk.java:863)
E/ActivityThread(  626): 	at android.app.ContextImpl.bindService(ContextImpl.java:1418)
E/ActivityThread(  626): 	at android.app.ContextImpl.bindService(ContextImpl.java:1407)
E/ActivityThread(  626): 	at android.content.ContextWrapper.bindService(ContextWrapper.java:473)
E/ActivityThread(  626): 	at com.android.emailcommon.service.ServiceProxy.setTask(ServiceProxy.java:157)
E/ActivityThread(  626): 	at com.android.emailcommon.service.ServiceProxy.setTask(ServiceProxy.java:145)
E/ActivityThread(  626): 	at com.android.emailcommon.service.AccountServiceProxy.getDeviceId(AccountServiceProxy.java:116)
E/ActivityThread(  626): 	at com.android.exchange.ExchangeService.getDeviceId(ExchangeService.java:1249)
E/ActivityThread(  626): 	at com.android.exchange.ExchangeService$7.run(ExchangeService.java:1856)
E/ActivityThread(  626): 	at com.android.emailcommon.utility.Utility$2.doInBackground(Utility.java:551)
E/ActivityThread(  626): 	at com.android.emailcommon.utility.Utility$2.doInBackground(Utility.java:549)
E/ActivityThread(  626): 	at android.os.AsyncTask$2.call(AsyncTask.java:287)
E/ActivityThread(  626): 	at java.util.concurrent.FutureTask.run(FutureTask.java:234)
E/ActivityThread(  626): 	at java.util.concurrent.ThreadPoolExecutor.runWorker(ThreadPoolExecutor.java:1080)
E/ActivityThread(  626): 	at java.util.concurrent.ThreadPoolExecutor$Worker.run(ThreadPoolExecutor.java:573)
E/ActivityThread(  626): 	at java.lang.Thread.run(Thread.java:856)
E/StrictMode(  626): null
E/StrictMode(  626): android.app.ServiceConnectionLeaked: Service com.android.exchange.ExchangeService has leaked ServiceConnection com.android.emailcommon.service.ServiceProxy$ProxyConnection@40ce3fc8 that was originally bound here
E/StrictMode(  626): 	at android.app.LoadedApk$ServiceDispatcher.<init>(LoadedApk.java:969)
E/StrictMode(  626): 	at android.app.LoadedApk.getServiceDispatcher(LoadedApk.java:863)
E/StrictMode(  626): 	at android.app.ContextImpl.bindService(ContextImpl.java:1418)
E/StrictMode(  626): 	at android.app.ContextImpl.bindService(ContextImpl.java:1407)
E/StrictMode(  626): 	at android.content.ContextWrapper.bindService(ContextWrapper.java:473)
E/StrictMode(  626): 	at com.android.emailcommon.service.ServiceProxy.setTask(ServiceProxy.java:157)
E/StrictMode(  626): 	at com.android.emailcommon.service.ServiceProxy.setTask(ServiceProxy.java:145)
E/StrictMode(  626): 	at com.android.emailcommon.service.AccountServiceProxy.getDeviceId(AccountServiceProxy.java:116)
E/StrictMode(  626): 	at com.android.exchange.ExchangeService.getDeviceId(ExchangeService.java:1249)
E/StrictMode(  626): 	at com.android.exchange.ExchangeService$7.run(ExchangeService.java:1856)
E/StrictMode(  626): 	at com.android.emailcommon.utility.Utility$2.doInBackground(Utility.java:551)
E/StrictMode(  626): 	at com.android.emailcommon.utility.Utility$2.doInBackground(Utility.java:549)
E/StrictMode(  626): 	at android.os.AsyncTask$2.call(AsyncTask.java:287)
E/StrictMode(  626): 	at java.util.concurrent.FutureTask.run(FutureTask.java:234)
E/StrictMode(  626): 	at java.util.concurrent.ThreadPoolExecutor.runWorker(ThreadPoolExecutor.java:1080)
E/StrictMode(  626): 	at java.util.concurrent.ThreadPoolExecutor$Worker.run(ThreadPoolExecutor.java:573)
E/StrictMode(  626): 	at java.lang.Thread.run(Thread.java:856)
W/ActivityManager(  274): Unbind failed: could not find connection for android.os.BinderProxy@41076ff8
D/dalvikvm(  626): GC_CONCURRENT freed 470K, 19% free 2664K/3268K, paused 72ms+11ms, total 138ms
W/Trace   (  274): Unexpected value from nativeGetEnabledTags: 0
W/Trace   (  274): Unexpected value from nativeGetEnabledTags: 0
W/Trace   (  274): Unexpected value from nativeGetEnabledTags: 0
W/Trace   (  383): Unexpected value from nativeGetEnabledTags: 0
W/Trace   (  383): Unexpected value from nativeGetEnabledTags: 0
W/Trace   (  274): Unexpected value from nativeGetEnabledTags: 0
W/Trace   (  383): Unexpected value from nativeGetEnabledTags: 0
W/Trace   (  383): Unexpected value from nativeGetEnabledTags: 0
W/Trace   (  383): Unexpected value from nativeGetEnabledTags: 0
W/Trace   (  383): Unexpected value from nativeGetEnabledTags: 0
W/Trace   (  383): Unexpected value from nativeGetEnabledTags: 0
W/Trace   (  383): Unexpected value from nativeGetEnabledTags: 0
W/Trace   (  383): Unexpected value from nativeGetEnabledTags: 0
W/Trace   (  383): Unexpected value from nativeGetEnabledTags: 0
W/Trace   (  383): Unexpected value from nativeGetEnabledTags: 0
W/Trace   (  538): Unexpected value from nativeGetEnabledTags: 0
W/Trace   (  383): Unexpected value from nativeGetEnabledTags: 0
W/Trace   (  669): Unexpected value from nativeGetEnabledTags: 0
W/Trace   (  538): Unexpected value from nativeGetEnabledTags: 0
W/Trace   (  669): Unexpected value from nativeGetEnabledTags: 0
W/Trace   (  669): Unexpected value from nativeGetEnabledTags: 0
W/Trace   (  669): Unexpected value from nativeGetEnabledTags: 0
W/Trace   (  432): Unexpected value from nativeGetEnabledTags: 0
W/Trace   (  432): Unexpected value from nativeGetEnabledTags: 0
D/ExchangeService(  626): Received deviceId from Email app: null
D/ExchangeService(  626): !!! deviceId unknown; stopping self and retrying
W/Trace   (  626): Unexpected value from nativeGetEnabledTags: 0
W/Trace   (  626): Unexpected value from nativeGetEnabledTags: 0
W/Trace   (  626): Unexpected value from nativeGetEnabledTags: 0
D/ExchangeService(  626): !!! EAS ExchangeService, onStartCommand, startingUp = false, running = false
W/ActivityManager(  274): Unable to start service Intent { act=com.android.email.ACCOUNT_INTENT } U=0: not found
D/ExchangeService(  626): !!! Email application not found; stopping self
W/Trace   (  626): Unexpected value from nativeGetEnabledTags: 0
W/Trace   (  626): Unexpected value from nativeGetEnabledTags: 0
W/ActivityManager(  274): Unable to start service Intent { act=com.android.email.ACCOUNT_INTENT } U=0: not found
W/Trace   (  626): Unexpected value from nativeGetEnabledTags: 0
E/ActivityThread(  626): Service com.android.exchange.ExchangeService has leaked ServiceConnection com.android.emailcommon.service.ServiceProxy$ProxyConnection@40d66b70 that was originally bound here
E/ActivityThread(  626): android.app.ServiceConnectionLeaked: Service com.android.exchange.ExchangeService has leaked ServiceConnection com.android.emailcommon.service.ServiceProxy$ProxyConnection@40d66b70 that was originally bound here
E/ActivityThread(  626): 	at android.app.LoadedApk$ServiceDispatcher.<init>(LoadedApk.java:969)
E/ActivityThread(  626): 	at android.app.LoadedApk.getServiceDispatcher(LoadedApk.java:863)
E/ActivityThread(  626): 	at android.app.ContextImpl.bindService(ContextImpl.java:1418)
E/ActivityThread(  626): 	at android.app.ContextImpl.bindService(ContextImpl.java:1407)
E/ActivityThread(  626): 	at android.content.ContextWrapper.bindService(ContextWrapper.java:473)
E/ActivityThread(  626): 	at com.android.emailcommon.service.ServiceProxy.setTask(ServiceProxy.java:157)
E/ActivityThread(  626): 	at com.android.emailcommon.service.ServiceProxy.setTask(ServiceProxy.java:145)
E/ActivityThread(  626): 	at com.android.emailcommon.service.ServiceProxy.test(ServiceProxy.java:191)
E/ActivityThread(  626): 	at com.android.exchange.ExchangeService$7.run(ExchangeService.java:1850)
E/ActivityThread(  626): 	at com.android.emailcommon.utility.Utility$2.doInBackground(Utility.java:551)
E/ActivityThread(  626): 	at com.android.emailcommon.utility.Utility$2.doInBackground(Utility.java:549)
E/ActivityThread(  626): 	at android.os.AsyncTask$2.call(AsyncTask.java:287)
E/ActivityThread(  626): 	at java.util.concurrent.FutureTask.run(FutureTask.java:234)
E/ActivityThread(  626): 	at java.util.concurrent.ThreadPoolExecutor.runWorker(ThreadPoolExecutor.java:1080)
E/ActivityThread(  626): 	at java.util.concurrent.ThreadPoolExecutor$Worker.run(ThreadPoolExecutor.java:573)
E/ActivityThread(  626): 	at java.lang.Thread.run(Thread.java:856)
E/StrictMode(  626): null
E/StrictMode(  626): android.app.ServiceConnectionLeaked: Service com.android.exchange.ExchangeService has leaked ServiceConnection com.android.emailcommon.service.ServiceProxy$ProxyConnection@40d66b70 that was originally bound here
E/StrictMode(  626): 	at android.app.LoadedApk$ServiceDispatcher.<init>(LoadedApk.java:969)
E/StrictMode(  626): 	at android.app.LoadedApk.getServiceDispatcher(LoadedApk.java:863)
E/StrictMode(  626): 	at android.app.ContextImpl.bindService(ContextImpl.java:1418)
E/StrictMode(  626): 	at android.app.ContextImpl.bindService(ContextImpl.java:1407)
E/StrictMode(  626): 	at android.content.ContextWrapper.bindService(ContextWrapper.java:473)
E/StrictMode(  626): 	at com.android.emailcommon.service.ServiceProxy.setTask(ServiceProxy.java:157)
E/StrictMode(  626): 	at com.android.emailcommon.service.ServiceProxy.setTask(ServiceProxy.java:145)
E/StrictMode(  626): 	at com.android.emailcommon.service.ServiceProxy.test(ServiceProxy.java:191)
E/StrictMode(  626): 	at com.android.exchange.ExchangeService$7.run(ExchangeService.java:1850)
E/StrictMode(  626): 	at com.android.emailcommon.utility.Utility$2.doInBackground(Utility.java:551)
E/StrictMode(  626): 	at com.android.emailcommon.utility.Utility$2.doInBackground(Utility.java:549)
E/StrictMode(  626): 	at android.os.AsyncTask$2.call(AsyncTask.java:287)
E/StrictMode(  626): 	at java.util.concurrent.FutureTask.run(FutureTask.java:234)
E/StrictMode(  626): 	at java.util.concurrent.ThreadPoolExecutor.runWorker(ThreadPoolExecutor.java:1080)
E/StrictMode(  626): 	at java.util.concurrent.ThreadPoolExecutor$Worker.run(ThreadPoolExecutor.java:573)
E/StrictMode(  626): 	at java.lang.Thread.run(Thread.java:856)
W/ActivityManager(  274): Unbind failed: could not find connection for android.os.BinderProxy@4120ace8
E/ActivityThread(  626): Service com.android.exchange.ExchangeService has leaked ServiceConnection com.android.emailcommon.service.ServiceProxy$ProxyConnection@40d647d8 that was originally bound here
E/ActivityThread(  626): android.app.ServiceConnectionLeaked: Service com.android.exchange.ExchangeService has leaked ServiceConnection com.android.emailcommon.service.ServiceProxy$ProxyConnection@40d647d8 that was originally bound here
E/ActivityThread(  626): 	at android.app.LoadedApk$ServiceDispatcher.<init>(LoadedApk.java:969)
E/ActivityThread(  626): 	at android.app.LoadedApk.getServiceDispatcher(LoadedApk.java:863)
E/ActivityThread(  626): 	at android.app.ContextImpl.bindService(ContextImpl.java:1418)
E/ActivityThread(  626): 	at android.app.ContextImpl.bindService(ContextImpl.java:1407)
E/ActivityThread(  626): 	at android.content.ContextWrapper.bindService(ContextWrapper.java:473)
E/ActivityThread(  626): 	at com.android.emailcommon.service.ServiceProxy.setTask(ServiceProxy.java:157)
E/ActivityThread(  626): 	at com.android.emailcommon.service.ServiceProxy.setTask(ServiceProxy.java:145)
E/ActivityThread(  626): 	at com.android.emailcommon.service.AccountServiceProxy.getDeviceId(AccountServiceProxy.java:116)
E/ActivityThread(  626): 	at com.android.exchange.ExchangeService.getDeviceId(ExchangeService.java:1249)
E/ActivityThread(  626): 	at com.android.exchange.ExchangeService$7.run(ExchangeService.java:1856)
E/ActivityThread(  626): 	at com.android.emailcommon.utility.Utility$2.doInBackground(Utility.java:551)
E/ActivityThread(  626): 	at com.android.emailcommon.utility.Utility$2.doInBackground(Utility.java:549)
E/ActivityThread(  626): 	at android.os.AsyncTask$2.call(AsyncTask.java:287)
E/ActivityThread(  626): 	at java.util.concurrent.FutureTask.run(FutureTask.java:234)
E/ActivityThread(  626): 	at java.util.concurrent.ThreadPoolExecutor.runWorker(ThreadPoolExecutor.java:1080)
E/ActivityThread(  626): 	at java.util.concurrent.ThreadPoolExecutor$Worker.run(ThreadPoolExecutor.java:573)
E/ActivityThread(  626): 	at java.lang.Thread.run(Thread.java:856)
D/dalvikvm(  274): GC_CONCURRENT freed 1124K, 50% free 6377K/12616K, paused 7ms+11ms, total 118ms
E/StrictMode(  626): null
E/StrictMode(  626): android.app.ServiceConnectionLeaked: Service com.android.exchange.ExchangeService has leaked ServiceConnection com.android.emailcommon.service.ServiceProxy$ProxyConnection@40d647d8 that was originally bound here
E/StrictMode(  626): 	at android.app.LoadedApk$ServiceDispatcher.<init>(LoadedApk.java:969)
E/StrictMode(  626): 	at android.app.LoadedApk.getServiceDispatcher(LoadedApk.java:863)
E/StrictMode(  626): 	at android.app.ContextImpl.bindService(ContextImpl.java:1418)
E/StrictMode(  626): 	at android.app.ContextImpl.bindService(ContextImpl.java:1407)
E/StrictMode(  626): 	at android.content.ContextWrapper.bindService(ContextWrapper.java:473)
E/StrictMode(  626): 	at com.android.emailcommon.service.ServiceProxy.setTask(ServiceProxy.java:157)
E/StrictMode(  626): 	at com.android.emailcommon.service.ServiceProxy.setTask(ServiceProxy.java:145)
E/StrictMode(  626): 	at com.android.emailcommon.service.AccountServiceProxy.getDeviceId(AccountServiceProxy.java:116)
E/StrictMode(  626): 	at com.android.exchange.ExchangeService.getDeviceId(ExchangeService.java:1249)
E/StrictMode(  626): 	at com.android.exchange.ExchangeService$7.run(ExchangeService.java:1856)
E/StrictMode(  626): 	at com.android.emailcommon.utility.Utility$2.doInBackground(Utility.java:551)
E/StrictMode(  626): 	at com.android.emailcommon.utility.Utility$2.doInBackground(Utility.java:549)
E/StrictMode(  626): 	at android.os.AsyncTask$2.call(AsyncTask.java:287)
E/StrictMode(  626): 	at java.util.concurrent.FutureTask.run(FutureTask.java:234)
E/StrictMode(  626): 	at java.util.concurrent.ThreadPoolExecutor.runWorker(ThreadPoolExecutor.java:1080)
E/StrictMode(  626): 	at java.util.concurrent.ThreadPoolExecutor$Worker.run(ThreadPoolExecutor.java:573)
E/StrictMode(  626): 	at java.lang.Thread.run(Thread.java:856)
W/ActivityManager(  274): Unbind failed: could not find connection for android.os.BinderProxy@41698080
W/Trace   (  274): Unexpected value from nativeGetEnabledTags: 0
W/Trace   (  274): Unexpected value from nativeGetEnabledTags: 0
W/Trace   (  274): Unexpected value from nativeGetEnabledTags: 0
W/Trace   (  383): Unexpected value from nativeGetEnabledTags: 0
W/Trace   (  383): Unexpected value from nativeGetEnabledTags: 0
W/Trace   (  383): Unexpected value from nativeGetEnabledTags: 0
W/Trace   (  383): Unexpected value from nativeGetEnabledTags: 0
W/Trace   (  383): Unexpected value from nativeGetEnabledTags: 0
W/Trace   (  383): Unexpected value from nativeGetEnabledTags: 0
W/Trace   (  383): Unexpected value from nativeGetEnabledTags: 0
W/Trace   (  383): Unexpected value from nativeGetEnabledTags: 0
W/Trace   (  383): Unexpected value from nativeGetEnabledTags: 0
W/Trace   (  274): Unexpected value from nativeGetEnabledTags: 0
W/Trace   (  383): Unexpected value from nativeGetEnabledTags: 0
W/Trace   (  383): Unexpected value from nativeGetEnabledTags: 0
W/Trace   (  383): Unexpected value from nativeGetEnabledTags: 0
W/Trace   (  538): Unexpected value from nativeGetEnabledTags: 0
W/Trace   (  538): Unexpected value from nativeGetEnabledTags: 0
W/Trace   (  669): Unexpected value from nativeGetEnabledTags: 0
W/Trace   (  669): Unexpected value from nativeGetEnabledTags: 0
W/Trace   (  669): Unexpected value from nativeGetEnabledTags: 0
W/Trace   (  669): Unexpected value from nativeGetEnabledTags: 0
W/Trace   (  432): Unexpected value from nativeGetEnabledTags: 0
W/Trace   (  432): Unexpected value from nativeGetEnabledTags: 0
D/ExchangeService(  626): Received deviceId from Email app: null
D/ExchangeService(  626): !!! deviceId unknown; stopping self and retrying
W/Trace   (  626): Unexpected value from nativeGetEnabledTags: 0
W/Trace   (  626): Unexpected value from nativeGetEnabledTags: 0
W/Trace   (  626): Unexpected value from nativeGetEnabledTags: 0
D/ExchangeService(  626): !!! EAS ExchangeService, onStartCommand, startingUp = false, running = false
W/ActivityManager(  274): Unable to start service Intent { act=com.android.email.ACCOUNT_INTENT } U=0: not found
D/ExchangeService(  626): !!! Email application not found; stopping self
W/Trace   (  626): Unexpected value from nativeGetEnabledTags: 0
W/Trace   (  626): Unexpected value from nativeGetEnabledTags: 0
W/ActivityManager(  274): Unable to start service Intent { act=com.android.email.ACCOUNT_INTENT } U=0: not found
W/Trace   (  626): Unexpected value from nativeGetEnabledTags: 0
E/ActivityThread(  626): Service com.android.exchange.ExchangeService has leaked ServiceConnection com.android.emailcommon.service.ServiceProxy$ProxyConnection@40d20f08 that was originally bound here
E/ActivityThread(  626): android.app.ServiceConnectionLeaked: Service com.android.exchange.ExchangeService has leaked ServiceConnection com.android.emailcommon.service.ServiceProxy$ProxyConnection@40d20f08 that was originally bound here
E/ActivityThread(  626): 	at android.app.LoadedApk$ServiceDispatcher.<init>(LoadedApk.java:969)
E/ActivityThread(  626): 	at android.app.LoadedApk.getServiceDispatcher(LoadedApk.java:863)
E/ActivityThread(  626): 	at android.app.ContextImpl.bindService(ContextImpl.java:1418)
E/ActivityThread(  626): 	at android.app.ContextImpl.bindService(ContextImpl.java:1407)
E/ActivityThread(  626): 	at android.content.ContextWrapper.bindService(ContextWrapper.java:473)
E/ActivityThread(  626): 	at com.android.emailcommon.service.ServiceProxy.setTask(ServiceProxy.java:157)
E/ActivityThread(  626): 	at com.android.emailcommon.service.ServiceProxy.setTask(ServiceProxy.java:145)
E/ActivityThread(  626): 	at com.android.emailcommon.service.AccountServiceProxy.getDeviceId(AccountServiceProxy.java:116)
E/ActivityThread(  626): 	at com.android.exchange.ExchangeService.getDeviceId(ExchangeService.java:1249)
E/ActivityThread(  626): 	at com.android.exchange.ExchangeService$7.run(ExchangeService.java:1856)
E/ActivityThread(  626): 	at com.android.emailcommon.utility.Utility$2.doInBackground(Utility.java:551)
E/ActivityThread(  626): 	at com.android.emailcommon.utility.Utility$2.doInBackground(Utility.java:549)
E/ActivityThread(  626): 	at android.os.AsyncTask$2.call(AsyncTask.java:287)
E/ActivityThread(  626): 	at java.util.concurrent.FutureTask.run(FutureTask.java:234)
E/ActivityThread(  626): 	at java.util.concurrent.ThreadPoolExecutor.runWorker(ThreadPoolExecutor.java:1080)
E/ActivityThread(  626): 	at java.util.concurrent.ThreadPoolExecutor$Worker.run(ThreadPoolExecutor.java:573)
E/ActivityThread(  626): 	at java.lang.Thread.run(Thread.java:856)
E/StrictMode(  626): null
E/StrictMode(  626): android.app.ServiceConnectionLeaked: Service com.android.exchange.ExchangeService has leaked ServiceConnection com.android.emailcommon.service.ServiceProxy$ProxyConnection@40d20f08 that was originally bound here
E/StrictMode(  626): 	at android.app.LoadedApk$ServiceDispatcher.<init>(LoadedApk.java:969)
E/StrictMode(  626): 	at android.app.LoadedApk.getServiceDispatcher(LoadedApk.java:863)
E/StrictMode(  626): 	at android.app.ContextImpl.bindService(ContextImpl.java:1418)
E/StrictMode(  626): 	at android.app.ContextImpl.bindService(ContextImpl.java:1407)
E/StrictMode(  626): 	at android.content.ContextWrapper.bindService(ContextWrapper.java:473)
E/StrictMode(  626): 	at com.android.emailcommon.service.ServiceProxy.setTask(ServiceProxy.java:157)
E/StrictMode(  626): 	at com.android.emailcommon.service.ServiceProxy.setTask(ServiceProxy.java:145)
E/StrictMode(  626): 	at com.android.emailcommon.service.AccountServiceProxy.getDeviceId(AccountServiceProxy.java:116)
E/StrictMode(  626): 	at com.android.exchange.ExchangeService.getDeviceId(ExchangeService.java:1249)
E/StrictMode(  626): 	at com.android.exchange.ExchangeService$7.run(ExchangeService.java:1856)
E/StrictMode(  626): 	at com.android.emailcommon.utility.Utility$2.doInBackground(Utility.java:551)
E/StrictMode(  626): 	at com.android.emailcommon.utility.Utility$2.doInBackground(Utility.java:549)
E/StrictMode(  626): 	at android.os.AsyncTask$2.call(AsyncTask.java:287)
E/StrictMode(  626): 	at java.util.concurrent.FutureTask.run(FutureTask.java:234)
E/StrictMode(  626): 	at java.util.concurrent.ThreadPoolExecutor.runWorker(ThreadPoolExecutor.java:1080)
E/StrictMode(  626): 	at java.util.concurrent.ThreadPoolExecutor$Worker.run(ThreadPoolExecutor.java:573)
E/StrictMode(  626): 	at java.lang.Thread.run(Thread.java:856)
W/ActivityManager(  274): Unbind failed: could not find connection for android.os.BinderProxy@4120ebb8
E/ActivityThread(  626): Service com.android.exchange.ExchangeService has leaked ServiceConnection com.android.emailcommon.service.ServiceProxy$ProxyConnection@40d64f08 that was originally bound here
E/ActivityThread(  626): android.app.ServiceConnectionLeaked: Service com.android.exchange.ExchangeService has leaked ServiceConnection com.android.emailcommon.service.ServiceProxy$ProxyConnection@40d64f08 that was originally bound here
E/ActivityThread(  626): 	at android.app.LoadedApk$ServiceDispatcher.<init>(LoadedApk.java:969)
E/ActivityThread(  626): 	at android.app.LoadedApk.getServiceDispatcher(LoadedApk.java:863)
E/ActivityThread(  626): 	at android.app.ContextImpl.bindService(ContextImpl.java:1418)
E/ActivityThread(  626): 	at android.app.ContextImpl.bindService(ContextImpl.java:1407)
E/ActivityThread(  626): 	at android.content.ContextWrapper.bindService(ContextWrapper.java:473)
E/ActivityThread(  626): 	at com.android.emailcommon.service.ServiceProxy.setTask(ServiceProxy.java:157)
E/ActivityThread(  626): 	at com.android.emailcommon.service.ServiceProxy.setTask(ServiceProxy.java:145)
E/ActivityThread(  626): 	at com.android.emailcommon.service.ServiceProxy.test(ServiceProxy.java:191)
E/ActivityThread(  626): 	at com.android.exchange.ExchangeService$7.run(ExchangeService.java:1850)
E/ActivityThread(  626): 	at com.android.emailcommon.utility.Utility$2.doInBackground(Utility.java:551)
E/ActivityThread(  626): 	at com.android.emailcommon.utility.Utility$2.doInBackground(Utility.java:549)
E/ActivityThread(  626): 	at android.os.AsyncTask$2.call(AsyncTask.java:287)
E/ActivityThread(  626): 	at java.util.concurrent.FutureTask.run(FutureTask.java:234)
E/ActivityThread(  626): 	at java.util.concurrent.ThreadPoolExecutor.runWorker(ThreadPoolExecutor.java:1080)
E/ActivityThread(  626): 	at java.util.concurrent.ThreadPoolExecutor$Worker.run(ThreadPoolExecutor.java:573)
E/ActivityThread(  626): 	at java.lang.Thread.run(Thread.java:856)
E/StrictMode(  626): null
E/StrictMode(  626): android.app.ServiceConnectionLeaked: Service com.android.exchange.ExchangeService has leaked ServiceConnection com.android.emailcommon.service.ServiceProxy$ProxyConnection@40d64f08 that was originally bound here
E/StrictMode(  626): 	at android.app.LoadedApk$ServiceDispatcher.<init>(LoadedApk.java:969)
E/StrictMode(  626): 	at android.app.LoadedApk.getServiceDispatcher(LoadedApk.java:863)
E/StrictMode(  626): 	at android.app.ContextImpl.bindService(ContextImpl.java:1418)
E/StrictMode(  626): 	at android.app.ContextImpl.bindService(ContextImpl.java:1407)
E/StrictMode(  626): 	at android.content.ContextWrapper.bindService(ContextWrapper.java:473)
E/StrictMode(  626): 	at com.android.emailcommon.service.ServiceProxy.setTask(ServiceProxy.java:157)
E/StrictMode(  626): 	at com.android.emailcommon.service.ServiceProxy.setTask(ServiceProxy.java:145)
E/StrictMode(  626): 	at com.android.emailcommon.service.ServiceProxy.test(ServiceProxy.java:191)
E/StrictMode(  626): 	at com.android.exchange.ExchangeService$7.run(ExchangeService.java:1850)
E/StrictMode(  626): 	at com.android.emailcommon.utility.Utility$2.doInBackground(Utility.java:551)
E/StrictMode(  626): 	at com.android.emailcommon.utility.Utility$2.doInBackground(Utility.java:549)
E/StrictMode(  626): 	at android.os.AsyncTask$2.call(AsyncTask.java:287)
E/StrictMode(  626): 	at java.util.concurrent.FutureTask.run(FutureTask.java:234)
E/StrictMode(  626): 	at java.util.concurrent.ThreadPoolExecutor.runWorker(ThreadPoolExecutor.java:1080)
E/StrictMode(  626): 	at java.util.concurrent.ThreadPoolExecutor$Worker.run(ThreadPoolExecutor.java:573)
E/StrictMode(  626): 	at java.lang.Thread.run(Thread.java:856)
W/ActivityManager(  274): Unbind failed: could not find connection for android.os.BinderProxy@4121a048
W/Trace   (  274): Unexpected value from nativeGetEnabledTags: 0
W/Trace   (  274): Unexpected value from nativeGetEnabledTags: 0
W/Trace   (  274): Unexpected value from nativeGetEnabledTags: 0
W/Trace   (  383): Unexpected value from nativeGetEnabledTags: 0
W/Trace   (  383): Unexpected value from nativeGetEnabledTags: 0
W/Trace   (  274): Unexpected value from nativeGetEnabledTags: 0
W/Trace   (  383): Unexpected value from nativeGetEnabledTags: 0
W/Trace   (  383): Unexpected value from nativeGetEnabledTags: 0
W/Trace   (  383): Unexpected value from nativeGetEnabledTags: 0
W/Trace   (  383): Unexpected value from nativeGetEnabledTags: 0
W/Trace   (  383): Unexpected value from nativeGetEnabledTags: 0
W/Trace   (  383): Unexpected value from nativeGetEnabledTags: 0
W/Trace   (  383): Unexpected value from nativeGetEnabledTags: 0
W/Trace   (  383): Unexpected value from nativeGetEnabledTags: 0
W/Trace   (  383): Unexpected value from nativeGetEnabledTags: 0
W/Trace   (  383): Unexpected value from nativeGetEnabledTags: 0
W/Trace   (  538): Unexpected value from nativeGetEnabledTags: 0
W/Trace   (  538): Unexpected value from nativeGetEnabledTags: 0
W/Trace   (  669): Unexpected value from nativeGetEnabledTags: 0
W/Trace   (  669): Unexpected value from nativeGetEnabledTags: 0
W/Trace   (  669): Unexpected value from nativeGetEnabledTags: 0
W/Trace   (  669): Unexpected value from nativeGetEnabledTags: 0
W/Trace   (  432): Unexpected value from nativeGetEnabledTags: 0
W/Trace   (  432): Unexpected value from nativeGetEnabledTags: 0
D/ExchangeService(  626): Received deviceId from Email app: null
D/ExchangeService(  626): !!! deviceId unknown; stopping self and retrying
W/Trace   (  626): Unexpected value from nativeGetEnabledTags: 0
W/Trace   (  626): Unexpected value from nativeGetEnabledTags: 0
W/Trace   (  626): Unexpected value from nativeGetEnabledTags: 0
D/ExchangeService(  626): !!! EAS ExchangeService, onStartCommand, startingUp = false, running = false
W/ActivityManager(  274): Unable to start service Intent { act=com.android.email.ACCOUNT_INTENT } U=0: not found
D/ExchangeService(  626): !!! Email application not found; stopping self
W/ActivityManager(  274): Unable to start service Intent { act=com.android.email.ACCOUNT_INTENT } U=0: not found
W/Trace   (  626): Unexpected value from nativeGetEnabledTags: 0
W/Trace   (  626): Unexpected value from nativeGetEnabledTags: 0
W/Trace   (  626): Unexpected value from nativeGetEnabledTags: 0
E/ActivityThread(  626): Service com.android.exchange.ExchangeService has leaked ServiceConnection com.android.emailcommon.service.ServiceProxy$ProxyConnection@40d52960 that was originally bound here
E/ActivityThread(  626): android.app.ServiceConnectionLeaked: Service com.android.exchange.ExchangeService has leaked ServiceConnection com.android.emailcommon.service.ServiceProxy$ProxyConnection@40d52960 that was originally bound here
E/ActivityThread(  626): 	at android.app.LoadedApk$ServiceDispatcher.<init>(LoadedApk.java:969)
E/ActivityThread(  626): 	at android.app.LoadedApk.getServiceDispatcher(LoadedApk.java:863)
E/ActivityThread(  626): 	at android.app.ContextImpl.bindService(ContextImpl.java:1418)
E/ActivityThread(  626): 	at android.app.ContextImpl.bindService(ContextImpl.java:1407)
E/ActivityThread(  626): 	at android.content.ContextWrapper.bindService(ContextWrapper.java:473)
E/ActivityThread(  626): 	at com.android.emailcommon.service.ServiceProxy.setTask(ServiceProxy.java:157)
E/ActivityThread(  626): 	at com.android.emailcommon.service.ServiceProxy.setTask(ServiceProxy.java:145)
E/ActivityThread(  626): 	at com.android.emailcommon.service.ServiceProxy.test(ServiceProxy.java:191)
E/ActivityThread(  626): 	at com.android.exchange.ExchangeService$7.run(ExchangeService.java:1850)
E/ActivityThread(  626): 	at com.android.emailcommon.utility.Utility$2.doInBackground(Utility.java:551)
E/ActivityThread(  626): 	at com.android.emailcommon.utility.Utility$2.doInBackground(Utility.java:549)
E/ActivityThread(  626): 	at android.os.AsyncTask$2.call(AsyncTask.java:287)
E/ActivityThread(  626): 	at java.util.concurrent.FutureTask.run(FutureTask.java:234)
E/ActivityThread(  626): 	at java.util.concurrent.ThreadPoolExecutor.runWorker(ThreadPoolExecutor.java:1080)
E/ActivityThread(  626): 	at java.util.concurrent.ThreadPoolExecutor$Worker.run(ThreadPoolExecutor.java:573)
E/ActivityThread(  626): 	at java.lang.Thread.run(Thread.java:856)
E/StrictMode(  626): null
E/StrictMode(  626): android.app.ServiceConnectionLeaked: Service com.android.exchange.ExchangeService has leaked ServiceConnection com.android.emailcommon.service.ServiceProxy$ProxyConnection@40d52960 that was originally bound here
E/StrictMode(  626): 	at android.app.LoadedApk$ServiceDispatcher.<init>(LoadedApk.java:969)
E/StrictMode(  626): 	at android.app.LoadedApk.getServiceDispatcher(LoadedApk.java:863)
E/StrictMode(  626): 	at android.app.ContextImpl.bindService(ContextImpl.java:1418)
E/StrictMode(  626): 	at android.app.ContextImpl.bindService(ContextImpl.java:1407)
E/StrictMode(  626): 	at android.content.ContextWrapper.bindService(ContextWrapper.java:473)
E/StrictMode(  626): 	at com.android.emailcommon.service.ServiceProxy.setTask(ServiceProxy.java:157)
E/StrictMode(  626): 	at com.android.emailcommon.service.ServiceProxy.setTask(ServiceProxy.java:145)
E/StrictMode(  626): 	at com.android.emailcommon.service.ServiceProxy.test(ServiceProxy.java:191)
E/StrictMode(  626): 	at com.android.exchange.ExchangeService$7.run(ExchangeService.java:1850)
E/StrictMode(  626): 	at com.android.emailcommon.utility.Utility$2.doInBackground(Utility.java:551)
E/StrictMode(  626): 	at com.android.emailcommon.utility.Utility$2.doInBackground(Utility.java:549)
E/StrictMode(  626): 	at android.os.AsyncTask$2.call(AsyncTask.java:287)
E/StrictMode(  626): 	at java.util.concurrent.FutureTask.run(FutureTask.java:234)
E/StrictMode(  626): 	at java.util.concurrent.ThreadPoolExecutor.runWorker(ThreadPoolExecutor.java:1080)
E/StrictMode(  626): 	at java.util.concurrent.ThreadPoolExecutor$Worker.run(ThreadPoolExecutor.java:573)
E/StrictMode(  626): 	at java.lang.Thread.run(Thread.java:856)
W/ActivityManager(  274): Unbind failed: could not find connection for android.os.BinderProxy@41144c50
E/ActivityThread(  626): Service com.android.exchange.ExchangeService has leaked ServiceConnection com.android.emailcommon.service.ServiceProxy$ProxyConnection@40d5ade0 that was originally bound here
E/ActivityThread(  626): android.app.ServiceConnectionLeaked: Service com.android.exchange.ExchangeService has leaked ServiceConnection com.android.emailcommon.service.ServiceProxy$ProxyConnection@40d5ade0 that was originally bound here
E/ActivityThread(  626): 	at android.app.LoadedApk$ServiceDispatcher.<init>(LoadedApk.java:969)
E/ActivityThread(  626): 	at android.app.LoadedApk.getServiceDispatcher(LoadedApk.java:863)
E/ActivityThread(  626): 	at android.app.ContextImpl.bindService(ContextImpl.java:1418)
E/ActivityThread(  626): 	at android.app.ContextImpl.bindService(ContextImpl.java:1407)
E/ActivityThread(  626): 	at android.content.ContextWrapper.bindService(ContextWrapper.java:473)
E/ActivityThread(  626): 	at com.android.emailcommon.service.ServiceProxy.setTask(ServiceProxy.java:157)
E/ActivityThread(  626): 	at com.android.emailcommon.service.ServiceProxy.setTask(ServiceProxy.java:145)
E/ActivityThread(  626): 	at com.android.emailcommon.service.AccountServiceProxy.getDeviceId(AccountServiceProxy.java:116)
E/ActivityThread(  626): 	at com.android.exchange.ExchangeService.getDeviceId(ExchangeService.java:1249)
E/ActivityThread(  626): 	at com.android.exchange.ExchangeService$7.run(ExchangeService.java:1856)
E/ActivityThread(  626): 	at com.android.emailcommon.utility.Utility$2.doInBackground(Utility.java:551)
E/ActivityThread(  626): 	at com.android.emailcommon.utility.Utility$2.doInBackground(Utility.java:549)
E/ActivityThread(  626): 	at android.os.AsyncTask$2.call(AsyncTask.java:287)
E/ActivityThread(  626): 	at java.util.concurrent.FutureTask.run(FutureTask.java:234)
E/ActivityThread(  626): 	at java.util.concurrent.ThreadPoolExecutor.runWorker(ThreadPoolExecutor.java:1080)
E/ActivityThread(  626): 	at java.util.concurrent.ThreadPoolExecutor$Worker.run(ThreadPoolExecutor.java:573)
E/ActivityThread(  626): 	at java.lang.Thread.run(Thread.java:856)
E/StrictMode(  626): null
E/StrictMode(  626): android.app.ServiceConnectionLeaked: Service com.android.exchange.ExchangeService has leaked ServiceConnection com.android.emailcommon.service.ServiceProxy$ProxyConnection@40d5ade0 that was originally bound here
E/StrictMode(  626): 	at android.app.LoadedApk$ServiceDispatcher.<init>(LoadedApk.java:969)
E/StrictMode(  626): 	at android.app.LoadedApk.getServiceDispatcher(LoadedApk.java:863)
E/StrictMode(  626): 	at android.app.ContextImpl.bindService(ContextImpl.java:1418)
E/StrictMode(  626): 	at android.app.ContextImpl.bindService(ContextImpl.java:1407)
E/StrictMode(  626): 	at android.content.ContextWrapper.bindService(ContextWrapper.java:473)
E/StrictMode(  626): 	at com.android.emailcommon.service.ServiceProxy.setTask(ServiceProxy.java:157)
E/StrictMode(  626): 	at com.android.emailcommon.service.ServiceProxy.setTask(ServiceProxy.java:145)
E/StrictMode(  626): 	at com.android.emailcommon.service.AccountServiceProxy.getDeviceId(AccountServiceProxy.java:116)
E/StrictMode(  626): 	at com.android.exchange.ExchangeService.getDeviceId(ExchangeService.java:1249)
